Archive member included to satisfy reference by file (symbol)

D:/app/VSCode/data/STM32CubeCLT_1.22.0/GNU-tools-for-STM32/bin/../lib/gcc/arm-none-eabi/14.3.1/thumb/v7e-m+fp/hard\libgcc.a(_arm_muldf3.o)
                              CMakeFiles/galvanometer.elf.dir/GUI/ui_consumption.c.obj (__aeabi_dmul)
D:/app/VSCode/data/STM32CubeCLT_1.22.0/GNU-tools-for-STM32/bin/../lib/gcc/arm-none-eabi/14.3.1/thumb/v7e-m+fp/hard\libgcc.a(_arm_addsubdf3.o)
                              CMakeFiles/galvanometer.elf.dir/GUI/ui_consumption.c.obj (__aeabi_dsub)
D:/app/VSCode/data/STM32CubeCLT_1.22.0/GNU-tools-for-STM32/bin/../lib/gcc/arm-none-eabi/14.3.1/thumb/v7e-m+fp/hard\libgcc.a(_arm_muldivdf3.o)
                              CMakeFiles/galvanometer.elf.dir/app/power_sample.c.obj (__aeabi_ddiv)
D:/app/VSCode/data/STM32CubeCLT_1.22.0/GNU-tools-for-STM32/bin/../lib/gcc/arm-none-eabi/14.3.1/thumb/v7e-m+fp/hard\libgcc.a(_arm_fixunsdfsi.o)
                              CMakeFiles/galvanometer.elf.dir/GUI/ui_consumption.c.obj (__aeabi_d2uiz)
D:/app/VSCode/data/STM32CubeCLT_1.22.0/GNU-tools-for-STM32/bin/../lib/gcc/arm-none-eabi/14.3.1/thumb/v7e-m+fp/hard\libgcc.a(_aeabi_ldivmod.o)
                              CMakeFiles/galvanometer.elf.dir/app/power_sample.c.obj (__aeabi_ldivmod)
D:/app/VSCode/data/STM32CubeCLT_1.22.0/GNU-tools-for-STM32/bin/../lib/gcc/arm-none-eabi/14.3.1/thumb/v7e-m+fp/hard\libgcc.a(_aeabi_uldivmod.o)
                              CMakeFiles/galvanometer.elf.dir/bsp/delay.c.obj (__aeabi_uldivmod)
D:/app/VSCode/data/STM32CubeCLT_1.22.0/GNU-tools-for-STM32/bin/../lib/gcc/arm-none-eabi/14.3.1/thumb/v7e-m+fp/hard\libgcc.a(_udivmoddi4.o)
                              D:/app/VSCode/data/STM32CubeCLT_1.22.0/GNU-tools-for-STM32/bin/../lib/gcc/arm-none-eabi/14.3.1/thumb/v7e-m+fp/hard\libgcc.a(_aeabi_ldivmod.o) (__udivmoddi4)
D:/app/VSCode/data/STM32CubeCLT_1.22.0/GNU-tools-for-STM32/bin/../lib/gcc/arm-none-eabi/14.3.1/thumb/v7e-m+fp/hard\libgcc.a(_dvmd_tls.o)
                              D:/app/VSCode/data/STM32CubeCLT_1.22.0/GNU-tools-for-STM32/bin/../lib/gcc/arm-none-eabi/14.3.1/thumb/v7e-m+fp/hard\libgcc.a(_aeabi_ldivmod.o) (__aeabi_ldiv0)
D:/app/VSCode/data/STM32CubeCLT_1.22.0/GNU-tools-for-STM32/bin/../lib/gcc/arm-none-eabi/14.3.1/../../../../arm-none-eabi/lib/thumb/v7e-m+fp/hard\libg_nano.a(libc_a-exit.o)
                              D:/app/VSCode/data/STM32CubeCLT_1.22.0/GNU-tools-for-STM32/bin/../lib/gcc/arm-none-eabi/14.3.1/../../../../arm-none-eabi/lib/thumb/v7e-m+fp/hard/crt0.o (exit)
D:/app/VSCode/data/STM32CubeCLT_1.22.0/GNU-tools-for-STM32/bin/../lib/gcc/arm-none-eabi/14.3.1/../../../../arm-none-eabi/lib/thumb/v7e-m+fp/hard\libg_nano.a(libc_a-findfp.o)
                              D:/app/VSCode/data/STM32CubeCLT_1.22.0/GNU-tools-for-STM32/bin/../lib/gcc/arm-none-eabi/14.3.1/../../../../arm-none-eabi/lib/thumb/v7e-m+fp/hard\libg_nano.a(libc_a-exit.o) (__stdio_exit_handler)
D:/app/VSCode/data/STM32CubeCLT_1.22.0/GNU-tools-for-STM32/bin/../lib/gcc/arm-none-eabi/14.3.1/../../../../arm-none-eabi/lib/thumb/v7e-m+fp/hard\libg_nano.a(libc_a-fwalk.o)
                              D:/app/VSCode/data/STM32CubeCLT_1.22.0/GNU-tools-for-STM32/bin/../lib/gcc/arm-none-eabi/14.3.1/../../../../arm-none-eabi/lib/thumb/v7e-m+fp/hard\libg_nano.a(libc_a-findfp.o) (_fwalk_sglue)
D:/app/VSCode/data/STM32CubeCLT_1.22.0/GNU-tools-for-STM32/bin/../lib/gcc/arm-none-eabi/14.3.1/../../../../arm-none-eabi/lib/thumb/v7e-m+fp/hard\libg_nano.a(libc_a-snprintf.o)
                              CMakeFiles/galvanometer.elf.dir/app/log_store.c.obj (snprintf)
D:/app/VSCode/data/STM32CubeCLT_1.22.0/GNU-tools-for-STM32/bin/../lib/gcc/arm-none-eabi/14.3.1/../../../../arm-none-eabi/lib/thumb/v7e-m+fp/hard\libg_nano.a(libc_a-stdio.o)
                              D:/app/VSCode/data/STM32CubeCLT_1.22.0/GNU-tools-for-STM32/bin/../lib/gcc/arm-none-eabi/14.3.1/../../../../arm-none-eabi/lib/thumb/v7e-m+fp/hard\libg_nano.a(libc_a-findfp.o) (__sread)
D:/app/VSCode/data/STM32CubeCLT_1.22.0/GNU-tools-for-STM32/bin/../lib/gcc/arm-none-eabi/14.3.1/../../../../arm-none-eabi/lib/thumb/v7e-m+fp/hard\libg_nano.a(libc_a-vsnprintf.o)
                              CMakeFiles/galvanometer.elf.dir/cdc/cdc.c.obj (vsnprintf)
D:/app/VSCode/data/STM32CubeCLT_1.22.0/GNU-tools-for-STM32/bin/../lib/gcc/arm-none-eabi/14.3.1/../../../../arm-none-eabi/lib/thumb/v7e-m+fp/hard\libg_nano.a(libc_a-memcmp.o)
                              CMakeFiles/galvanometer.elf.dir/LVGL/src/font/lv_font_loader.c.obj (memcmp)
D:/app/VSCode/data/STM32CubeCLT_1.22.0/GNU-tools-for-STM32/bin/../lib/gcc/arm-none-eabi/14.3.1/../../../../arm-none-eabi/lib/thumb/v7e-m+fp/hard\libg_nano.a(libc_a-memmove.o)
                              CMakeFiles/galvanometer.elf.dir/LVGL/src/extra/libs/qrcode/qrcodegen.c.obj (memmove)
D:/app/VSCode/data/STM32CubeCLT_1.22.0/GNU-tools-for-STM32/bin/../lib/gcc/arm-none-eabi/14.3.1/../../../../arm-none-eabi/lib/thumb/v7e-m+fp/hard\libg_nano.a(libc_a-memset.o)
[...]
Memory Configuration

Name             Origin             Length             Attributes
FLASH            0x08000000         0x00080000         xr
RAM              0x20000000         0x00018000         xrw
*default*        0x00000000         0xffffffff

Linker script and memory map

LOAD D:/app/VSCode/data/STM32CubeCLT_1.22.0/GNU-tools-for-STM32/bin/../lib/gcc/arm-none-eabi/14.3.1/thumb/v7e-m+fp/hard/crti.o
LOAD D:/app/VSCode/data/STM32CubeCLT_1.22.0/GNU-tools-for-STM32/bin/../lib/gcc/arm-none-eabi/14.3.1/thumb/v7e-m+fp/hard/crtbegin.o
LOAD D:/app/VSCode/data/STM32CubeCLT_1.22.0/GNU-tools-for-STM32/bin/../lib/gcc/arm-none-eabi/14.3.1/../../../../arm-none-eabi/lib/thumb/v7e-m+fp/hard/crt0.o
LOAD CMakeFiles/galvanometer.elf.dir/core/dma.c.obj
LOAD CMakeFiles/galvanometer.elf.dir/core/flash.c.obj
LOAD CMakeFiles/galvanometer.elf.dir/core/freertos.c.obj
LOAD CMakeFiles/galvanometer.elf.dir/core/gd32f30x_it.c.obj
LOAD CMakeFiles/galvanometer.elf.dir/core/gpio.c.obj
LOAD CMakeFiles/galvanometer.elf.dir/core/i2c.c.obj
LOAD CMakeFiles/galvanometer.elf.dir/core/main.c.obj
LOAD CMakeFiles/galvanometer.elf.dir/core/spi.c.obj
LOAD CMakeFiles/galvanometer.elf.dir/bsp/delay.c.obj
LOAD CMakeFiles/galvanometer.elf.dir/bsp/ina226.c.obj
LOAD CMakeFiles/galvanometer.elf.dir/bsp/key.c.obj
LOAD CMakeFiles/galvanometer.elf.dir/bsp/lcd.c.obj
LOAD CMakeFiles/galvanometer.elf.dir/midfunc/hwdataaccess.c.obj
LOAD CMakeFiles/galvanometer.elf.dir/midfunc/page_manager.c.obj
LOAD CMakeFiles/galvanometer.elf.dir/cdc/cdc.c.obj
LOAD CMakeFiles/galvanometer.elf.dir/cdc/cdc_acm_core.c.obj
LOAD CMakeFiles/galvanometer.elf.dir/cdc/gd32f30x_usbd_hw.c.obj
LOAD CMakeFiles/galvanometer.elf.dir/cdc/usbd_core.c.obj
LOAD CMakeFiles/galvanometer.elf.dir/cdc/usbd_enum.c.obj
LOAD CMakeFiles/galvanometer.elf.dir/cdc/usbd_transc.c.obj
LOAD CMakeFiles/galvanometer.elf.dir/cdc/usbd_pwr.c.obj
LOAD CMakeFiles/galvanometer.elf.dir/cdc/usbd_lld_core.c.obj
LOAD CMakeFiles/galvanometer.elf.dir/cdc/usbd_lld_int.c.obj
LOAD CMakeFiles/galvanometer.elf.dir/app/event_detect.c.obj
LOAD CMakeFiles/galvanometer.elf.dir/app/log_store.c.obj
LOAD CMakeFiles/galvanometer.elf.dir/app/power_sample.c.obj
LOAD CMakeFiles/galvanometer.elf.dir/app/waveform_draw.c.obj
LOAD CMakeFiles/galvanometer.elf.dir/GUI/ui_current.c.obj
LOAD CMakeFiles/galvanometer.elf.dir/GUI/ui_consumption.c.obj
LOAD CMakeFiles/galvanometer.elf.dir/CMSIS/startup_gd32f30x_xd.S.obj
LOAD CMakeFiles/galvanometer.elf.dir/CMSIS/system_gd32f30x.c.obj
LOAD CMakeFiles/galvanometer.elf.dir/GD32F30x_Driver/src/syscalls.c.obj
LOAD CMakeFiles/galvanometer.elf.dir/GD32F30x_Driver/src/gd32f30x_rcu.c.obj
LOAD CMakeFiles/galvanometer.elf.dir/GD32F30x_Driver/src/gd32f30x_gpio.c.obj
LOAD CMakeFiles/galvanometer.elf.dir/GD32F30x_Driver/src/gd32f30x_exti.c.obj
LOAD CMakeFiles/galvanometer.elf.dir/GD32F30x_Driver/src/gd32f30x_spi.c.obj
LOAD CMakeFiles/galvanometer.elf.dir/GD32F30x_Driver/src/gd32f30x_i2c.c.obj
LOAD CMakeFiles/galvanometer.elf.dir/GD32F30x_Driver/src/gd32f30x_timer.c.obj
LOAD CMakeFiles/galvanometer.elf.dir/GD32F30x_Driver/src/gd32f30x_misc.c.obj
LOAD CMakeFiles/galvanometer.elf.dir/GD32F30x_Driver/src/gd32f30x_pmu.c.obj
LOAD CMakeFiles/galvanometer.elf.dir/GD32F30x_Driver/src/gd32f30x_dma.c.obj
LOAD CMakeFiles/galvanometer.elf.dir/LVGL/src/core/lv_disp.c.obj
LOAD CMakeFiles/galvanometer.elf.dir/LVGL/src/core/lv_event.c.obj
LOAD CMakeFiles/galvanometer.elf.dir/LVGL/src/core/lv_group.c.obj
LOAD CMakeFiles/galvanometer.elf.dir/LVGL/src/core/lv_indev.c.obj
LOAD CMakeFiles/galvanometer.elf.dir/LVGL/src/core/lv_indev_scroll.c.obj
LOAD CMakeFiles/galvanometer.elf.dir/LVGL/src/core/lv_obj.c.obj
LOAD CMakeFiles/galvanometer.elf.dir/LVGL/src/core/lv_obj_class.c.obj
LOAD CMakeFiles/galvanometer.elf.dir/LVGL/src/core/lv_obj_draw.c.obj
LOAD CMakeFiles/galvanometer.elf.dir/LVGL/src/core/lv_obj_pos.c.obj
LOAD CMakeFiles/galvanometer.elf.dir/LVGL/src/core/lv_obj_scroll.c.obj
LOAD CMakeFiles/galvanometer.elf.dir/LVGL/src/core/lv_obj_style.c.obj
LOAD CMakeFiles/galvanometer.elf.dir/LVGL/src/core/lv_obj_style_gen.c.obj
LOAD CMakeFiles/galvanometer.elf.dir/LVGL/src/core/lv_obj_tree.c.obj
LOAD CMakeFiles/galvanometer.elf.dir/LVGL/src/core/lv_refr.c.obj
LOAD CMakeFiles/galvanometer.elf.dir/LVGL/src/core/lv_theme.c.obj
LOAD CMakeFiles/galvanometer.elf.dir/LVGL/src/draw/arm2d/lv_gpu_arm2d.c.obj
LOAD CMakeFiles/galvanometer.elf.dir/LVGL/src/draw/lv_draw.c.obj
LOAD CMakeFiles/galvanometer.elf.dir/LVGL/src/draw/lv_draw_arc.c.obj
LOAD CMakeFiles/galvanometer.elf.dir/LVGL/src/draw/lv_draw_img.c.obj
LOAD CMakeFiles/galvanometer.elf.dir/LVGL/src/draw/lv_draw_label.c.obj
LOAD CMakeFiles/galvanometer.elf.dir/LVGL/src/draw/lv_draw_layer.c.obj
LOAD CMakeFiles/galvanometer.elf.dir/LVGL/src/draw/lv_draw_line.c.obj
LOAD CMakeFiles/galvanometer.elf.dir/LVGL/src/draw/lv_draw_mask.c.obj
LOAD CMakeFiles/galvanometer.elf.dir/LVGL/src/draw/lv_draw_rect.c.obj
LOAD CMakeFiles/galvanometer.elf.dir/LVGL/src/draw/lv_draw_transform.c.obj
LOAD CMakeFiles/galvanometer.elf.dir/LVGL/src/draw/lv_draw_triangle.c.obj
LOAD CMakeFiles/galvanometer.elf.dir/LVGL/src/draw/lv_img_buf.c.obj
LOAD CMakeFiles/galvanometer.elf.dir/LVGL/src/draw/lv_img_cache.c.obj
LOAD CMakeFiles/galvanometer.elf.dir/LVGL/src/draw/lv_img_decoder.c.obj
LOAD CMakeFiles/galvanometer.elf.dir/LVGL/src/draw/nxp/pxp/lv_draw_pxp.c.obj
LOAD CMakeFiles/galvanometer.elf.dir/LVGL/src/draw/nxp/pxp/lv_draw_pxp_blend.c.obj
LOAD CMakeFiles/galvanometer.elf.dir/LVGL/src/draw/nxp/pxp/lv_gpu_nxp_pxp.c.obj
LOAD CMakeFiles/galvanometer.elf.dir/LVGL/src/draw/nxp/pxp/lv_gpu_nxp_pxp_osa.c.obj
LOAD CMakeFiles/galvanometer.elf.dir/LVGL/src/draw/nxp/vglite/lv_draw_vglite.c.obj
LOAD CMakeFiles/galvanometer.elf.dir/LVGL/src/draw/nxp/vglite/lv_draw_vglite_arc.c.obj
LOAD CMakeFiles/galvanometer.elf.dir/LVGL/src/draw/nxp/vglite/lv_draw_vglite_blend.c.obj
LOAD CMakeFiles/galvanometer.elf.dir/LVGL/src/draw/nxp/vglite/lv_draw_vglite_line.c.obj
LOAD CMakeFiles/galvanometer.elf.dir/LVGL/src/draw/nxp/vglite/lv_draw_vglite_rect.c.obj
LOAD CMakeFiles/galvanometer.elf.dir/LVGL/src/draw/nxp/vglite/lv_vglite_buf.c.obj
LOAD CMakeFiles/galvanometer.elf.dir/LVGL/src/draw/nxp/vglite/lv_vglite_utils.c.obj
LOAD CMakeFiles/galvanometer.elf.dir/LVGL/src/draw/renesas/lv_gpu_d2_draw_label.c.obj
LOAD CMakeFiles/galvanometer.elf.dir/LVGL/src/draw/renesas/lv_gpu_d2_ra6m3.c.obj
LOAD CMakeFiles/galvanometer.elf.dir/LVGL/src/draw/sdl/lv_draw_sdl.c.obj
LOAD CMakeFiles/galvanometer.elf.dir/LVGL/src/draw/sdl/lv_draw_sdl_arc.c.obj
LOAD CMakeFiles/galvanometer.elf.dir/LVGL/src/draw/sdl/lv_draw_sdl_bg.c.obj
LOAD CMakeFiles/galvanometer.elf.dir/LVGL/src/draw/sdl/lv_draw_sdl_composite.c.obj
LOAD CMakeFiles/galvanometer.elf.dir/LVGL/src/draw/sdl/lv_draw_sdl_img.c.obj
LOAD CMakeFiles/galvanometer.elf.dir/LVGL/src/draw/sdl/lv_draw_sdl_label.c.obj
LOAD CMakeFiles/galvanometer.elf.dir/LVGL/src/draw/sdl/lv_draw_sdl_layer.c.obj
LOAD CMakeFiles/galvanometer.elf.dir/LVGL/src/draw/sdl/lv_draw_sdl_line.c.obj
LOAD CMakeFiles/galvanometer.elf.dir/LVGL/src/draw/sdl/lv_draw_sdl_mask.c.obj
LOAD CMakeFiles/galvanometer.elf.dir/LVGL/src/draw/sdl/lv_draw_sdl_polygon.c.obj
LOAD CMakeFiles/galvanometer.elf.dir/LVGL/src/draw/sdl/lv_draw_sdl_rect.c.obj
LOAD CMakeFiles/galvanometer.elf.dir/LVGL/src/draw/sdl/lv_draw_sdl_stack_blur.c.obj
LOAD CMakeFiles/galvanometer.elf.dir/LVGL/src/draw/sdl/lv_draw_sdl_texture_cache.c.obj
LOAD CMakeFiles/galvanometer.elf.dir/LVGL/src/draw/sdl/lv_draw_sdl_utils.c.obj
LOAD CMakeFiles/galvanometer.elf.dir/LVGL/src/draw/stm32_dma2d/lv_gpu_stm32_dma2d.c.obj
LOAD CMakeFiles/galvanometer.elf.dir/LVGL/src/draw/sw/lv_draw_sw.c.obj
LOAD CMakeFiles/galvanometer.elf.dir/LVGL/src/draw/sw/lv_draw_sw_arc.c.obj
LOAD CMakeFiles/galvanometer.elf.dir/LVGL/src/draw/sw/lv_draw_sw_blend.c.obj
LOAD CMakeFiles/galvanometer.elf.dir/LVGL/src/draw/sw/lv_draw_sw_dither.c.obj
LOAD CMakeFiles/galvanometer.elf.dir/LVGL/src/draw/sw/lv_draw_sw_gradient.c.obj
LOAD CMakeFiles/galvanometer.elf.dir/LVGL/src/draw/sw/lv_draw_sw_img.c.obj
LOAD CMakeFiles/galvanometer.elf.dir/LVGL/src/draw/sw/lv_draw_sw_layer.c.obj
LOAD CMakeFiles/galvanometer.elf.dir/LVGL/src/draw/sw/lv_draw_sw_letter.c.obj
LOAD CMakeFiles/galvanometer.elf.dir/LVGL/src/draw/sw/lv_draw_sw_line.c.obj
LOAD CMakeFiles/galvanometer.elf.dir/LVGL/src/draw/sw/lv_draw_sw_polygon.c.obj
LOAD CMakeFiles/galvanometer.elf.dir/LVGL/src/draw/sw/lv_draw_sw_rect.c.obj
LOAD CMakeFiles/galvanometer.elf.dir/LVGL/src/draw/sw/lv_draw_sw_transform.c.obj
LOAD CMakeFiles/galvanometer.elf.dir/LVGL/src/draw/swm341_dma2d/lv_gpu_swm341_dma2d.c.obj
LOAD CMakeFiles/galvanometer.elf.dir/LVGL/src/extra/layouts/flex/lv_flex.c.obj
LOAD CMakeFiles/galvanometer.elf.dir/LVGL/src/extra/layouts/grid/lv_grid.c.obj
LOAD CMakeFiles/galvanometer.elf.dir/LVGL/src/extra/libs/bmp/lv_bmp.c.obj
LOAD CMakeFiles/galvanometer.elf.dir/LVGL/src/extra/libs/ffmpeg/lv_ffmpeg.c.obj
LOAD CMakeFiles/galvanometer.elf.dir/LVGL/src/extra/libs/freetype/lv_freetype.c.obj
LOAD CMakeFiles/galvanometer.elf.dir/LVGL/src/extra/libs/fsdrv/lv_fs_fatfs.c.obj
LOAD CMakeFiles/galvanometer.elf.dir/LVGL/src/extra/libs/fsdrv/lv_fs_littlefs.c.obj
LOAD CMakeFiles/galvanometer.elf.dir/LVGL/src/extra/libs/fsdrv/lv_fs_posix.c.obj
LOAD CMakeFiles/galvanometer.elf.dir/LVGL/src/extra/libs/fsdrv/lv_fs_stdio.c.obj
LOAD CMakeFiles/galvanometer.elf.dir/LVGL/src/extra/libs/fsdrv/lv_fs_win32.c.obj
LOAD CMakeFiles/galvanometer.elf.dir/LVGL/src/extra/libs/gif/gifdec.c.obj
LOAD CMakeFiles/galvanometer.elf.dir/LVGL/src/extra/libs/gif/lv_gif.c.obj
LOAD CMakeFiles/galvanometer.elf.dir/LVGL/src/extra/libs/png/lodepng.c.obj
LOAD CMakeFiles/galvanometer.elf.dir/LVGL/src/extra/libs/png/lv_png.c.obj
LOAD CMakeFiles/galvanometer.elf.dir/LVGL/src/extra/libs/qrcode/lv_qrcode.c.obj
LOAD CMakeFiles/galvanometer.elf.dir/LVGL/src/extra/libs/qrcode/qrcodegen.c.obj
LOAD CMakeFiles/galvanometer.elf.dir/LVGL/src/extra/libs/rlottie/lv_rlottie.c.obj
LOAD CMakeFiles/galvanometer.elf.dir/LVGL/src/extra/libs/sjpg/lv_sjpg.c.obj
LOAD CMakeFiles/galvanometer.elf.dir/LVGL/src/extra/libs/sjpg/tjpgd.c.obj
LOAD CMakeFiles/galvanometer.elf.dir/LVGL/src/extra/libs/tiny_ttf/lv_tiny_ttf.c.obj
LOAD CMakeFiles/galvanometer.elf.dir/LVGL/src/extra/lv_extra.c.obj
LOAD CMakeFiles/galvanometer.elf.dir/LVGL/src/extra/others/fragment/lv_fragment.c.obj
LOAD CMakeFiles/galvanometer.elf.dir/LVGL/src/extra/others/fragment/lv_fragment_manager.c.obj
LOAD CMakeFiles/galvanometer.elf.dir/LVGL/src/extra/others/gridnav/lv_gridnav.c.obj
LOAD CMakeFiles/galvanometer.elf.dir/LVGL/src/extra/others/ime/lv_ime_pinyin.c.obj
LOAD CMakeFiles/galvanometer.elf.dir/LVGL/src/extra/others/imgfont/lv_imgfont.c.obj
LOAD CMakeFiles/galvanometer.elf.dir/LVGL/src/extra/others/monkey/lv_monkey.c.obj
LOAD CMakeFiles/galvanometer.elf.dir/LVGL/src/extra/others/msg/lv_msg.c.obj
LOAD CMakeFiles/galvanometer.elf.dir/LVGL/src/extra/others/snapshot/lv_snapshot.c.obj
LOAD CMakeFiles/galvanometer.elf.dir/LVGL/src/extra/themes/basic/lv_theme_basic.c.obj
LOAD CMakeFiles/galvanometer.elf.dir/LVGL/src/extra/themes/default/lv_theme_default.c.obj
LOAD CMakeFiles/galvanometer.elf.dir/LVGL/src/extra/themes/mono/lv_theme_mono.c.obj
LOAD CMakeFiles/galvanometer.elf.dir/LVGL/src/extra/widgets/animimg/lv_animimg.c.obj
LOAD CMakeFiles/galvanometer.elf.dir/LVGL/src/extra/widgets/calendar/lv_calendar.c.obj
LOAD CMakeFiles/galvanometer.elf.dir/LVGL/src/extra/widgets/calendar/lv_calendar_header_arrow.c.obj
LOAD CMakeFiles/galvanometer.elf.dir/LVGL/src/extra/widgets/calendar/lv_calendar_header_dropdown.c.obj
LOAD CMakeFiles/galvanometer.elf.dir/LVGL/src/extra/widgets/chart/lv_chart.c.obj
LOAD CMakeFiles/galvanometer.elf.dir/LVGL/src/extra/widgets/colorwheel/lv_colorwheel.c.obj
LOAD CMakeFiles/galvanometer.elf.dir/LVGL/src/extra/widgets/imgbtn/lv_imgbtn.c.obj
LOAD CMakeFiles/galvanometer.elf.dir/LVGL/src/extra/widgets/keyboard/lv_keyboard.c.obj
LOAD CMakeFiles/galvanometer.elf.dir/LVGL/src/extra/widgets/led/lv_led.c.obj
LOAD CMakeFiles/galvanometer.elf.dir/LVGL/src/extra/widgets/list/lv_list.c.obj
LOAD CMakeFiles/galvanometer.elf.dir/LVGL/src/extra/widgets/menu/lv_menu.c.obj
LOAD CMakeFiles/galvanometer.elf.dir/LVGL/src/extra/widgets/meter/lv_meter.c.obj
LOAD CMakeFiles/galvanometer.elf.dir/LVGL/src/extra/widgets/msgbox/lv_msgbox.c.obj
LOAD CMakeFiles/galvanometer.elf.dir/LVGL/src/extra/widgets/span/lv_span.c.obj
LOAD CMakeFiles/galvanometer.elf.dir/LVGL/src/extra/widgets/spinbox/lv_spinbox.c.obj
LOAD CMakeFiles/galvanometer.elf.dir/LVGL/src/extra/widgets/spinner/lv_spinner.c.obj
LOAD CMakeFiles/galvanometer.elf.dir/LVGL/src/extra/widgets/tabview/lv_tabview.c.obj
LOAD CMakeFiles/galvanometer.elf.dir/LVGL/src/extra/widgets/tileview/lv_tileview.c.obj
LOAD CMakeFiles/galvanometer.elf.dir/LVGL/src/extra/widgets/win/lv_win.c.obj
LOAD CMakeFiles/galvanometer.elf.dir/LVGL/src/font/lv_font.c.obj
LOAD CMakeFiles/galvanometer.elf.dir/LVGL/src/font/lv_font_dejavu_16_persian_hebrew.c.obj
LOAD CMakeFiles/galvanometer.elf.dir/LVGL/src/font/lv_font_fmt_txt.c.obj
LOAD CMakeFiles/galvanometer.elf.dir/LVGL/src/font/lv_font_loader.c.obj
LOAD CMakeFiles/galvanometer.elf.dir/LVGL/src/font/lv_font_montserrat_10.c.obj
LOAD CMakeFiles/galvanometer.elf.dir/LVGL/src/font/lv_font_montserrat_12.c.obj
LOAD CMakeFiles/galvanometer.elf.dir/LVGL/src/font/lv_font_montserrat_12_subpx.c.obj
LOAD CMakeFiles/galvanometer.elf.dir/LVGL/src/font/lv_font_montserrat_14.c.obj
LOAD CMakeFiles/galvanometer.elf.dir/LVGL/src/font/lv_font_montserrat_16.c.obj
LOAD CMakeFiles/galvanometer.elf.dir/LVGL/src/font/lv_font_montserrat_18.c.obj
LOAD CMakeFiles/galvanometer.elf.dir/LVGL/src/font/lv_font_montserrat_20.c.obj
LOAD CMakeFiles/galvanometer.elf.dir/LVGL/src/font/lv_font_montserrat_22.c.obj
LOAD CMakeFiles/galvanometer.elf.dir/LVGL/src/font/lv_font_montserrat_24.c.obj
LOAD CMakeFiles/galvanometer.elf.dir/LVGL/src/font/lv_font_montserrat_26.c.obj
LOAD CMakeFiles/galvanometer.elf.dir/LVGL/src/font/lv_font_montserrat_28.c.obj
LOAD CMakeFiles/galvanometer.elf.dir/LVGL/src/font/lv_font_montserrat_28_compressed.c.obj
LOAD CMakeFiles/galvanometer.elf.dir/LVGL/src/font/lv_font_montserrat_30.c.obj
LOAD CMakeFiles/galvanometer.elf.dir/LVGL/src/font/lv_font_montserrat_32.c.obj
LOAD CMakeFiles/galvanometer.elf.dir/LVGL/src/font/lv_font_montserrat_34.c.obj
LOAD CMakeFiles/galvanometer.elf.dir/LVGL/src/font/lv_font_montserrat_36.c.obj
LOAD CMakeFiles/galvanometer.elf.dir/LVGL/src/font/lv_font_montserrat_38.c.obj
LOAD CMakeFiles/galvanometer.elf.dir/LVGL/src/font/lv_font_montserrat_40.c.obj
LOAD CMakeFiles/galvanometer.elf.dir/LVGL/src/font/lv_font_montserrat_42.c.obj
LOAD CMakeFiles/galvanometer.elf.dir/LVGL/src/font/lv_font_montserrat_44.c.obj
LOAD CMakeFiles/galvanometer.elf.dir/LVGL/src/font/lv_font_montserrat_46.c.obj
LOAD CMakeFiles/galvanometer.elf.dir/LVGL/src/font/lv_font_montserrat_48.c.obj
LOAD CMakeFiles/galvanometer.elf.dir/LVGL/src/font/lv_font_montserrat_8.c.obj
LOAD CMakeFiles/galvanometer.elf.dir/LVGL/src/font/lv_font_simsun_16_cjk.c.obj
LOAD CMakeFiles/galvanometer.elf.dir/LVGL/src/font/lv_font_unscii_16.c.obj
LOAD CMakeFiles/galvanometer.elf.dir/LVGL/src/font/lv_font_unscii_8.c.obj
LOAD CMakeFiles/galvanometer.elf.dir/LVGL/src/hal/lv_hal_disp.c.obj
LOAD CMakeFiles/galvanometer.elf.dir/LVGL/src/hal/lv_hal_indev.c.obj
LOAD CMakeFiles/galvanometer.elf.dir/LVGL/src/hal/lv_hal_tick.c.obj
LOAD CMakeFiles/galvanometer.elf.dir/LVGL/src/misc/lv_anim.c.obj
LOAD CMakeFiles/galvanometer.elf.dir/LVGL/src/misc/lv_anim_timeline.c.obj
LOAD CMakeFiles/galvanometer.elf.dir/LVGL/src/misc/lv_area.c.obj
LOAD CMakeFiles/galvanometer.elf.dir/LVGL/src/misc/lv_async.c.obj
LOAD CMakeFiles/galvanometer.elf.dir/LVGL/src/misc/lv_bidi.c.obj
LOAD CMakeFiles/galvanometer.elf.dir/LVGL/src/misc/lv_color.c.obj
LOAD CMakeFiles/galvanometer.elf.dir/LVGL/src/misc/lv_fs.c.obj
LOAD CMakeFiles/galvanometer.elf.dir/LVGL/src/misc/lv_gc.c.obj
LOAD CMakeFiles/galvanometer.elf.dir/LVGL/src/misc/lv_ll.c.obj
LOAD CMakeFiles/galvanometer.elf.dir/LVGL/src/misc/lv_log.c.obj
LOAD CMakeFiles/galvanometer.elf.dir/LVGL/src/misc/lv_lru.c.obj
LOAD CMakeFiles/galvanometer.elf.dir/LVGL/src/misc/lv_math.c.obj
LOAD CMakeFiles/galvanometer.elf.dir/LVGL/src/misc/lv_mem.c.obj
LOAD CMakeFiles/galvanometer.elf.dir/LVGL/src/misc/lv_printf.c.obj
LOAD CMakeFiles/galvanometer.elf.dir/LVGL/src/misc/lv_style.c.obj
LOAD CMakeFiles/galvanometer.elf.dir/LVGL/src/misc/lv_style_gen.c.obj
LOAD CMakeFiles/galvanometer.elf.dir/LVGL/src/misc/lv_templ.c.obj
LOAD CMakeFiles/galvanometer.elf.dir/LVGL/src/misc/lv_timer.c.obj
LOAD CMakeFiles/galvanometer.elf.dir/LVGL/src/misc/lv_tlsf.c.obj
LOAD CMakeFiles/galvanometer.elf.dir/LVGL/src/misc/lv_txt.c.obj
LOAD CMakeFiles/galvanometer.elf.dir/LVGL/src/misc/lv_txt_ap.c.obj
LOAD CMakeFiles/galvanometer.elf.dir/LVGL/src/misc/lv_utils.c.obj
LOAD CMakeFiles/galvanometer.elf.dir/LVGL/src/widgets/lv_arc.c.obj
LOAD CMakeFiles/galvanometer.elf.dir/LVGL/src/widgets/lv_bar.c.obj
LOAD CMakeFiles/galvanometer.elf.dir/LVGL/src/widgets/lv_btn.c.obj
LOAD CMakeFiles/galvanometer.elf.dir/LVGL/src/widgets/lv_btnmatrix.c.obj
LOAD CMakeFiles/galvanometer.elf.dir/LVGL/src/widgets/lv_canvas.c.obj
LOAD CMakeFiles/galvanometer.elf.dir/LVGL/src/widgets/lv_checkbox.c.obj
LOAD CMakeFiles/galvanometer.elf.dir/LVGL/src/widgets/lv_dropdown.c.obj
LOAD CMakeFiles/galvanometer.elf.dir/LVGL/src/widgets/lv_img.c.obj
LOAD CMakeFiles/galvanometer.elf.dir/LVGL/src/widgets/lv_label.c.obj
LOAD CMakeFiles/galvanometer.elf.dir/LVGL/src/widgets/lv_line.c.obj
LOAD CMakeFiles/galvanometer.elf.dir/LVGL/src/widgets/lv_objx_templ.c.obj
LOAD CMakeFiles/galvanometer.elf.dir/LVGL/src/widgets/lv_roller.c.obj
LOAD CMakeFiles/galvanometer.elf.dir/LVGL/src/widgets/lv_slider.c.obj
LOAD CMakeFiles/galvanometer.elf.dir/LVGL/src/widgets/lv_switch.c.obj
LOAD CMakeFiles/galvanometer.elf.dir/LVGL/src/widgets/lv_table.c.obj
LOAD CMakeFiles/galvanometer.elf.dir/LVGL/src/widgets/lv_textarea.c.obj
LOAD CMakeFiles/galvanometer.elf.dir/LVGL/port/lv_port_disp.c.obj
LOAD CMakeFiles/galvanometer.elf.dir/FreeRTOS/src/tasks.c.obj
LOAD CMakeFiles/galvanometer.elf.dir/FreeRTOS/src/queue.c.obj
LOAD CMakeFiles/galvanometer.elf.dir/FreeRTOS/src/list.c.obj
LOAD CMakeFiles/galvanometer.elf.dir/FreeRTOS/src/timers.c.obj
LOAD CMakeFiles/galvanometer.elf.dir/FreeRTOS/src/event_groups.c.obj
LOAD CMakeFiles/galvanometer.elf.dir/FreeRTOS/src/stream_buffer.c.obj
LOAD CMakeFiles/galvanometer.elf.dir/FreeRTOS/port/GCC/ARM_CM4F/port.c.obj
LOAD CMakeFiles/galvanometer.elf.dir/FreeRTOS/port/MemMang/heap_4.c.obj
LOAD CMakeFiles/galvanometer.elf.dir/FreeRTOS/CMSIS_RTOS_V2/cmsis_os2.c.obj
LOAD CMakeFiles/galvanometer.elf.dir/Tasks/user_hardwareinit_Task.c.obj
LOAD CMakeFiles/galvanometer.elf.dir/Tasks/user_ina226_Task.c.obj
LOAD CMakeFiles/galvanometer.elf.dir/Tasks/user_key_Task.c.obj
LOAD CMakeFiles/galvanometer.elf.dir/Tasks/user_lcd_Task.c.obj
LOAD CMakeFiles/galvanometer.elf.dir/Tasks/user_lv_Task.c.obj
LOAD CMakeFiles/galvanometer.elf.dir/Tasks/user_messagesend_Task.c.obj
LOAD CMakeFiles/galvanometer.elf.dir/Tasks/user_TasksInit.c.obj
START GROUP
LOAD D:/app/VSCode/data/STM32CubeCLT_1.22.0/GNU-tools-for-STM32/bin/../lib/gcc/arm-none-eabi/14.3.1/thumb/v7e-m+fp/hard\libgcc.a
LOAD D:/app/VSCode/data/STM32CubeCLT_1.22.0/GNU-tools-for-STM32/bin/../lib/gcc/arm-none-eabi/14.3.1/../../../../arm-none-eabi/lib/thumb/v7e-m+fp/hard\libg_nano.a
LOAD D:/app/VSCode/data/STM32CubeCLT_1.22.0/GNU-tools-for-STM32/bin/../lib/gcc/arm-none-eabi/14.3.1/../../../../arm-none-eabi/lib/thumb/v7e-m+fp/hard\libc_nano.a
END GROUP
START GROUP
LOAD D:/app/VSCode/data/STM32CubeCLT_1.22.0/GNU-tools-for-STM32/bin/../lib/gcc/arm-none-eabi/14.3.1/thumb/v7e-m+fp/hard\libgcc.a
LOAD D:/app/VSCode/data/STM32CubeCLT_1.22.0/GNU-tools-for-STM32/bin/../lib/gcc/arm-none-eabi/14.3.1/../../../../arm-none-eabi/lib/thumb/v7e-m+fp/hard\libc_nano.a
LOAD D:/app/VSCode/data/STM32CubeCLT_1.22.0/GNU-tools-for-STM32/bin/../lib/gcc/arm-none-eabi/14.3.1/../../../../arm-none-eabi/lib/thumb/v7e-m+fp/hard\libnosys.a
END GROUP
START GROUP
LOAD D:/app/VSCode/data/STM32CubeCLT_1.22.0/GNU-tools-for-STM32/bin/../lib/gcc/arm-none-eabi/14.3.1/thumb/v7e-m+fp/hard\libgcc.a
LOAD D:/app/VSCode/data/STM32CubeCLT_1.22.0/GNU-tools-for-STM32/bin/../lib/gcc/arm-none-eabi/14.3.1/../../../../arm-none-eabi/lib/thumb/v7e-m+fp/hard\libc_nano.a
LOAD D:/app/VSCode/data/STM32CubeCLT_1.22.0/GNU-tools-for-STM32/bin/../lib/gcc/arm-none-eabi/14.3.1/../../../../arm-none-eabi/lib/thumb/v7e-m+fp/hard\libnosys.a
END GROUP
LOAD D:/app/VSCode/data/STM32CubeCLT_1.22.0/GNU-tools-for-STM32/bin/../lib/gcc/arm-none-eabi/14.3.1/thumb/v7e-m+fp/hard/crtend.o
LOAD D:/app/VSCode/data/STM32CubeCLT_1.22.0/GNU-tools-for-STM32/bin/../lib/gcc/arm-none-eabi/14.3.1/thumb/v7e-m+fp/hard/crtn.o
                0x00000800                        __stack_size = DEFINED (__stack_size)?__stack_size:0x800
                0x00000400                        __heap_size = DEFINED (__heap_size)?__heap_size:0x400

.vectors        0x08000000      0x130
                0x08000000                        . = ALIGN (0x4)
 *(.vectors)
 .vectors       0x08000000      0x130 CMakeFiles/galvanometer.elf.dir/CMSIS/startup_gd32f30x_xd.S.obj
                0x08000000                __gVectors
                0x08000130                        . = ALIGN (0x4)
                0x08000130                        __Vectors_End = .
                0x08000130                        __Vectors_Size = (__Vectors_End - __gVectors)

.text           0x08000130    0x2f598
                0x08000130                        . = ALIGN (0x4)
 *(.text)
 .text          0x08000130       0x40 D:/app/VSCode/data/STM32CubeCLT_1.22.0/GNU-tools-for-STM32/bin/../lib/gcc/arm-none-eabi/14.3.1/thumb/v7e-m+fp/hard/crtbegin.o
 .text          0x08000170      0x378 D:/app/VSCode/data/STM32CubeCLT_1.22.0/GNU-tools-for-STM32/bin/../lib/gcc/arm-none-eabi/14.3.1/thumb/v7e-m+fp/hard\libgcc.a(_arm_addsubdf3.o)
                0x08000170                __aeabi_drsub
                0x08000178                __aeabi_dsub
                0x08000178                __subdf3
                0x0800017c                __aeabi_dadd
                0x0800017c                __adddf3
                0x080003f4                __floatunsidf
                0x080003f4                __aeabi_ui2d
                0x08000414                __floatsidf
                0x08000414                __aeabi_i2d
                0x08000438                __aeabi_f2d
                0x08000438                __extendsfdf2
                0x0800047c                __floatundidf
                0x0800047c                __aeabi_ul2d
                0x0800048c                __floatdidf
                0x0800048c                __aeabi_l2d
 .text          0x080004e8      0x424 D:/app/VSCode/data/STM32CubeCLT_1.22.0/GNU-tools-for-STM32/bin/../lib/gcc/arm-none-eabi/14.3.1/thumb/v7e-m+fp/hard\libgcc.a(_arm_muldivdf3.o)
                0x080004e8                __aeabi_dmul
                0x080004e8                __muldf3
                0x0800073c                __divdf3
                0x0800073c                __aeabi_ddiv
 .text          0x0800090c       0x40 D:/app/VSCode/data/STM32CubeCLT_1.22.0/GNU-tools-for-STM32/bin/../lib/gcc/arm-none-eabi/14.3.1/thumb/v7e-m+fp/hard\libgcc.a(_arm_fixunsdfsi.o)
                0x0800090c                __aeabi_d2uiz
                0x0800090c                __fixunsdfsi
 .text          0x0800094c       0xa0 D:/app/VSCode/data/STM32CubeCLT_1.22.0/GNU-tools-for-STM32/bin/../lib/gcc/arm-none-eabi/14.3.1/thumb/v7e-m+fp/hard\libgcc.a(_aeabi_ldivmod.o)
                0x0800094c                __aeabi_ldivmod
 .text          0x080009ec       0x30 D:/app/VSCode/data/STM32CubeCLT_1.22.0/GNU-tools-for-STM32/bin/../lib/gcc/arm-none-eabi/14.3.1/thumb/v7e-m+fp/hard\libgcc.a(_aeabi_uldivmod.o)
                0x080009ec                __aeabi_uldivmod
 .text          0x08000a1c      0x2f8 D:/app/VSCode/data/STM32CubeCLT_1.22.0/GNU-tools-for-STM32/bin/../lib/gcc/arm-none-eabi/14.3.1/thumb/v7e-m+fp/hard\libgcc.a(_udivmoddi4.o)
                0x08000a1c                __udivmoddi4
 .text          0x08000d14        0x4 D:/app/VSCode/data/STM32CubeCLT_1.22.0/GNU-tools-for-STM32/bin/../lib/gcc/arm-none-eabi/14.3.1/thumb/v7e-m+fp/hard\libgcc.a(_dvmd_tls.o)
                0x08000d14                __aeabi_idiv0
                0x08000d14                __aeabi_ldiv0
 .text          0x08000d18       0x14 D:/app/VSCode/data/STM32CubeCLT_1.22.0/GNU-tools-for-STM32/bin/../lib/gcc/arm-none-eabi/14.3.1/../../../../arm-none-eabi/lib/thumb/v7e-m+fp/hard\libg_nano.a(libc_a-strcmp.o)
                0x08000d18                strcmp
 .text          0x08000d2c       0x10 D:/app/VSCode/data/STM32CubeCLT_1.22.0/GNU-tools-for-STM32/bin/../lib/gcc/arm-none-eabi/14.3.1/../../../../arm-none-eabi/lib/thumb/v7e-m+fp/hard\libg_nano.a(libc_a-strlen.o)
                0x08000d2c                strlen
 *fill*         0x08000d3c        0x4 
 .text          0x08000d40       0xa0 D:/app/VSCode/data/STM32CubeCLT_1.22.0/GNU-tools-for-STM32/bin/../lib/gcc/arm-none-eabi/14.3.1/../../../../arm-none-eabi/lib/thumb/v7e-m+fp/hard\libg_nano.a(libc_a-memchr.o)
                0x08000d40                memchr
 *(.text*)
 .text.mx_dma_init
                0x08000de0       0xcc CMakeFiles/galvanometer.elf.dir/core/dma.c.obj
                0x08000de0                mx_dma_init
 .text.spi0_transmit_dma
                0x08000eac       0xf4 CMakeFiles/galvanometer.elf.dir/core/dma.c.obj
                0x08000eac                spi0_transmit_dma
 .text.flash_send_addr
                0x08000fa0       0x1c CMakeFiles/galvanometer.elf.dir/core/flash.c.obj
 .text.flash_cs_low
                0x08000fbc       0x14 CMakeFiles/galvanometer.elf.dir/core/flash.c.obj
 .text.flash_cs_high
                0x08000fd0       0x14 CMakeFiles/galvanometer.elf.dir/core/flash.c.obj
 .text.flash_wait_busy
                0x08000fe4       0x20 CMakeFiles/galvanometer.elf.dir/core/flash.c.obj
 .text.flash_write_enable
                0x08001004       0x12 CMakeFiles/galvanometer.elf.dir/core/flash.c.obj
                0x08001004                flash_write_enable
 .text.flash_erase_sector
                0x08001016       0x22 CMakeFiles/galvanometer.elf.dir/core/flash.c.obj
                0x08001016                flash_erase_sector
 .text.flash_write_page
                0x08001038       0x38 CMakeFiles/galvanometer.elf.dir/core/flash.c.obj
                0x08001038                flash_write_page
 .text.flash_read
                0x08001070       0x32 CMakeFiles/galvanometer.elf.dir/core/flash.c.obj
                0x08001070                flash_read
 *fill*         0x080010a2        0x2 
 .text.vApplicationStackOverflowHook
                0x080010a4       0x14 CMakeFiles/galvanometer.elf.dir/core/freertos.c.obj
                0x080010a4                vApplicationStackOverflowHook
 .text.MX_FREERTOS_Init
                0x080010b8        0x8 CMakeFiles/galvanometer.elf.dir/core/freertos.c.obj
                0x080010b8                MX_FREERTOS_Init
 .text.USBD_LP_CAN0_RX0_IRQHandler
                0x080010c0        0x8 CMakeFiles/galvanometer.elf.dir/core/gd32f30x_it.c.obj
                0x080010c0                USBD_LP_CAN0_RX0_IRQHandler
 .text.USBD_HP_CAN0_TX_IRQHandler
                0x080010c8        0x8 CMakeFiles/galvanometer.elf.dir/core/gd32f30x_it.c.obj
                0x080010c8                USBD_HP_CAN0_TX_IRQHandler
 .text.EXTI10_15_IRQHandler
                0x080010d0       0x90 CMakeFiles/galvanometer.elf.dir/core/gd32f30x_it.c.obj
                0x080010d0                EXTI10_15_IRQHandler
 .text.EXTI0_IRQHandler
                0x08001160       0x38 CMakeFiles/galvanometer.elf.dir/core/gd32f30x_it.c.obj
                0x08001160                EXTI0_IRQHandler
 .text.DMA0_Channel2_IRQHandler
                0x08001198       0x2c CMakeFiles/galvanometer.elf.dir/core/gd32f30x_it.c.obj
                0x08001198                DMA0_Channel2_IRQHandler
 .text.dut_power_set
                0x080011c4       0x20 CMakeFiles/galvanometer.elf.dir/core/gpio.c.obj
                0x080011c4                dut_power_set
 .text.mx_gpio_init
                0x080011e4       0xc8 CMakeFiles/galvanometer.elf.dir/core/gpio.c.obj
                0x080011e4                mx_gpio_init
 .text.i2c_wait_flag
                0x080012ac       0x28 CMakeFiles/galvanometer.elf.dir/core/i2c.c.obj
 .text.mx_i2c_init
                0x080012d4       0x3c CMakeFiles/galvanometer.elf.dir/core/i2c.c.obj
                0x080012d4                mx_i2c_init
 .text.i2c_readreg
                0x08001310      0x1d8 CMakeFiles/galvanometer.elf.dir/core/i2c.c.obj
                0x08001310                i2c_readreg
 .text.main     0x080014e8       0x24 CMakeFiles/galvanometer.elf.dir/core/main.c.obj
                0x080014e8                main
 .text.spi1_transfer
                0x0800150c       0x34 CMakeFiles/galvanometer.elf.dir/core/spi.c.obj
                0x0800150c                spi1_transfer
 .text.mx_spi_init
                0x08001540       0x8c CMakeFiles/galvanometer.elf.dir/core/spi.c.obj
                0x08001540                mx_spi_init
 .text.delay_us
                0x080015cc       0x3a CMakeFiles/galvanometer.elf.dir/bsp/delay.c.obj
                0x080015cc                delay_us
 .text.delay_ms
                0x08001606       0x4a CMakeFiles/galvanometer.elf.dir/bsp/delay.c.obj
                0x08001606                delay_ms
 .text.Sys_GetTick
                0x08001650       0x14 CMakeFiles/galvanometer.elf.dir/bsp/delay.c.obj
                0x08001650                Sys_GetTick
 .text.ina226_init
                0x08001664       0x38 CMakeFiles/galvanometer.elf.dir/bsp/ina226.c.obj
                0x08001664                ina226_init
 .text.ina226_read
                0x0800169c        0xc CMakeFiles/galvanometer.elf.dir/bsp/ina226.c.obj
                0x0800169c                ina226_read
 .text.key_exti_init
                0x080016a8       0xc0 CMakeFiles/galvanometer.elf.dir/bsp/key.c.obj
                0x080016a8                key_exti_init
 .text.lcd_cs_low
                0x08001768       0x10 CMakeFiles/galvanometer.elf.dir/bsp/lcd.c.obj
 .text.lcd_dc_cmd
                0x08001778       0x10 CMakeFiles/galvanometer.elf.dir/bsp/lcd.c.obj
 .text.lcd_cs_high
                0x08001788       0x10 CMakeFiles/galvanometer.elf.dir/bsp/lcd.c.obj
 .text.lcd_dc_data
                0x08001798       0x10 CMakeFiles/galvanometer.elf.dir/bsp/lcd.c.obj
 .text.spi0_write_byte_polled
                0x080017a8       0x2c CMakeFiles/galvanometer.elf.dir/bsp/lcd.c.obj
 .text.lcd_send_reg
                0x080017d4       0x34 CMakeFiles/galvanometer.elf.dir/bsp/lcd.c.obj
 .text.lcd_send_data
                0x08001808       0x18 CMakeFiles/galvanometer.elf.dir/bsp/lcd.c.obj
                0x08001808                lcd_send_data
 .text.lcd_write_data8
                0x08001820       0x16 CMakeFiles/galvanometer.elf.dir/bsp/lcd.c.obj
 .text.lcd_set_window
                0x08001836       0x64 CMakeFiles/galvanometer.elf.dir/bsp/lcd.c.obj
                0x08001836                lcd_set_window
 .text.lcd_fill_color
                0x0800189a       0x40 CMakeFiles/galvanometer.elf.dir/bsp/lcd.c.obj
                0x0800189a                lcd_fill_color
 *fill*         0x080018da        0x2 
 .text.lcd_init
                0x080018dc       0x74 CMakeFiles/galvanometer.elf.dir/bsp/lcd.c.obj
                0x080018dc                lcd_init
 .text.page_get_current
                0x08001950       0x10 CMakeFiles/galvanometer.elf.dir/midfunc/page_manager.c.obj
 .text.page_load
                0x08001960       0x28 CMakeFiles/galvanometer.elf.dir/midfunc/page_manager.c.obj
                0x08001960                page_load
 .text.page_manage_init
                0x08001988       0x14 CMakeFiles/galvanometer.elf.dir/midfunc/page_manager.c.obj
                0x08001988                page_manage_init
 .text.page_back
                0x0800199c       0x1c CMakeFiles/galvanometer.elf.dir/midfunc/page_manager.c.obj
                0x0800199c                page_back
 .text.page_get_nowpage
                0x080019b8       0x10 CMakeFiles/galvanometer.elf.dir/midfunc/page_manager.c.obj
                0x080019b8                page_get_nowpage
 .text.cdc_init
                0x080019c8       0x38 CMakeFiles/galvanometer.elf.dir/cdc/cdc.c.obj
                0x080019c8                cdc_init
 .text.cdc_write
                0x08001a00       0x7c CMakeFiles/galvanometer.elf.dir/cdc/cdc.c.obj
                0x08001a00                cdc_write
 .text.cdc_printf
                0x08001a7c       0x40 CMakeFiles/galvanometer.elf.dir/cdc/cdc.c.obj
                0x08001a7c                cdc_printf
 .text.cdc_acm_init
                0x08001abc       0x80 CMakeFiles/galvanometer.elf.dir/cdc/cdc_acm_core.c.obj
 .text.cdc_acm_deinit
                0x08001b3c       0x2a CMakeFiles/galvanometer.elf.dir/cdc/cdc_acm_core.c.obj
 .text.cdc_acm_ctlx_out
                0x08001b66       0x20 CMakeFiles/galvanometer.elf.dir/cdc/cdc_acm_core.c.obj
 .text.cdc_acm_data_out
                0x08001b86       0x14 CMakeFiles/galvanometer.elf.dir/cdc/cdc_acm_core.c.obj
 .text.cdc_acm_req_handler
                0x08001b9a       0x72 CMakeFiles/galvanometer.elf.dir/cdc/cdc_acm_core.c.obj
 .text.cdc_acm_data_in
                0x08001c0c       0x32 CMakeFiles/galvanometer.elf.dir/cdc/cdc_acm_core.c.obj
 .text.cdc_acm_data_send
                0x08001c3e       0x24 CMakeFiles/galvanometer.elf.dir/cdc/cdc_acm_core.c.obj
                0x08001c3e                cdc_acm_data_send
 .text.cdc_acm_check_ready
                0x08001c62       0x1e CMakeFiles/galvanometer.elf.dir/cdc/cdc_acm_core.c.obj
                0x08001c62                cdc_acm_check_ready
 .text.rcu_config
                0x08001c80       0x6c CMakeFiles/galvanometer.elf.dir/cdc/gd32f30x_usbd_hw.c.obj
                0x08001c80                rcu_config
 .text.gpio_config
                0x08001cec        0x2 CMakeFiles/galvanometer.elf.dir/cdc/gd32f30x_usbd_hw.c.obj
                0x08001cec                gpio_config
 .text.nvic_config
                0x08001cee       0x16 CMakeFiles/galvanometer.elf.dir/cdc/gd32f30x_usbd_hw.c.obj
                0x08001cee                nvic_config
 .text.usbd_init
                0x08001d04       0x70 CMakeFiles/galvanometer.elf.dir/cdc/usbd_core.c.obj
                0x08001d04                usbd_init
 .text.usbd_ep_send
                0x08001d74      0x108 CMakeFiles/galvanometer.elf.dir/cdc/usbd_core.c.obj
                0x08001d74                usbd_ep_send
 .text._usb_std_reserved
                0x08001e7c        0x4 CMakeFiles/galvanometer.elf.dir/cdc/usbd_enum.c.obj
 .text._usb_dev_desc_get
                0x08001e80       0x12 CMakeFiles/galvanometer.elf.dir/cdc/usbd_enum.c.obj
 .text._usb_config_desc_get
                0x08001e92       0x18 CMakeFiles/galvanometer.elf.dir/cdc/usbd_enum.c.obj
 .text._usb_bos_desc_get
                0x08001eaa       0x22 CMakeFiles/galvanometer.elf.dir/cdc/usbd_enum.c.obj
 .text._usb_str_desc_get
                0x08001ecc       0x10 CMakeFiles/galvanometer.elf.dir/cdc/usbd_enum.c.obj
 .text._usb_std_getstatus
                0x08001edc       0xa4 CMakeFiles/galvanometer.elf.dir/cdc/usbd_enum.c.obj
 .text._usb_std_clearfeature
                0x08001f80       0x8c CMakeFiles/galvanometer.elf.dir/cdc/usbd_enum.c.obj
 .text._usb_std_setfeature
                0x0800200c       0x8a CMakeFiles/galvanometer.elf.dir/cdc/usbd_enum.c.obj
 .text._usb_std_setaddress
                0x08002096       0x32 CMakeFiles/galvanometer.elf.dir/cdc/usbd_enum.c.obj
 .text._usb_std_getdescriptor
                0x080020c8       0xe8 CMakeFiles/galvanometer.elf.dir/cdc/usbd_enum.c.obj
 .text._usb_std_setdescriptor
                0x080021b0        0x4 CMakeFiles/galvanometer.elf.dir/cdc/usbd_enum.c.obj
 .text._usb_std_getconfiguration
                0x080021b4       0x30 CMakeFiles/galvanometer.elf.dir/cdc/usbd_enum.c.obj
 .text._usb_std_setconfiguration
                0x080021e4       0x84 CMakeFiles/galvanometer.elf.dir/cdc/usbd_enum.c.obj
 .text._usb_std_getinterface
                0x08002268       0x2c CMakeFiles/galvanometer.elf.dir/cdc/usbd_enum.c.obj
 .text._usb_std_setinterface
                0x08002294       0x2c CMakeFiles/galvanometer.elf.dir/cdc/usbd_enum.c.obj
 .text._usb_std_synchframe
                0x080022c0        0x4 CMakeFiles/galvanometer.elf.dir/cdc/usbd_enum.c.obj
 .text.int_to_unicode
                0x080022c4       0x44 CMakeFiles/galvanometer.elf.dir/cdc/usbd_enum.c.obj
 .text.usbd_standard_request
                0x08002308       0x14 CMakeFiles/galvanometer.elf.dir/cdc/usbd_enum.c.obj
                0x08002308                usbd_standard_request
 .text.usbd_class_request
                0x0800231c       0x22 CMakeFiles/galvanometer.elf.dir/cdc/usbd_enum.c.obj
                0x0800231c                usbd_class_request
 .text.usbd_vendor_request
                0x0800233e        0x4 CMakeFiles/galvanometer.elf.dir/cdc/usbd_enum.c.obj
                0x0800233e                usbd_vendor_request
 *fill*         0x08002342        0x2 
 .text.serial_string_get
                0x08002344       0x50 CMakeFiles/galvanometer.elf.dir/cdc/usbd_enum.c.obj
                0x08002344                serial_string_get
 .text.usb_ctl_status_in
                0x08002394       0x16 CMakeFiles/galvanometer.elf.dir/cdc/usbd_transc.c.obj
 .text.usb_ctl_data_in
                0x080023aa       0x14 CMakeFiles/galvanometer.elf.dir/cdc/usbd_transc.c.obj
 .text._usb_setup_transc
                0x080023be       0x94 CMakeFiles/galvanometer.elf.dir/cdc/usbd_transc.c.obj
                0x080023be                _usb_setup_transc
 .text._usb_out0_transc
                0x08002452       0x46 CMakeFiles/galvanometer.elf.dir/cdc/usbd_transc.c.obj
                0x08002452                _usb_out0_transc
 .text._usb_in0_transc
                0x08002498       0x66 CMakeFiles/galvanometer.elf.dir/cdc/usbd_transc.c.obj
                0x08002498                _usb_in0_transc
 .text.usbd_dp_pullup
                0x080024fe        0x2 CMakeFiles/galvanometer.elf.dir/cdc/usbd_lld_core.c.obj
 .text.usbd_core_reset
                0x08002500       0x28 CMakeFiles/galvanometer.elf.dir/cdc/usbd_lld_core.c.obj
 .text.usbd_core_stop
                0x08002528       0x1c CMakeFiles/galvanometer.elf.dir/cdc/usbd_lld_core.c.obj
 .text.usbd_address_set
                0x08002544       0x14 CMakeFiles/galvanometer.elf.dir/cdc/usbd_lld_core.c.obj
 .text.usbd_ep_reset
                0x08002558       0x6c CMakeFiles/galvanometer.elf.dir/cdc/usbd_lld_core.c.obj
 .text.usbd_ep_setup
                0x080025c4      0x2f0 CMakeFiles/galvanometer.elf.dir/cdc/usbd_lld_core.c.obj
 .text.usbd_ep_disable
                0x080028b4       0x8a CMakeFiles/galvanometer.elf.dir/cdc/usbd_lld_core.c.obj
 .text.usbd_ep_rx_enable
                0x0800293e       0x2a CMakeFiles/galvanometer.elf.dir/cdc/usbd_lld_core.c.obj
 .text.usbd_ep_stall_set
                0x08002968       0xa8 CMakeFiles/galvanometer.elf.dir/cdc/usbd_lld_core.c.obj
 .text.usbd_ep_stall_clear
                0x08002a10       0xc4 CMakeFiles/galvanometer.elf.dir/cdc/usbd_lld_core.c.obj
 .text.usbd_ep_status
                0x08002ad4       0x22 CMakeFiles/galvanometer.elf.dir/cdc/usbd_lld_core.c.obj
 *fill*         0x08002af6        0x2 
 .text.usbd_ep_data_write
                0x08002af8       0x68 CMakeFiles/galvanometer.elf.dir/cdc/usbd_lld_core.c.obj
 .text.usbd_ep_dbl_data_write
                0x08002b60      0x21c CMakeFiles/galvanometer.elf.dir/cdc/usbd_lld_core.c.obj
 .text.usbd_ep_data_read
                0x08002d7c       0x90 CMakeFiles/galvanometer.elf.dir/cdc/usbd_lld_core.c.obj
 .text.usbd_resume
                0x08002e0c       0x24 CMakeFiles/galvanometer.elf.dir/cdc/usbd_lld_core.c.obj
 .text.usbd_leave_suspend
                0x08002e30       0x20 CMakeFiles/galvanometer.elf.dir/cdc/usbd_lld_core.c.obj
 .text.usbd_suspend
                0x08002e50       0x14 CMakeFiles/galvanometer.elf.dir/cdc/usbd_lld_core.c.obj
 .text.user_buffer_free
                0x08002e64       0x4a CMakeFiles/galvanometer.elf.dir/cdc/usbd_lld_core.c.obj
                0x08002e64                user_buffer_free
 *fill*         0x08002eae        0x2 
 .text.usbd_ep_dbl_rx_count_get
                0x08002eb0       0x38 CMakeFiles/galvanometer.elf.dir/cdc/usbd_lld_int.c.obj
 .text.usbd_int_suspend
                0x08002ee8       0x20 CMakeFiles/galvanometer.elf.dir/cdc/usbd_lld_int.c.obj
 .text.usbd_int_hpst
                0x08002f08      0x25c CMakeFiles/galvanometer.elf.dir/cdc/usbd_lld_int.c.obj
                0x08002f08                usbd_int_hpst
 .text.usbd_isr
                0x08003164      0x244 CMakeFiles/galvanometer.elf.dir/cdc/usbd_lld_int.c.obj
                0x08003164                usbd_isr
 .text.classify_steady
                0x080033a8       0x1c CMakeFiles/galvanometer.elf.dir/app/event_detect.c.obj
 .text.linearize_pre
                0x080033c4       0x44 CMakeFiles/galvanometer.elf.dir/app/event_detect.c.obj
 .text.event_trigger_start
                0x08003408       0x44 CMakeFiles/galvanometer.elf.dir/app/event_detect.c.obj
 .text.event_detect_init
                0x0800344c       0x1e CMakeFiles/galvanometer.elf.dir/app/event_detect.c.obj
                0x0800344c                event_detect_init
 *fill*         0x0800346a        0x2 
 .text.event_pre_push
                0x0800346c       0x4c CMakeFiles/galvanometer.elf.dir/app/event_detect.c.obj
                0x0800346c                event_pre_push
 .text.event_detect_update
                0x080034b8      0x1b0 CMakeFiles/galvanometer.elf.dir/app/event_detect.c.obj
                0x080034b8                event_detect_update
 .text.check_erase_sector
                0x08003668       0x10 CMakeFiles/galvanometer.elf.dir/app/log_store.c.obj
 .text.flash_write_multi
                0x08003678       0x30 CMakeFiles/galvanometer.elf.dir/app/log_store.c.obj
 .text.meta_save
                0x080036a8       0x2c CMakeFiles/galvanometer.elf.dir/app/log_store.c.obj
 .text.log_store_init
                0x080036d4       0x4c CMakeFiles/galvanometer.elf.dir/app/log_store.c.obj
                0x080036d4                log_store_init
 .text.log_write_event
                0x08003720       0xb0 CMakeFiles/galvanometer.elf.dir/app/log_store.c.obj
                0x08003720                log_write_event
 .text.log_export_csv
                0x080037d0       0xbc CMakeFiles/galvanometer.elf.dir/app/log_store.c.obj
                0x080037d0                log_export_csv
 .text.ina226_filter
                0x0800388c       0x3c CMakeFiles/galvanometer.elf.dir/app/power_sample.c.obj
                0x0800388c                ina226_filter
 .text.power_integrate_update
                0x080038c8       0x74 CMakeFiles/galvanometer.elf.dir/app/power_sample.c.obj
                0x080038c8                power_integrate_update
 .text.ina226_read_sample
                0x0800393c       0xb4 CMakeFiles/galvanometer.elf.dir/app/power_sample.c.obj
                0x0800393c                ina226_read_sample
 .text.waveform_push
                0x080039f0       0xb2 CMakeFiles/galvanometer.elf.dir/app/power_sample.c.obj
                0x080039f0                waveform_push
 *fill*         0x08003aa2        0x2 
 .text.ui_current_deinit
                0x08003aa4       0x30 CMakeFiles/galvanometer.elf.dir/GUI/ui_current.c.obj
 .text.lv_scr_act
                0x08003ad4        0xc CMakeFiles/galvanometer.elf.dir/GUI/ui_current.c.obj
 .text.lv_obj_set_style_pad_all
                0x08003ae0       0x2c CMakeFiles/galvanometer.elf.dir/GUI/ui_current.c.obj
 .text.ui_current_init
                0x08003b0c      0x118 CMakeFiles/galvanometer.elf.dir/GUI/ui_current.c.obj
 .text.ui_current_update
                0x08003c24       0x84 CMakeFiles/galvanometer.elf.dir/GUI/ui_current.c.obj
                0x08003c24                ui_current_update
 .text.ui_consumption_deinit
                0x08003ca8       0x20 CMakeFiles/galvanometer.elf.dir/GUI/ui_consumption.c.obj
 .text.lv_scr_act
                0x08003cc8        0xc CMakeFiles/galvanometer.elf.dir/GUI/ui_consumption.c.obj
 .text.lv_obj_set_style_pad_all
                0x08003cd4       0x2c CMakeFiles/galvanometer.elf.dir/GUI/ui_consumption.c.obj
 .text.ui_consumption_init
                0x08003d00       0x88 CMakeFiles/galvanometer.elf.dir/GUI/ui_consumption.c.obj
 .text.ui_consumption_update
                0x08003d88       0xb0 CMakeFiles/galvanometer.elf.dir/GUI/ui_consumption.c.obj
                0x08003d88                ui_consumption_update
 .text.Reset_Handler
                0x08003e38       0x48 CMakeFiles/galvanometer.elf.dir/CMSIS/startup_gd32f30x_xd.S.obj
                0x08003e38                Reset_Handler
 .text.Default_Handler
                0x08003e80        0x2 CMakeFiles/galvanometer.elf.dir/CMSIS/startup_gd32f30x_xd.S.obj
                0x08003e80                RTC_Alarm_IRQHandler
                0x08003e80                EXTI2_IRQHandler
                0x08003e80                TIMER2_IRQHandler
                0x08003e80                TIMER5_IRQHandler
                0x08003e80                DebugMon_Handler
                0x08003e80                LVD_IRQHandler
                0x08003e80                HardFault_Handler
                0x08003e80                TIMER7_UP_TIMER12_IRQHandler
                0x08003e80                ADC0_1_IRQHandler
                0x08003e80                SDIO_IRQHandler
                0x08003e80                NMI_Handler
                0x08003e80                EXTI3_IRQHandler
                0x08003e80                TIMER0_TRG_CMT_TIMER10_IRQHandler
                0x08003e80                TIMER3_IRQHandler
                0x08003e80                DMA0_Channel6_IRQHandler
                0x08003e80                I2C0_EV_IRQHandler
                0x08003e80                TIMER7_TRG_CMT_TIMER13_IRQHandler
                0x08003e80                UsageFault_Handler
                0x08003e80                TIMER4_IRQHandler
                0x08003e80                SPI1_IRQHandler
                0x08003e80                DMA0_Channel0_IRQHandler
                0x08003e80                TAMPER_IRQHandler
                0x08003e80                TIMER0_BRK_TIMER8_IRQHandler
                0x08003e80                DMA1_Channel0_IRQHandler
                0x08003e80                TIMER7_BRK_TIMER11_IRQHandler
                0x08003e80                TIMER6_IRQHandler
                0x08003e80                DMA0_Channel3_IRQHandler
                0x08003e80                I2C0_ER_IRQHandler
                0x08003e80                TIMER0_UP_TIMER9_IRQHandler
                0x08003e80                RTC_IRQHandler
                0x08003e80                USART0_IRQHandler
                0x08003e80                TIMER1_IRQHandler
                0x08003e80                I2C1_EV_IRQHandler
                0x08003e80                UART4_IRQHandler
                0x08003e80                DMA1_Channel1_IRQHandler
                0x08003e80                Default_Handler
                0x08003e80                TIMER7_Channel_IRQHandler
                0x08003e80                WWDGT_IRQHandler
                0x08003e80                EXMC_IRQHandler
                0x08003e80                ADC2_IRQHandler
                0x08003e80                SPI2_IRQHandler
                0x08003e80                MemManage_Handler
                0x08003e80                USBD_WKUP_IRQHandler
                0x08003e80                RCU_CTC_IRQHandler
                0x08003e80                EXTI4_IRQHandler
                0x08003e80                CAN0_RX1_IRQHandler
                0x08003e80                DMA0_Channel5_IRQHandler
                0x08003e80                EXTI5_9_IRQHandler
                0x08003e80                DMA0_Channel1_IRQHandler
                0x08003e80                TIMER0_Channel_IRQHandler
                0x08003e80                EXTI1_IRQHandler
                0x08003e80                SPI0_IRQHandler
                0x08003e80                DMA1_Channel3_4_IRQHandler
                0x08003e80                USART2_IRQHandler
                0x08003e80                CAN0_EWMC_IRQHandler
                0x08003e80                DMA1_Channel2_IRQHandler
                0x08003e80                BusFault_Handler
                0x08003e80                USART1_IRQHandler
                0x08003e80                UART3_IRQHandler
                0x08003e80                I2C1_ER_IRQHandler
                0x08003e80                FMC_IRQHandler
                0x08003e80                DMA0_Channel4_IRQHandler
 .text._soft_delay_
                0x08003e82       0x1e CMakeFiles/galvanometer.elf.dir/CMSIS/system_gd32f30x.c.obj
 .text.system_clock_120m_hxtal
                0x08003ea0       0xe0 CMakeFiles/galvanometer.elf.dir/CMSIS/system_gd32f30x.c.obj
 .text.system_clock_config
                0x08003f80        0x8 CMakeFiles/galvanometer.elf.dir/CMSIS/system_gd32f30x.c.obj
 .text.SystemInit
                0x08003f88      0x138 CMakeFiles/galvanometer.elf.dir/CMSIS/system_gd32f30x.c.obj
                0x08003f88                SystemInit
 .text.SystemCoreClockUpdate
                0x080040c0       0xd8 CMakeFiles/galvanometer.elf.dir/CMSIS/system_gd32f30x.c.obj
                0x080040c0                SystemCoreClockUpdate
 .text._sbrk    0x08004198       0x34 CMakeFiles/galvanometer.elf.dir/GD32F30x_Driver/src/syscalls.c.obj
                0x08004198                _sbrk
 .text.rcu_periph_clock_enable
                0x080041cc       0x1a CMakeFiles/galvanometer.elf.dir/GD32F30x_Driver/src/gd32f30x_rcu.c.obj
                0x080041cc                rcu_periph_clock_enable
 *fill*         0x080041e6        0x2 
 .text.rcu_usb_clock_config
                0x080041e8       0x14 CMakeFiles/galvanometer.elf.dir/GD32F30x_Driver/src/gd32f30x_rcu.c.obj
                0x080041e8                rcu_usb_clock_config
 .text.rcu_clock_freq_get
                0x080041fc      0x114 CMakeFiles/galvanometer.elf.dir/GD32F30x_Driver/src/gd32f30x_rcu.c.obj
                0x080041fc                rcu_clock_freq_get
 .text.gpio_init
                0x08004310       0xa2 CMakeFiles/galvanometer.elf.dir/GD32F30x_Driver/src/gd32f30x_gpio.c.obj
                0x08004310                gpio_init
 .text.gpio_bit_set
                0x080043b2        0x4 CMakeFiles/galvanometer.elf.dir/GD32F30x_Driver/src/gd32f30x_gpio.c.obj
                0x080043b2                gpio_bit_set
 .text.gpio_bit_reset
                0x080043b6        0x4 CMakeFiles/galvanometer.elf.dir/GD32F30x_Driver/src/gd32f30x_gpio.c.obj
                0x080043b6                gpio_bit_reset
 *fill*         0x080043ba        0x2 
 .text.gpio_exti_source_select
                0x080043bc       0x78 CMakeFiles/galvanometer.elf.dir/GD32F30x_Driver/src/gd32f30x_gpio.c.obj
                0x080043bc                gpio_exti_source_select
 .text.exti_init
                0x08004434       0xb8 CMakeFiles/galvanometer.elf.dir/GD32F30x_Driver/src/gd32f30x_exti.c.obj
                0x08004434                exti_init
 .text.exti_interrupt_flag_get
                0x080044ec       0x18 CMakeFiles/galvanometer.elf.dir/GD32F30x_Driver/src/gd32f30x_exti.c.obj
                0x080044ec                exti_interrupt_flag_get
 .text.exti_interrupt_flag_clear
                0x08004504        0xc CMakeFiles/galvanometer.elf.dir/GD32F30x_Driver/src/gd32f30x_exti.c.obj
                0x08004504                exti_interrupt_flag_clear
 .text.spi_struct_para_init
                0x08004510       0x12 CMakeFiles/galvanometer.elf.dir/GD32F30x_Driver/src/gd32f30x_spi.c.obj
                0x08004510                spi_struct_para_init
 .text.spi_init
                0x08004522       0x2e CMakeFiles/galvanometer.elf.dir/GD32F30x_Driver/src/gd32f30x_spi.c.obj
                0x08004522                spi_init
 .text.spi_enable
                0x08004550        0xa CMakeFiles/galvanometer.elf.dir/GD32F30x_Driver/src/gd32f30x_spi.c.obj
                0x08004550                spi_enable
 .text.spi_disable
                0x0800455a        0xa CMakeFiles/galvanometer.elf.dir/GD32F30x_Driver/src/gd32f30x_spi.c.obj
                0x0800455a                spi_disable
 .text.spi_nss_internal_high
                0x08004564        0xa CMakeFiles/galvanometer.elf.dir/GD32F30x_Driver/src/gd32f30x_spi.c.obj
                0x08004564                spi_nss_internal_high
 .text.spi_dma_enable
                0x0800456e       0x16 CMakeFiles/galvanometer.elf.dir/GD32F30x_Driver/src/gd32f30x_spi.c.obj
                0x0800456e                spi_dma_enable
 .text.spi_dma_disable
                0x08004584       0x16 CMakeFiles/galvanometer.elf.dir/GD32F30x_Driver/src/gd32f30x_spi.c.obj
                0x08004584                spi_dma_disable
 .text.spi_i2s_data_transmit
                0x0800459a        0x4 CMakeFiles/galvanometer.elf.dir/GD32F30x_Driver/src/gd32f30x_spi.c.obj
                0x0800459a                spi_i2s_data_transmit
 .text.spi_i2s_data_receive
                0x0800459e        0x6 CMakeFiles/galvanometer.elf.dir/GD32F30x_Driver/src/gd32f30x_spi.c.obj
                0x0800459e                spi_i2s_data_receive
 .text.spi_i2s_flag_get
                0x080045a4        0xe CMakeFiles/galvanometer.elf.dir/GD32F30x_Driver/src/gd32f30x_spi.c.obj
                0x080045a4                spi_i2s_flag_get
 *fill*         0x080045b2        0x2 
 .text.i2c_clock_config
                0x080045b4      0x128 CMakeFiles/galvanometer.elf.dir/GD32F30x_Driver/src/gd32f30x_i2c.c.obj
                0x080045b4                i2c_clock_config
 .text.i2c_mode_addr_config
                0x080046dc       0x1c CMakeFiles/galvanometer.elf.dir/GD32F30x_Driver/src/gd32f30x_i2c.c.obj
                0x080046dc                i2c_mode_addr_config
 .text.i2c_ack_config
                0x080046f8        0xc CMakeFiles/galvanometer.elf.dir/GD32F30x_Driver/src/gd32f30x_i2c.c.obj
                0x080046f8                i2c_ack_config
 .text.i2c_master_addressing
                0x08004704       0x14 CMakeFiles/galvanometer.elf.dir/GD32F30x_Driver/src/gd32f30x_i2c.c.obj
                0x08004704                i2c_master_addressing
 .text.i2c_enable
                0x08004718        0xa CMakeFiles/galvanometer.elf.dir/GD32F30x_Driver/src/gd32f30x_i2c.c.obj
                0x08004718                i2c_enable
 .text.i2c_start_on_bus
                0x08004722        0xa CMakeFiles/galvanometer.elf.dir/GD32F30x_Driver/src/gd32f30x_i2c.c.obj
                0x08004722                i2c_start_on_bus
 .text.i2c_stop_on_bus
                0x0800472c        0xa CMakeFiles/galvanometer.elf.dir/GD32F30x_Driver/src/gd32f30x_i2c.c.obj
                0x0800472c                i2c_stop_on_bus
 .text.i2c_data_transmit
                0x08004736        0x4 CMakeFiles/galvanometer.elf.dir/GD32F30x_Driver/src/gd32f30x_i2c.c.obj
                0x08004736                i2c_data_transmit
 .text.i2c_data_receive
                0x0800473a        0x6 CMakeFiles/galvanometer.elf.dir/GD32F30x_Driver/src/gd32f30x_i2c.c.obj
                0x0800473a                i2c_data_receive
 .text.i2c_flag_get
                0x08004740       0x18 CMakeFiles/galvanometer.elf.dir/GD32F30x_Driver/src/gd32f30x_i2c.c.obj
                0x08004740                i2c_flag_get
 .text.i2c_flag_clear
                0x08004758       0x28 CMakeFiles/galvanometer.elf.dir/GD32F30x_Driver/src/gd32f30x_i2c.c.obj
                0x08004758                i2c_flag_clear
 .text.__NVIC_SetPriority
                0x08004780       0x28 CMakeFiles/galvanometer.elf.dir/GD32F30x_Driver/src/gd32f30x_misc.c.obj
 .text.NVIC_EncodePriority
                0x080047a8       0x3c CMakeFiles/galvanometer.elf.dir/GD32F30x_Driver/src/gd32f30x_misc.c.obj
 .text.nvic_priority_group_set
                0x080047e4       0x14 CMakeFiles/galvanometer.elf.dir/GD32F30x_Driver/src/gd32f30x_misc.c.obj
                0x080047e4                nvic_priority_group_set
 .text.nvic_irq_enable
                0x080047f8       0x70 CMakeFiles/galvanometer.elf.dir/GD32F30x_Driver/src/gd32f30x_misc.c.obj
                0x080047f8                nvic_irq_enable
 .text.dma_periph_and_channel_check
                0x08004868       0x1c CMakeFiles/galvanometer.elf.dir/GD32F30x_Driver/src/gd32f30x_dma.c.obj
 .text.dma_deinit
                0x08004884       0x36 CMakeFiles/galvanometer.elf.dir/GD32F30x_Driver/src/gd32f30x_dma.c.obj
                0x08004884                dma_deinit
 .text.dma_struct_para_init
                0x080048ba       0x1a CMakeFiles/galvanometer.elf.dir/GD32F30x_Driver/src/gd32f30x_dma.c.obj
                0x080048ba                dma_struct_para_init
 .text.dma_init
                0x080048d4       0x80 CMakeFiles/galvanometer.elf.dir/GD32F30x_Driver/src/gd32f30x_dma.c.obj
                0x080048d4                dma_init
 .text.dma_channel_enable
                0x08004954       0x20 CMakeFiles/galvanometer.elf.dir/GD32F30x_Driver/src/gd32f30x_dma.c.obj
                0x08004954                dma_channel_enable
 .text.dma_channel_disable
                0x08004974       0x20 CMakeFiles/galvanometer.elf.dir/GD32F30x_Driver/src/gd32f30x_dma.c.obj
                0x08004974                dma_channel_disable
 .text.dma_memory_address_config
                0x08004994       0x1c CMakeFiles/galvanometer.elf.dir/GD32F30x_Driver/src/gd32f30x_dma.c.obj
                0x08004994                dma_memory_address_config
 .text.dma_transfer_number_config
                0x080049b0       0x1e CMakeFiles/galvanometer.elf.dir/GD32F30x_Driver/src/gd32f30x_dma.c.obj
                0x080049b0                dma_transfer_number_config
 .text.dma_flag_clear
                0x080049ce        0xc CMakeFiles/galvanometer.elf.dir/GD32F30x_Driver/src/gd32f30x_dma.c.obj
                0x080049ce                dma_flag_clear
 .text.dma_interrupt_flag_get
                0x080049da       0x6a CMakeFiles/galvanometer.elf.dir/GD32F30x_Driver/src/gd32f30x_dma.c.obj
                0x080049da                dma_interrupt_flag_get
 .text.dma_interrupt_flag_clear
                0x08004a44        0xc CMakeFiles/galvanometer.elf.dir/GD32F30x_Driver/src/gd32f30x_dma.c.obj
                0x08004a44                dma_interrupt_flag_clear
 .text.dma_interrupt_enable
                0x08004a50       0x20 CMakeFiles/galvanometer.elf.dir/GD32F30x_Driver/src/gd32f30x_dma.c.obj
                0x08004a50                dma_interrupt_enable
 .text.lv_disp_get_scr_act
                0x08004a70       0x16 CMakeFiles/galvanometer.elf.dir/LVGL/src/core/lv_disp.c.obj
                0x08004a70                lv_disp_get_scr_act
 .text.lv_disp_get_scr_prev
                0x08004a86       0x16 CMakeFiles/galvanometer.elf.dir/LVGL/src/core/lv_disp.c.obj
                0x08004a86                lv_disp_get_scr_prev
 .text.lv_disp_get_layer_top
                0x08004a9c       0x16 CMakeFiles/galvanometer.elf.dir/LVGL/src/core/lv_disp.c.obj
                0x08004a9c                lv_disp_get_layer_top
 .text.lv_disp_get_layer_sys
                0x08004ab2       0x16 CMakeFiles/galvanometer.elf.dir/LVGL/src/core/lv_disp.c.obj
                0x08004ab2                lv_disp_get_layer_sys
 .text.lv_disp_get_theme
                0x08004ac8       0x12 CMakeFiles/galvanometer.elf.dir/LVGL/src/core/lv_disp.c.obj
                0x08004ac8                lv_disp_get_theme
 .text.lv_disp_is_invalidation_enabled
                0x08004ada       0x22 CMakeFiles/galvanometer.elf.dir/LVGL/src/core/lv_disp.c.obj
                0x08004ada                lv_disp_is_invalidation_enabled
 .text.lv_obj_get_event_dsc
                0x08004afc       0x1e CMakeFiles/galvanometer.elf.dir/LVGL/src/core/lv_event.c.obj
 *fill*         0x08004b1a        0x2 
 .text.event_is_bubbled
                0x08004b1c       0x54 CMakeFiles/galvanometer.elf.dir/LVGL/src/core/lv_event.c.obj
 .text.lv_obj_event_base
                0x08004b70       0x42 CMakeFiles/galvanometer.elf.dir/LVGL/src/core/lv_event.c.obj
                0x08004b70                lv_obj_event_base
 .text.event_send_core
                0x08004bb2      0x112 CMakeFiles/galvanometer.elf.dir/LVGL/src/core/lv_event.c.obj
 .text.lv_event_send
                0x08004cc4       0x54 CMakeFiles/galvanometer.elf.dir/LVGL/src/core/lv_event.c.obj
                0x08004cc4                lv_event_send
 .text.lv_event_get_target
                0x08004d18        0x4 CMakeFiles/galvanometer.elf.dir/LVGL/src/core/lv_event.c.obj
                0x08004d18                lv_event_get_target
 .text.lv_event_get_current_target
                0x08004d1c        0x4 CMakeFiles/galvanometer.elf.dir/LVGL/src/core/lv_event.c.obj
                0x08004d1c                lv_event_get_current_target
 .text.lv_event_get_code
                0x08004d20        0x8 CMakeFiles/galvanometer.elf.dir/LVGL/src/core/lv_event.c.obj
                0x08004d20                lv_event_get_code
 .text.lv_event_get_param
                0x08004d28        0x4 CMakeFiles/galvanometer.elf.dir/LVGL/src/core/lv_event.c.obj
                0x08004d28                lv_event_get_param
 .text.lv_event_get_user_data
                0x08004d2c        0x4 CMakeFiles/galvanometer.elf.dir/LVGL/src/core/lv_event.c.obj
                0x08004d2c                lv_event_get_user_data
 .text._lv_event_mark_deleted
                0x08004d30       0x28 CMakeFiles/galvanometer.elf.dir/LVGL/src/core/lv_event.c.obj
                0x08004d30                _lv_event_mark_deleted
 .text.lv_obj_add_event_cb
                0x08004d58       0x9a CMakeFiles/galvanometer.elf.dir/LVGL/src/core/lv_event.c.obj
                0x08004d58                lv_obj_add_event_cb
 .text.lv_event_get_indev
                0x08004df2       0x16 CMakeFiles/galvanometer.elf.dir/LVGL/src/core/lv_event.c.obj
                0x08004df2                lv_event_get_indev
 .text.lv_event_get_draw_ctx
                0x08004e08       0x24 CMakeFiles/galvanometer.elf.dir/LVGL/src/core/lv_event.c.obj
                0x08004e08                lv_event_get_draw_ctx
 .text.lv_event_set_ext_draw_size
                0x08004e2c       0x1e CMakeFiles/galvanometer.elf.dir/LVGL/src/core/lv_event.c.obj
                0x08004e2c                lv_event_set_ext_draw_size
 .text.get_indev
                0x08004e4a       0x52 CMakeFiles/galvanometer.elf.dir/LVGL/src/core/lv_group.c.obj
 .text.focus_next_core
                0x08004e9c      0x112 CMakeFiles/galvanometer.elf.dir/LVGL/src/core/lv_group.c.obj
 *fill*         0x08004fae        0x2 
 .text._lv_group_init
                0x08004fb0       0x10 CMakeFiles/galvanometer.elf.dir/LVGL/src/core/lv_group.c.obj
                0x08004fb0                _lv_group_init
 .text.lv_group_get_default
                0x08004fc0        0xc CMakeFiles/galvanometer.elf.dir/LVGL/src/core/lv_group.c.obj
                0x08004fc0                lv_group_get_default
 .text.lv_group_focus_next
                0x08004fcc       0x24 CMakeFiles/galvanometer.elf.dir/LVGL/src/core/lv_group.c.obj
                0x08004fcc                lv_group_focus_next
 .text.lv_group_focus_prev
                0x08004ff0       0x24 CMakeFiles/galvanometer.elf.dir/LVGL/src/core/lv_group.c.obj
                0x08004ff0                lv_group_focus_prev
 .text.lv_group_refocus
                0x08005014       0x2c CMakeFiles/galvanometer.elf.dir/LVGL/src/core/lv_group.c.obj
 .text.lv_group_remove_obj
                0x08005040       0xa2 CMakeFiles/galvanometer.elf.dir/LVGL/src/core/lv_group.c.obj
                0x08005040                lv_group_remove_obj
 .text.lv_group_add_obj
                0x080050e2       0x7a CMakeFiles/galvanometer.elf.dir/LVGL/src/core/lv_group.c.obj
                0x080050e2                lv_group_add_obj
 .text.lv_group_get_focused
                0x0800515c        0xc CMakeFiles/galvanometer.elf.dir/LVGL/src/core/lv_group.c.obj
                0x0800515c                lv_group_get_focused
 .text.lv_group_set_editing
                0x08005168       0x44 CMakeFiles/galvanometer.elf.dir/LVGL/src/core/lv_group.c.obj
                0x08005168                lv_group_set_editing
 .text.lv_group_get_editing
                0x080051ac        0xe CMakeFiles/galvanometer.elf.dir/LVGL/src/core/lv_group.c.obj
                0x080051ac                lv_group_get_editing
 *fill*         0x080051ba        0x2 
 .text.lv_indev_get_act
                0x080051bc        0xc CMakeFiles/galvanometer.elf.dir/LVGL/src/core/lv_indev.c.obj
                0x080051bc                lv_indev_get_act
 .text.lv_indev_get_type
                0x080051c8        0xc CMakeFiles/galvanometer.elf.dir/LVGL/src/core/lv_indev.c.obj
                0x080051c8                lv_indev_get_type
 .text.lv_indev_reset
                0x080051d4       0xbc CMakeFiles/galvanometer.elf.dir/LVGL/src/core/lv_indev.c.obj
                0x080051d4                lv_indev_reset
 .text.lv_indev_reset_long_press
                0x08005290       0x1a CMakeFiles/galvanometer.elf.dir/LVGL/src/core/lv_indev.c.obj
                0x08005290                lv_indev_reset_long_press
 .text.lv_indev_get_point
                0x080052aa       0x30 CMakeFiles/galvanometer.elf.dir/LVGL/src/core/lv_indev.c.obj
                0x080052aa                lv_indev_get_point
 .text.lv_indev_get_scroll_dir
                0x080052da       0x22 CMakeFiles/galvanometer.elf.dir/LVGL/src/core/lv_indev.c.obj
                0x080052da                lv_indev_get_scroll_dir
 .text.lv_indev_get_scroll_obj
                0x080052fc       0x1a CMakeFiles/galvanometer.elf.dir/LVGL/src/core/lv_indev.c.obj
                0x080052fc                lv_indev_get_scroll_obj
 .text.lv_indev_get_vect
                0x08005316       0x24 CMakeFiles/galvanometer.elf.dir/LVGL/src/core/lv_indev.c.obj
                0x08005316                lv_indev_get_vect
 .text.lv_indev_wait_release
                0x0800533a        0xc CMakeFiles/galvanometer.elf.dir/LVGL/src/core/lv_indev.c.obj
                0x0800533a                lv_indev_wait_release
 *fill*         0x08005346        0x2 
 .text.lv_indev_get_obj_act
                0x08005348        0xc CMakeFiles/galvanometer.elf.dir/LVGL/src/core/lv_indev.c.obj
                0x08005348                lv_indev_get_obj_act
 .text.lv_indev_scroll_throw_predict
                0x08005354       0x4c CMakeFiles/galvanometer.elf.dir/LVGL/src/core/lv_indev_scroll.c.obj
                0x08005354                lv_indev_scroll_throw_predict
 .text.scrollbar_init_draw_dsc
                0x080053a0      0x10e CMakeFiles/galvanometer.elf.dir/LVGL/src/core/lv_obj.c.obj
 *fill*         0x080054ae        0x2 
 .text.draw_scrollbar
                0x080054b0       0xac CMakeFiles/galvanometer.elf.dir/LVGL/src/core/lv_obj.c.obj
 .text.lv_obj_draw
                0x0800555c      0x328 CMakeFiles/galvanometer.elf.dir/LVGL/src/core/lv_obj.c.obj
 .text.lv_obj_constructor
                0x08005884       0xa0 CMakeFiles/galvanometer.elf.dir/LVGL/src/core/lv_obj.c.obj
 .text.lv_style_get_prop_inlined
                0x08005924       0xd4 CMakeFiles/galvanometer.elf.dir/LVGL/src/core/lv_obj.c.obj
 .text.lv_obj_set_state
                0x080059f8      0x1e0 CMakeFiles/galvanometer.elf.dir/LVGL/src/core/lv_obj.c.obj
 .text.lv_init  0x08005bd8       0x58 CMakeFiles/galvanometer.elf.dir/LVGL/src/core/lv_obj.c.obj
                0x08005bd8                lv_init
 .text.lv_obj_create
                0x08005c30       0x18 CMakeFiles/galvanometer.elf.dir/LVGL/src/core/lv_obj.c.obj
                0x08005c30                lv_obj_create
 .text.lv_obj_clear_flag
                0x08005c48       0x84 CMakeFiles/galvanometer.elf.dir/LVGL/src/core/lv_obj.c.obj
                0x08005c48                lv_obj_clear_flag
 .text.lv_obj_add_state
                0x08005ccc       0x18 CMakeFiles/galvanometer.elf.dir/LVGL/src/core/lv_obj.c.obj
                0x08005ccc                lv_obj_add_state
 .text.lv_obj_clear_state
                0x08005ce4       0x18 CMakeFiles/galvanometer.elf.dir/LVGL/src/core/lv_obj.c.obj
                0x08005ce4                lv_obj_clear_state
 .text.lv_obj_has_flag
                0x08005cfc        0xc CMakeFiles/galvanometer.elf.dir/LVGL/src/core/lv_obj.c.obj
                0x08005cfc                lv_obj_has_flag
 .text.lv_obj_has_flag_any
                0x08005d08        0xc CMakeFiles/galvanometer.elf.dir/LVGL/src/core/lv_obj.c.obj
                0x08005d08                lv_obj_has_flag_any
 .text.lv_obj_get_state
                0x08005d14        0x4 CMakeFiles/galvanometer.elf.dir/LVGL/src/core/lv_obj.c.obj
                0x08005d14                lv_obj_get_state
 .text.lv_obj_has_state
                0x08005d18        0xc CMakeFiles/galvanometer.elf.dir/LVGL/src/core/lv_obj.c.obj
                0x08005d18                lv_obj_has_state
 .text.lv_obj_get_group
                0x08005d24        0x8 CMakeFiles/galvanometer.elf.dir/LVGL/src/core/lv_obj.c.obj
                0x08005d24                lv_obj_get_group
 .text.lv_obj_event
                0x08005d2c      0x3e4 CMakeFiles/galvanometer.elf.dir/LVGL/src/core/lv_obj.c.obj
 .text.lv_obj_destructor
                0x08006110       0x68 CMakeFiles/galvanometer.elf.dir/LVGL/src/core/lv_obj.c.obj
 .text.lv_obj_add_flag
                0x08006178       0x90 CMakeFiles/galvanometer.elf.dir/LVGL/src/core/lv_obj.c.obj
                0x08006178                lv_obj_add_flag
 .text.lv_obj_allocate_spec_attr
                0x08006208       0x40 CMakeFiles/galvanometer.elf.dir/LVGL/src/core/lv_obj.c.obj
                0x08006208                lv_obj_allocate_spec_attr
 .text.lv_obj_check_type
                0x08006248       0x12 CMakeFiles/galvanometer.elf.dir/LVGL/src/core/lv_obj.c.obj
                0x08006248                lv_obj_check_type
 .text.lv_obj_construct
                0x0800625a       0x1e CMakeFiles/galvanometer.elf.dir/LVGL/src/core/lv_obj_class.c.obj
 .text.get_instance_size
                0x08006278       0x24 CMakeFiles/galvanometer.elf.dir/LVGL/src/core/lv_obj_class.c.obj
 .text.lv_obj_class_create_obj
                0x0800629c       0xd4 CMakeFiles/galvanometer.elf.dir/LVGL/src/core/lv_obj_class.c.obj
                0x0800629c                lv_obj_class_create_obj
 .text._lv_obj_destruct
                0x08006370       0x1e CMakeFiles/galvanometer.elf.dir/LVGL/src/core/lv_obj_class.c.obj
                0x08006370                _lv_obj_destruct
 .text.lv_obj_is_editable
                0x0800638e       0x26 CMakeFiles/galvanometer.elf.dir/LVGL/src/core/lv_obj_class.c.obj
                0x0800638e                lv_obj_is_editable
 .text.lv_obj_is_group_def
                0x080063b4       0x26 CMakeFiles/galvanometer.elf.dir/LVGL/src/core/lv_obj_class.c.obj
                0x080063b4                lv_obj_is_group_def
 .text.lv_obj_class_init_obj
                0x080063da       0x72 CMakeFiles/galvanometer.elf.dir/LVGL/src/core/lv_obj_class.c.obj
                0x080063da                lv_obj_class_init_obj
 .text.lv_obj_get_style_bg_color_filtered
                0x0800644c       0x18 CMakeFiles/galvanometer.elf.dir/LVGL/src/core/lv_obj_draw.c.obj
 .text.lv_obj_get_style_bg_grad_color_filtered
                0x08006464       0x18 CMakeFiles/galvanometer.elf.dir/LVGL/src/core/lv_obj_draw.c.obj
 .text.lv_obj_get_style_border_color_filtered
                0x0800647c       0x18 CMakeFiles/galvanometer.elf.dir/LVGL/src/core/lv_obj_draw.c.obj
 .text.lv_obj_get_style_outline_color_filtered
                0x08006494       0x18 CMakeFiles/galvanometer.elf.dir/LVGL/src/core/lv_obj_draw.c.obj
 .text.lv_obj_get_style_text_color_filtered
                0x080064ac       0x18 CMakeFiles/galvanometer.elf.dir/LVGL/src/core/lv_obj_draw.c.obj
 .text.lv_obj_get_style_bg_img_recolor_filtered
                0x080064c4       0x18 CMakeFiles/galvanometer.elf.dir/LVGL/src/core/lv_obj_draw.c.obj
 .text.lv_obj_get_style_shadow_color_filtered
                0x080064dc       0x18 CMakeFiles/galvanometer.elf.dir/LVGL/src/core/lv_obj_draw.c.obj
 .text.lv_obj_get_style_img_recolor_filtered
                0x080064f4       0x18 CMakeFiles/galvanometer.elf.dir/LVGL/src/core/lv_obj_draw.c.obj
 .text.lv_obj_get_style_line_color_filtered
                0x0800650c       0x18 CMakeFiles/galvanometer.elf.dir/LVGL/src/core/lv_obj_draw.c.obj
 .text.lv_obj_get_style_arc_color_filtered
                0x08006524       0x18 CMakeFiles/galvanometer.elf.dir/LVGL/src/core/lv_obj_draw.c.obj
 .text.lv_obj_init_draw_rect_dsc
                0x0800653c      0x2a4 CMakeFiles/galvanometer.elf.dir/LVGL/src/core/lv_obj_draw.c.obj
                0x0800653c                lv_obj_init_draw_rect_dsc
 .text.lv_obj_init_draw_label_dsc
                0x080067e0       0xa2 CMakeFiles/galvanometer.elf.dir/LVGL/src/core/lv_obj_draw.c.obj
                0x080067e0                lv_obj_init_draw_label_dsc
 .text.lv_obj_init_draw_img_dsc
                0x08006882       0xa8 CMakeFiles/galvanometer.elf.dir/LVGL/src/core/lv_obj_draw.c.obj
                0x08006882                lv_obj_init_draw_img_dsc
 .text.lv_obj_init_draw_line_dsc
                0x0800692a       0xb0 CMakeFiles/galvanometer.elf.dir/LVGL/src/core/lv_obj_draw.c.obj
                0x0800692a                lv_obj_init_draw_line_dsc
 .text.lv_obj_init_draw_arc_dsc
                0x080069da       0x94 CMakeFiles/galvanometer.elf.dir/LVGL/src/core/lv_obj_draw.c.obj
                0x080069da                lv_obj_init_draw_arc_dsc
 .text.lv_obj_calculate_ext_draw_size
                0x08006a6e       0xd8 CMakeFiles/galvanometer.elf.dir/LVGL/src/core/lv_obj_draw.c.obj
                0x08006a6e                lv_obj_calculate_ext_draw_size
 .text.lv_obj_draw_dsc_init
                0x08006b46       0x10 CMakeFiles/galvanometer.elf.dir/LVGL/src/core/lv_obj_draw.c.obj
                0x08006b46                lv_obj_draw_dsc_init
 .text._lv_obj_get_ext_draw_size
                0x08006b56        0xe CMakeFiles/galvanometer.elf.dir/LVGL/src/core/lv_obj_draw.c.obj
                0x08006b56                _lv_obj_get_ext_draw_size
 .text.lv_obj_refresh_ext_draw_size
                0x08006b64       0x64 CMakeFiles/galvanometer.elf.dir/LVGL/src/core/lv_obj_draw.c.obj
                0x08006b64                lv_obj_refresh_ext_draw_size
 .text._lv_obj_get_layer_type
                0x08006bc8        0xe CMakeFiles/galvanometer.elf.dir/LVGL/src/core/lv_obj_draw.c.obj
                0x08006bc8                _lv_obj_get_layer_type
 *fill*         0x08006bd6        0x2 
 .text.transform_point
                0x08006bd8      0x118 CMakeFiles/galvanometer.elf.dir/LVGL/src/core/lv_obj_pos.c.obj
 .text.lv_obj_set_x
                0x08006cf0       0x2e CMakeFiles/galvanometer.elf.dir/LVGL/src/core/lv_obj_pos.c.obj
                0x08006cf0                lv_obj_set_x
 .text.lv_obj_set_y
                0x08006d1e       0x2e CMakeFiles/galvanometer.elf.dir/LVGL/src/core/lv_obj_pos.c.obj
                0x08006d1e                lv_obj_set_y
 .text.lv_obj_set_pos
                0x08006d4c       0x14 CMakeFiles/galvanometer.elf.dir/LVGL/src/core/lv_obj_pos.c.obj
                0x08006d4c                lv_obj_set_pos
 .text.lv_obj_set_width
                0x08006d60       0x2e CMakeFiles/galvanometer.elf.dir/LVGL/src/core/lv_obj_pos.c.obj
                0x08006d60                lv_obj_set_width
 .text.lv_obj_set_height
                0x08006d8e       0x2e CMakeFiles/galvanometer.elf.dir/LVGL/src/core/lv_obj_pos.c.obj
                0x08006d8e                lv_obj_set_height
 .text.lv_obj_set_size
                0x08006dbc       0x14 CMakeFiles/galvanometer.elf.dir/LVGL/src/core/lv_obj_pos.c.obj
                0x08006dbc                lv_obj_set_size
 .text.lv_obj_is_layout_positioned
                0x08006dd0       0x34 CMakeFiles/galvanometer.elf.dir/LVGL/src/core/lv_obj_pos.c.obj
                0x08006dd0                lv_obj_is_layout_positioned
 .text.lv_obj_mark_layout_as_dirty
                0x08006e04       0x2c CMakeFiles/galvanometer.elf.dir/LVGL/src/core/lv_obj_pos.c.obj
                0x08006e04                lv_obj_mark_layout_as_dirty
 .text.lv_obj_set_layout
                0x08006e30       0x14 CMakeFiles/galvanometer.elf.dir/LVGL/src/core/lv_obj_pos.c.obj
                0x08006e30                lv_obj_set_layout
 .text.lv_layout_register
                0x08006e44       0x44 CMakeFiles/galvanometer.elf.dir/LVGL/src/core/lv_obj_pos.c.obj
                0x08006e44                lv_layout_register
 .text.lv_obj_align
                0x08006e88       0x1a CMakeFiles/galvanometer.elf.dir/LVGL/src/core/lv_obj_pos.c.obj
                0x08006e88                lv_obj_align
 .text.lv_obj_get_coords
                0x08006ea2       0x1a CMakeFiles/galvanometer.elf.dir/LVGL/src/core/lv_obj_pos.c.obj
                0x08006ea2                lv_obj_get_coords
 .text.lv_obj_get_x
                0x08006ebc       0x46 CMakeFiles/galvanometer.elf.dir/LVGL/src/core/lv_obj_pos.c.obj
                0x08006ebc                lv_obj_get_x
 .text.lv_obj_get_y
                0x08006f02       0x46 CMakeFiles/galvanometer.elf.dir/LVGL/src/core/lv_obj_pos.c.obj
                0x08006f02                lv_obj_get_y
 .text.lv_obj_get_width
                0x08006f48        0xe CMakeFiles/galvanometer.elf.dir/LVGL/src/core/lv_obj_pos.c.obj
                0x08006f48                lv_obj_get_width
 .text.lv_obj_get_height
                0x08006f56        0xe CMakeFiles/galvanometer.elf.dir/LVGL/src/core/lv_obj_pos.c.obj
                0x08006f56                lv_obj_get_height
 .text.lv_obj_get_y2
                0x08006f64       0x18 CMakeFiles/galvanometer.elf.dir/LVGL/src/core/lv_obj_pos.c.obj
                0x08006f64                lv_obj_get_y2
 .text.lv_obj_get_content_width
                0x08006f7c       0x40 CMakeFiles/galvanometer.elf.dir/LVGL/src/core/lv_obj_pos.c.obj
                0x08006f7c                lv_obj_get_content_width
 .text.lv_obj_get_content_height
                0x08006fbc       0x40 CMakeFiles/galvanometer.elf.dir/LVGL/src/core/lv_obj_pos.c.obj
                0x08006fbc                lv_obj_get_content_height
 .text.lv_obj_get_content_coords
                0x08006ffc       0x6e CMakeFiles/galvanometer.elf.dir/LVGL/src/core/lv_obj_pos.c.obj
                0x08006ffc                lv_obj_get_content_coords
 .text.lv_obj_get_self_width
                0x0800706a       0x22 CMakeFiles/galvanometer.elf.dir/LVGL/src/core/lv_obj_pos.c.obj
                0x0800706a                lv_obj_get_self_width
 .text.calc_content_width
                0x0800708c      0x1f0 CMakeFiles/galvanometer.elf.dir/LVGL/src/core/lv_obj_pos.c.obj
 .text.lv_obj_get_self_height
                0x0800727c       0x22 CMakeFiles/galvanometer.elf.dir/LVGL/src/core/lv_obj_pos.c.obj
                0x0800727c                lv_obj_get_self_height
 *fill*         0x0800729e        0x2 
 .text.calc_content_height
                0x080072a0      0x11c CMakeFiles/galvanometer.elf.dir/LVGL/src/core/lv_obj_pos.c.obj
 .text.lv_obj_refresh_self_size
                0x080073bc       0x34 CMakeFiles/galvanometer.elf.dir/LVGL/src/core/lv_obj_pos.c.obj
                0x080073bc                lv_obj_refresh_self_size
 .text.lv_obj_move_children_by
                0x080073f0       0x68 CMakeFiles/galvanometer.elf.dir/LVGL/src/core/lv_obj_pos.c.obj
                0x080073f0                lv_obj_move_children_by
 .text.lv_obj_transform_point
                0x08007458       0x66 CMakeFiles/galvanometer.elf.dir/LVGL/src/core/lv_obj_pos.c.obj
                0x08007458                lv_obj_transform_point
 .text.lv_obj_get_transformed_area
                0x080074be       0xec CMakeFiles/galvanometer.elf.dir/LVGL/src/core/lv_obj_pos.c.obj
                0x080074be                lv_obj_get_transformed_area
 .text.lv_obj_area_is_visible
                0x080075aa      0x11e CMakeFiles/galvanometer.elf.dir/LVGL/src/core/lv_obj_pos.c.obj
                0x080075aa                lv_obj_area_is_visible
 .text.lv_obj_invalidate_area
                0x080076c8       0x50 CMakeFiles/galvanometer.elf.dir/LVGL/src/core/lv_obj_pos.c.obj
                0x080076c8                lv_obj_invalidate_area
 .text.lv_obj_invalidate
                0x08007718       0x58 CMakeFiles/galvanometer.elf.dir/LVGL/src/core/lv_obj_pos.c.obj
                0x08007718                lv_obj_invalidate
 .text.lv_obj_move_to
                0x08007770      0x14e CMakeFiles/galvanometer.elf.dir/LVGL/src/core/lv_obj_pos.c.obj
                0x08007770                lv_obj_move_to
 *fill*         0x080078be        0x2 
 .text.lv_obj_refr_pos
                0x080078c0      0x2a8 CMakeFiles/galvanometer.elf.dir/LVGL/src/core/lv_obj_pos.c.obj
                0x080078c0                lv_obj_refr_pos
 .text.lv_obj_is_visible
                0x08007b68       0x58 CMakeFiles/galvanometer.elf.dir/LVGL/src/core/lv_obj_pos.c.obj
                0x08007b68                lv_obj_is_visible
 .text.lv_obj_set_ext_click_area
                0x08007bc0       0x10 CMakeFiles/galvanometer.elf.dir/LVGL/src/core/lv_obj_pos.c.obj
                0x08007bc0                lv_obj_set_ext_click_area
 .text.lv_obj_get_click_area
                0x08007bd0       0x4e CMakeFiles/galvanometer.elf.dir/LVGL/src/core/lv_obj_pos.c.obj
                0x08007bd0                lv_obj_get_click_area
 *fill*         0x08007c1e        0x2 
 .text.lv_clamp_width
                0x08007c20       0x7c CMakeFiles/galvanometer.elf.dir/LVGL/src/core/lv_obj_pos.c.obj
                0x08007c20                lv_clamp_width
 .text.lv_clamp_height
                0x08007c9c       0x7c CMakeFiles/galvanometer.elf.dir/LVGL/src/core/lv_obj_pos.c.obj
                0x08007c9c                lv_clamp_height
 .text.lv_obj_refr_size
                0x08007d18      0x354 CMakeFiles/galvanometer.elf.dir/LVGL/src/core/lv_obj_pos.c.obj
                0x08007d18                lv_obj_refr_size
 .text.layout_update_core
                0x0800806c       0xa4 CMakeFiles/galvanometer.elf.dir/LVGL/src/core/lv_obj_pos.c.obj
 .text.lv_obj_update_layout
                0x08008110       0x40 CMakeFiles/galvanometer.elf.dir/LVGL/src/core/lv_obj_pos.c.obj
                0x08008110                lv_obj_update_layout
 .text.lv_obj_align_to
                0x08008150      0x44c CMakeFiles/galvanometer.elf.dir/LVGL/src/core/lv_obj_pos.c.obj
                0x08008150                lv_obj_align_to
 .text.scroll_anim_ready_cb
                0x0800859c        0xe CMakeFiles/galvanometer.elf.dir/LVGL/src/core/lv_obj_scroll.c.obj
 .text.lv_obj_set_scrollbar_mode
                0x080085aa       0x26 CMakeFiles/galvanometer.elf.dir/LVGL/src/core/lv_obj_scroll.c.obj
                0x080085aa                lv_obj_set_scrollbar_mode
 .text.lv_obj_set_scroll_dir
                0x080085d0       0x20 CMakeFiles/galvanometer.elf.dir/LVGL/src/core/lv_obj_scroll.c.obj
                0x080085d0                lv_obj_set_scroll_dir
 .text.lv_obj_set_scroll_snap_x
                0x080085f0       0x16 CMakeFiles/galvanometer.elf.dir/LVGL/src/core/lv_obj_scroll.c.obj
                0x080085f0                lv_obj_set_scroll_snap_x
 .text.lv_obj_set_scroll_snap_y
                0x08008606       0x16 CMakeFiles/galvanometer.elf.dir/LVGL/src/core/lv_obj_scroll.c.obj
                0x08008606                lv_obj_set_scroll_snap_y
 .text.lv_obj_get_scrollbar_mode
                0x0800861c       0x10 CMakeFiles/galvanometer.elf.dir/LVGL/src/core/lv_obj_scroll.c.obj
                0x0800861c                lv_obj_get_scrollbar_mode
 .text.lv_obj_get_scroll_dir
                0x0800862c       0x10 CMakeFiles/galvanometer.elf.dir/LVGL/src/core/lv_obj_scroll.c.obj
                0x0800862c                lv_obj_get_scroll_dir
 .text.lv_obj_get_scroll_snap_x
                0x0800863c       0x10 CMakeFiles/galvanometer.elf.dir/LVGL/src/core/lv_obj_scroll.c.obj
                0x0800863c                lv_obj_get_scroll_snap_x
 .text.lv_obj_get_scroll_snap_y
                0x0800864c       0x10 CMakeFiles/galvanometer.elf.dir/LVGL/src/core/lv_obj_scroll.c.obj
                0x0800864c                lv_obj_get_scroll_snap_y
 .text.lv_obj_get_scroll_x
                0x0800865c       0x10 CMakeFiles/galvanometer.elf.dir/LVGL/src/core/lv_obj_scroll.c.obj
                0x0800865c                lv_obj_get_scroll_x
 .text.lv_obj_get_scroll_y
                0x0800866c       0x10 CMakeFiles/galvanometer.elf.dir/LVGL/src/core/lv_obj_scroll.c.obj
                0x0800866c                lv_obj_get_scroll_y
 .text.lv_obj_get_scroll_top
                0x0800867c       0x10 CMakeFiles/galvanometer.elf.dir/LVGL/src/core/lv_obj_scroll.c.obj
                0x0800867c                lv_obj_get_scroll_top
 .text.lv_obj_get_scroll_bottom
                0x0800868c       0xb0 CMakeFiles/galvanometer.elf.dir/LVGL/src/core/lv_obj_scroll.c.obj
                0x0800868c                lv_obj_get_scroll_bottom
 .text.lv_obj_get_scroll_left
                0x0800873c       0xe4 CMakeFiles/galvanometer.elf.dir/LVGL/src/core/lv_obj_scroll.c.obj
                0x0800873c                lv_obj_get_scroll_left
 .text.lv_obj_get_scroll_right
                0x08008820       0xd0 CMakeFiles/galvanometer.elf.dir/LVGL/src/core/lv_obj_scroll.c.obj
                0x08008820                lv_obj_get_scroll_right
 .text.lv_obj_get_scroll_end
                0x080088f0       0x44 CMakeFiles/galvanometer.elf.dir/LVGL/src/core/lv_obj_scroll.c.obj
                0x080088f0                lv_obj_get_scroll_end
 .text._lv_obj_scroll_by_raw
                0x08008934       0x4e CMakeFiles/galvanometer.elf.dir/LVGL/src/core/lv_obj_scroll.c.obj
                0x08008934                _lv_obj_scroll_by_raw
 .text.scroll_y_anim
                0x08008982       0x1a CMakeFiles/galvanometer.elf.dir/LVGL/src/core/lv_obj_scroll.c.obj
 .text.scroll_x_anim
                0x0800899c       0x1a CMakeFiles/galvanometer.elf.dir/LVGL/src/core/lv_obj_scroll.c.obj
 *fill*         0x080089b6        0x2 
 .text.lv_obj_scroll_by
                0x080089b8      0x120 CMakeFiles/galvanometer.elf.dir/LVGL/src/core/lv_obj_scroll.c.obj
                0x080089b8                lv_obj_scroll_by
 .text.lv_obj_scroll_by_bounded
                0x08008ad8       0xfa CMakeFiles/galvanometer.elf.dir/LVGL/src/core/lv_obj_scroll.c.obj
                0x08008ad8                lv_obj_scroll_by_bounded
 *fill*         0x08008bd2        0x2 
 .text.lv_obj_scroll_to_x
                0x08008bd4       0x28 CMakeFiles/galvanometer.elf.dir/LVGL/src/core/lv_obj_scroll.c.obj
                0x08008bd4                lv_obj_scroll_to_x
 .text.lv_obj_scroll_to_y
                0x08008bfc       0x28 CMakeFiles/galvanometer.elf.dir/LVGL/src/core/lv_obj_scroll.c.obj
                0x08008bfc                lv_obj_scroll_to_y
 .text.lv_obj_scroll_to
                0x08008c24       0x1a CMakeFiles/galvanometer.elf.dir/LVGL/src/core/lv_obj_scroll.c.obj
                0x08008c24                lv_obj_scroll_to
 *fill*         0x08008c3e        0x2 
 .text.scroll_area_into_view
                0x08008c40      0x360 CMakeFiles/galvanometer.elf.dir/LVGL/src/core/lv_obj_scroll.c.obj
 .text.lv_obj_scroll_to_view_recursive
                0x08008fa0       0x40 CMakeFiles/galvanometer.elf.dir/LVGL/src/core/lv_obj_scroll.c.obj
                0x08008fa0                lv_obj_scroll_to_view_recursive
 .text.lv_obj_get_scrollbar_area
                0x08008fe0      0x804 CMakeFiles/galvanometer.elf.dir/LVGL/src/core/lv_obj_scroll.c.obj
                0x08008fe0                lv_obj_get_scrollbar_area
 .text.lv_obj_scrollbar_invalidate
                0x080097e4       0x48 CMakeFiles/galvanometer.elf.dir/LVGL/src/core/lv_obj_scroll.c.obj
                0x080097e4                lv_obj_scrollbar_invalidate
 .text.lv_obj_readjust_scroll
                0x0800982c       0x96 CMakeFiles/galvanometer.elf.dir/LVGL/src/core/lv_obj_scroll.c.obj
                0x0800982c                lv_obj_readjust_scroll
 *fill*         0x080098c2        0x2 
 .text.lv_color_mix
                0x080098c4       0x4c CMakeFiles/galvanometer.elf.dir/LVGL/src/core/lv_obj_style.c.obj
 .text.trans_del
                0x08009910       0xb0 CMakeFiles/galvanometer.elf.dir/LVGL/src/core/lv_obj_style.c.obj
 .text.refresh_children_style
                0x080099c0       0x3a CMakeFiles/galvanometer.elf.dir/LVGL/src/core/lv_obj_style.c.obj
 .text.get_local_style
                0x080099fa       0xc8 CMakeFiles/galvanometer.elf.dir/LVGL/src/core/lv_obj_style.c.obj
 .text.get_trans_style
                0x08009ac2       0xac CMakeFiles/galvanometer.elf.dir/LVGL/src/core/lv_obj_style.c.obj
 *fill*         0x08009b6e        0x2 
 .text._lv_obj_style_init
                0x08009b70       0x10 CMakeFiles/galvanometer.elf.dir/LVGL/src/core/lv_obj_style.c.obj
                0x08009b70                _lv_obj_style_init
 .text.lv_obj_enable_style_refresh
                0x08009b80        0xc CMakeFiles/galvanometer.elf.dir/LVGL/src/core/lv_obj_style.c.obj
                0x08009b80                lv_obj_enable_style_refresh
 .text.lv_obj_get_local_style_prop
                0x08009b8c       0x42 CMakeFiles/galvanometer.elf.dir/LVGL/src/core/lv_obj_style.c.obj
                0x08009b8c                lv_obj_get_local_style_prop
 .text.lv_obj_style_get_selector_state
                0x08009bce        0x4 CMakeFiles/galvanometer.elf.dir/LVGL/src/core/lv_obj_style.c.obj
                0x08009bce                lv_obj_style_get_selector_state
 .text._lv_obj_style_state_compare
                0x08009bd2      0x266 CMakeFiles/galvanometer.elf.dir/LVGL/src/core/lv_obj_style.c.obj
                0x08009bd2                _lv_obj_style_state_compare
 .text.lv_obj_style_get_selector_part
                0x08009e38        0x6 CMakeFiles/galvanometer.elf.dir/LVGL/src/core/lv_obj_style.c.obj
                0x08009e38                lv_obj_style_get_selector_part
 .text.get_prop_core
                0x08009e3e      0x12a CMakeFiles/galvanometer.elf.dir/LVGL/src/core/lv_obj_style.c.obj
 .text.lv_obj_get_style_prop
                0x08009f68       0x9a CMakeFiles/galvanometer.elf.dir/LVGL/src/core/lv_obj_style.c.obj
                0x08009f68                lv_obj_get_style_prop
 .text.calculate_layer_type
                0x0800a002       0x52 CMakeFiles/galvanometer.elf.dir/LVGL/src/core/lv_obj_style.c.obj
 .text._lv_obj_style_create_transition
                0x0800a054      0x14c CMakeFiles/galvanometer.elf.dir/LVGL/src/core/lv_obj_style.c.obj
                0x0800a054                _lv_obj_style_create_transition
 .text._lv_obj_style_apply_color_filter
                0x0800a1a0       0x3c CMakeFiles/galvanometer.elf.dir/LVGL/src/core/lv_obj_style.c.obj
                0x0800a1a0                _lv_obj_style_apply_color_filter
 .text.lv_obj_refresh_style
                0x0800a1dc      0x128 CMakeFiles/galvanometer.elf.dir/LVGL/src/core/lv_obj_style.c.obj
                0x0800a1dc                lv_obj_refresh_style
 .text.lv_obj_add_style
                0x0800a304       0xb8 CMakeFiles/galvanometer.elf.dir/LVGL/src/core/lv_obj_style.c.obj
                0x0800a304                lv_obj_add_style
 .text.report_style_change_core
                0x0800a3bc       0x52 CMakeFiles/galvanometer.elf.dir/LVGL/src/core/lv_obj_style.c.obj
 *fill*         0x0800a40e        0x2 
 .text.lv_obj_report_style_change
                0x0800a410       0x40 CMakeFiles/galvanometer.elf.dir/LVGL/src/core/lv_obj_style.c.obj
                0x0800a410                lv_obj_report_style_change
 .text.lv_obj_set_local_style_prop
                0x0800a450       0x24 CMakeFiles/galvanometer.elf.dir/LVGL/src/core/lv_obj_style.c.obj
                0x0800a450                lv_obj_set_local_style_prop
 .text.lv_obj_remove_local_style_prop
                0x0800a474       0x5e CMakeFiles/galvanometer.elf.dir/LVGL/src/core/lv_obj_style.c.obj
                0x0800a474                lv_obj_remove_local_style_prop
 *fill*         0x0800a4d2        0x2 
 .text.trans_anim_cb
                0x0800a4d4      0x188 CMakeFiles/galvanometer.elf.dir/LVGL/src/core/lv_obj_style.c.obj
 .text.lv_obj_remove_style
                0x0800a65c      0x132 CMakeFiles/galvanometer.elf.dir/LVGL/src/core/lv_obj_style.c.obj
                0x0800a65c                lv_obj_remove_style
 *fill*         0x0800a78e        0x2 
 .text.trans_anim_ready_cb
                0x0800a790       0xb8 CMakeFiles/galvanometer.elf.dir/LVGL/src/core/lv_obj_style.c.obj
 .text.trans_anim_start_cb
                0x0800a848       0x40 CMakeFiles/galvanometer.elf.dir/LVGL/src/core/lv_obj_style.c.obj
 .text.lv_obj_calculate_style_text_align
                0x0800a888       0x20 CMakeFiles/galvanometer.elf.dir/LVGL/src/core/lv_obj_style.c.obj
                0x0800a888                lv_obj_calculate_style_text_align
 .text.lv_obj_get_style_opa_recursive
                0x0800a8a8       0x72 CMakeFiles/galvanometer.elf.dir/LVGL/src/core/lv_obj_style.c.obj
                0x0800a8a8                lv_obj_get_style_opa_recursive
 .text.lv_obj_set_style_width
                0x0800a91a        0xe CMakeFiles/galvanometer.elf.dir/LVGL/src/core/lv_obj_style_gen.c.obj
                0x0800a91a                lv_obj_set_style_width
 .text.lv_obj_set_style_min_width
                0x0800a928        0xe CMakeFiles/galvanometer.elf.dir/LVGL/src/core/lv_obj_style_gen.c.obj
                0x0800a928                lv_obj_set_style_min_width
 .text.lv_obj_set_style_height
                0x0800a936        0xe CMakeFiles/galvanometer.elf.dir/LVGL/src/core/lv_obj_style_gen.c.obj
                0x0800a936                lv_obj_set_style_height
 .text.lv_obj_set_style_x
                0x0800a944        0xe CMakeFiles/galvanometer.elf.dir/LVGL/src/core/lv_obj_style_gen.c.obj
                0x0800a944                lv_obj_set_style_x
 .text.lv_obj_set_style_y
                0x0800a952        0xe CMakeFiles/galvanometer.elf.dir/LVGL/src/core/lv_obj_style_gen.c.obj
                0x0800a952                lv_obj_set_style_y
 .text.lv_obj_set_style_align