Archive member included to satisfy reference by file (symbol)

D:/app/VSCode/data/STM32CubeCLT_1.22.0/GNU-tools-for-STM32/bin/../lib/gcc/arm-none-eabi/14.3.1/thumb/v7e-m+fp/hard\libgcc.a(_aeabi_ldivmod.o)
                              CMakeFiles/galvanometer.elf.dir/bsp/bsp_ina226.c.obj (__aeabi_ldivmod)
D:/app/VSCode/data/STM32CubeCLT_1.22.0/GNU-tools-for-STM32/bin/../lib/gcc/arm-none-eabi/14.3.1/thumb/v7e-m+fp/hard\libgcc.a(_aeabi_uldivmod.o)
                              CMakeFiles/galvanometer.elf.dir/bsp/bsp_delay.c.obj (__aeabi_uldivmod)
D:/app/VSCode/data/STM32CubeCLT_1.22.0/GNU-tools-for-STM32/bin/../lib/gcc/arm-none-eabi/14.3.1/thumb/v7e-m+fp/hard\libgcc.a(_udivmoddi4.o)
                              D:/app/VSCode/data/STM32CubeCLT_1.22.0/GNU-tools-for-STM32/bin/../lib/gcc/arm-none-eabi/14.3.1/thumb/v7e-m+fp/hard\libgcc.a(_aeabi_ldivmod.o) (__udivmoddi4)
D:/app/VSCode/data/STM32CubeCLT_1.22.0/GNU-tools-for-STM32/bin/../lib/gcc/arm-none-eabi/14.3.1/thumb/v7e-m+fp/hard\libgcc.a(_dvmd_tls.o)
                              D:/app/VSCode/data/STM32CubeCLT_1.22.0/GNU-tools-for-STM32/bin/../lib/gcc/arm-none-eabi/14.3.1/thumb/v7e-m+fp/hard\libgcc.a(_aeabi_ldivmod.o) (__aeabi_ldiv0)
D:/app/VSCode/data/STM32CubeCLT_1.22.0/GNU-tools-for-STM32/bin/../lib/gcc/arm-none-eabi/14.3.1/../../../../arm-none-eabi/lib/thumb/v7e-m+fp/hard\libg_nano.a(libc_a-exit.o)
                              D:/app/VSCode/data/STM32CubeCLT_1.22.0/GNU-tools-for-STM32/bin/../lib/gcc/arm-none-eabi/14.3.1/../../../../arm-none-eabi/lib/thumb/v7e-m+fp/hard/crt0.o (exit)
D:/app/VSCode/data/STM32CubeCLT_1.22.0/GNU-tools-for-STM32/bin/../lib/gcc/arm-none-eabi/14.3.1/../../../../arm-none-eabi/lib/thumb/v7e-m+fp/hard\libg_nano.a(libc_a-findfp.o)
                              D:/app/VSCode/data/STM32CubeCLT_1.22.0/GNU-tools-for-STM32/bin/../lib/gcc/arm-none-eabi/14.3.1/../../../../arm-none-eabi/lib/thumb/v7e-m+fp/hard\libg_nano.a(libc_a-exit.o) (__stdio_exit_handler)
D:/app/VSCode/data/STM32CubeCLT_1.22.0/GNU-tools-for-STM32/bin/../lib/gcc/arm-none-eabi/14.3.1/../../../../arm-none-eabi/lib/thumb/v7e-m+fp/hard\libg_nano.a(libc_a-fwalk.o)
                              D:/app/VSCode/data/STM32CubeCLT_1.22.0/GNU-tools-for-STM32/bin/../lib/gcc/arm-none-eabi/14.3.1/../../../../arm-none-eabi/lib/thumb/v7e-m+fp/hard\libg_nano.a(libc_a-findfp.o) (_fwalk_sglue)
D:/app/VSCode/data/STM32CubeCLT_1.22.0/GNU-tools-for-STM32/bin/../lib/gcc/arm-none-eabi/14.3.1/../../../../arm-none-eabi/lib/thumb/v7e-m+fp/hard\libg_nano.a(libc_a-snprintf.o)
                              CMakeFiles/galvanometer.elf.dir/bsp/bsp_ina226.c.obj (snprintf)
D:/app/VSCode/data/STM32CubeCLT_1.22.0/GNU-tools-for-STM32/bin/../lib/gcc/arm-none-eabi/14.3.1/../../../../arm-none-eabi/lib/thumb/v7e-m+fp/hard\libg_nano.a(libc_a-stdio.o)
                              D:/app/VSCode/data/STM32CubeCLT_1.22.0/GNU-tools-for-STM32/bin/../lib/gcc/arm-none-eabi/14.3.1/../../../../arm-none-eabi/lib/thumb/v7e-m+fp/hard\libg_nano.a(libc_a-findfp.o) (__sread)
D:/app/VSCode/data/STM32CubeCLT_1.22.0/GNU-tools-for-STM32/bin/../lib/gcc/arm-none-eabi/14.3.1/../../../../arm-none-eabi/lib/thumb/v7e-m+fp/hard\libg_nano.a(libc_a-vsnprintf.o)
                              CMakeFiles/galvanometer.elf.dir/cdc/cdc.c.obj (vsnprintf)
D:/app/VSCode/data/STM32CubeCLT_1.22.0/GNU-tools-for-STM32/bin/../lib/gcc/arm-none-eabi/14.3.1/../../../../arm-none-eabi/lib/thumb/v7e-m+fp/hard\libg_nano.a(libc_a-memset.o)
                              D:/app/VSCode/data/STM32CubeCLT_1.22.0/GNU-tools-for-STM32/bin/../lib/gcc/arm-none-eabi/14.3.1/../../../../arm-none-eabi/lib/thumb/v7e-m+fp/hard/crt0.o (memset)
D:/app/VSCode/data/STM32CubeCLT_1.22.0/GNU-tools-for-STM32/bin/../lib/gcc/arm-none-eabi/14.3.1/../../../../arm-none-eabi/lib/thumb/v7e-m+fp/hard\libg_nano.a(libc_a-strncpy.o)
                              CMakeFiles/galvanometer.elf.dir/core/freertos.c.obj (strncpy)
D:/app/VSCode/data/STM32CubeCLT_1.22.0/GNU-tools-for-STM32/bin/../lib/gcc/arm-none-eabi/14.3.1/../../../../arm-none-eabi/lib/thumb/v7e-m+fp/hard\libg_nano.a(libc_a-closer.o)
                              D:/app/VSCode/data/STM32CubeCLT_1.22.0/GNU-tools-for-STM32/bin/../lib/gcc/arm-none-eabi/14.3.1/../../../../arm-none-eabi/lib/thumb/v7e-m+fp/hard\libg_nano.a(libc_a-stdio.o) (_close_r)
D:/app/VSCode/data/STM32CubeCLT_1.22.0/GNU-tools-for-STM32/bin/../lib/gcc/arm-none-eabi/14.3.1/../../../../arm-none-eabi/lib/thumb/v7e-m+fp/hard\libg_nano.a(libc_a-reent.o)
                              CMakeFiles/galvanometer.elf.dir/GD32F30x_Driver/src/syscalls.c.obj (errno)
D:/app/VSCode/data/STM32CubeCLT_1.22.0/GNU-tools-for-STM32/bin/../lib/gcc/arm-none-eabi/14.3.1/../../../../arm-none-eabi/lib/thumb/v7e-m+fp/hard\libg_nano.a(libc_a-impure.o)
                              D:/app/VSCode/data/STM32CubeCLT_1.22.0/GNU-tools-for-STM32/bin/../lib/gcc/arm-none-eabi/14.3.1/../../../../arm-none-eabi/lib/thumb/v7e-m+fp/hard\libg_nano.a(libc_a-snprintf.o) (_impure_ptr)
[...]
Memory Configuration

Name             Origin             Length             Attributes
FLASH            0x08000000         0x00080000         xr
RAM              0x20000000         0x00010000         xrw
*default*        0x00000000         0xffffffff

Linker script and memory map

LOAD D:/app/VSCode/data/STM32CubeCLT_1.22.0/GNU-tools-for-STM32/bin/../lib/gcc/arm-none-eabi/14.3.1/thumb/v7e-m+fp/hard/crti.o
LOAD D:/app/VSCode/data/STM32CubeCLT_1.22.0/GNU-tools-for-STM32/bin/../lib/gcc/arm-none-eabi/14.3.1/thumb/v7e-m+fp/hard/crtbegin.o
LOAD D:/app/VSCode/data/STM32CubeCLT_1.22.0/GNU-tools-for-STM32/bin/../lib/gcc/arm-none-eabi/14.3.1/../../../../arm-none-eabi/lib/thumb/v7e-m+fp/hard/crt0.o
LOAD CMakeFiles/galvanometer.elf.dir/core/main.c.obj
LOAD CMakeFiles/galvanometer.elf.dir/core/freertos.c.obj
LOAD CMakeFiles/galvanometer.elf.dir/core/gd32f30x_it.c.obj
LOAD CMakeFiles/galvanometer.elf.dir/bsp/board.c.obj
LOAD CMakeFiles/galvanometer.elf.dir/bsp/bsp_lcd.c.obj
LOAD CMakeFiles/galvanometer.elf.dir/bsp/bsp_delay.c.obj
LOAD CMakeFiles/galvanometer.elf.dir/bsp/bsp_ina226.c.obj
LOAD CMakeFiles/galvanometer.elf.dir/cdc/cdc.c.obj
LOAD CMakeFiles/galvanometer.elf.dir/cdc/cdc_acm_core.c.obj
LOAD CMakeFiles/galvanometer.elf.dir/cdc/gd32f30x_usbd_hw.c.obj
LOAD CMakeFiles/galvanometer.elf.dir/cdc/usbd_core.c.obj
LOAD CMakeFiles/galvanometer.elf.dir/cdc/usbd_enum.c.obj
LOAD CMakeFiles/galvanometer.elf.dir/cdc/usbd_transc.c.obj
LOAD CMakeFiles/galvanometer.elf.dir/cdc/usbd_pwr.c.obj
LOAD CMakeFiles/galvanometer.elf.dir/cdc/usbd_lld_core.c.obj
LOAD CMakeFiles/galvanometer.elf.dir/cdc/usbd_lld_int.c.obj
LOAD CMakeFiles/galvanometer.elf.dir/CMSIS/startup_gd32f30x_xd.S.obj
LOAD CMakeFiles/galvanometer.elf.dir/CMSIS/system_gd32f30x.c.obj
LOAD CMakeFiles/galvanometer.elf.dir/GD32F30x_Driver/src/syscalls.c.obj
LOAD CMakeFiles/galvanometer.elf.dir/GD32F30x_Driver/src/gd32f30x_rcu.c.obj
LOAD CMakeFiles/galvanometer.elf.dir/GD32F30x_Driver/src/gd32f30x_gpio.c.obj
LOAD CMakeFiles/galvanometer.elf.dir/GD32F30x_Driver/src/gd32f30x_exti.c.obj
LOAD CMakeFiles/galvanometer.elf.dir/GD32F30x_Driver/src/gd32f30x_spi.c.obj
LOAD CMakeFiles/galvanometer.elf.dir/GD32F30x_Driver/src/gd32f30x_i2c.c.obj
LOAD CMakeFiles/galvanometer.elf.dir/GD32F30x_Driver/src/gd32f30x_timer.c.obj
LOAD CMakeFiles/galvanometer.elf.dir/GD32F30x_Driver/src/gd32f30x_misc.c.obj
LOAD CMakeFiles/galvanometer.elf.dir/GD32F30x_Driver/src/gd32f30x_pmu.c.obj
LOAD CMakeFiles/galvanometer.elf.dir/FreeRTOS/src/tasks.c.obj
LOAD CMakeFiles/galvanometer.elf.dir/FreeRTOS/src/queue.c.obj
LOAD CMakeFiles/galvanometer.elf.dir/FreeRTOS/src/list.c.obj
LOAD CMakeFiles/galvanometer.elf.dir/FreeRTOS/src/timers.c.obj
LOAD CMakeFiles/galvanometer.elf.dir/FreeRTOS/src/event_groups.c.obj
LOAD CMakeFiles/galvanometer.elf.dir/FreeRTOS/src/stream_buffer.c.obj
LOAD CMakeFiles/galvanometer.elf.dir/FreeRTOS/port/GCC/ARM_CM4F/port.c.obj
LOAD CMakeFiles/galvanometer.elf.dir/FreeRTOS/port/MemMang/heap_4.c.obj
LOAD CMakeFiles/galvanometer.elf.dir/FreeRTOS/CMSIS_RTOS_V2/cmsis_os2.c.obj
LOAD CMakeFiles/galvanometer.elf.dir/Tasks/user_ina226_Task.c.obj
LOAD CMakeFiles/galvanometer.elf.dir/Tasks/user_key_Task.c.obj
LOAD CMakeFiles/galvanometer.elf.dir/Tasks/user_lcd_Task.c.obj
LOAD CMakeFiles/galvanometer.elf.dir/Tasks/user_messagesend_Task.c.obj
LOAD CMakeFiles/galvanometer.elf.dir/Tasks/user_TasksInit.c.obj
START GROUP
LOAD D:/app/VSCode/data/STM32CubeCLT_1.22.0/GNU-tools-for-STM32/bin/../lib/gcc/arm-none-eabi/14.3.1/thumb/v7e-m+fp/hard\libgcc.a
LOAD D:/app/VSCode/data/STM32CubeCLT_1.22.0/GNU-tools-for-STM32/bin/../lib/gcc/arm-none-eabi/14.3.1/../../../../arm-none-eabi/lib/thumb/v7e-m+fp/hard\libg_nano.a
LOAD D:/app/VSCode/data/STM32CubeCLT_1.22.0/GNU-tools-for-STM32/bin/../lib/gcc/arm-none-eabi/14.3.1/../../../../arm-none-eabi/lib/thumb/v7e-m+fp/hard\libc_nano.a
END GROUP
START GROUP
LOAD D:/app/VSCode/data/STM32CubeCLT_1.22.0/GNU-tools-for-STM32/bin/../lib/gcc/arm-none-eabi/14.3.1/thumb/v7e-m+fp/hard\libgcc.a
LOAD D:/app/VSCode/data/STM32CubeCLT_1.22.0/GNU-tools-for-STM32/bin/../lib/gcc/arm-none-eabi/14.3.1/../../../../arm-none-eabi/lib/thumb/v7e-m+fp/hard\libc_nano.a
LOAD D:/app/VSCode/data/STM32CubeCLT_1.22.0/GNU-tools-for-STM32/bin/../lib/gcc/arm-none-eabi/14.3.1/../../../../arm-none-eabi/lib/thumb/v7e-m+fp/hard\libnosys.a
END GROUP
START GROUP
LOAD D:/app/VSCode/data/STM32CubeCLT_1.22.0/GNU-tools-for-STM32/bin/../lib/gcc/arm-none-eabi/14.3.1/thumb/v7e-m+fp/hard\libgcc.a
LOAD D:/app/VSCode/data/STM32CubeCLT_1.22.0/GNU-tools-for-STM32/bin/../lib/gcc/arm-none-eabi/14.3.1/../../../../arm-none-eabi/lib/thumb/v7e-m+fp/hard\libc_nano.a
LOAD D:/app/VSCode/data/STM32CubeCLT_1.22.0/GNU-tools-for-STM32/bin/../lib/gcc/arm-none-eabi/14.3.1/../../../../arm-none-eabi/lib/thumb/v7e-m+fp/hard\libnosys.a
END GROUP
LOAD D:/app/VSCode/data/STM32CubeCLT_1.22.0/GNU-tools-for-STM32/bin/../lib/gcc/arm-none-eabi/14.3.1/thumb/v7e-m+fp/hard/crtend.o
LOAD D:/app/VSCode/data/STM32CubeCLT_1.22.0/GNU-tools-for-STM32/bin/../lib/gcc/arm-none-eabi/14.3.1/thumb/v7e-m+fp/hard/crtn.o
                0x00000800                        __stack_size = DEFINED (__stack_size)?__stack_size:0x800
                0x00000400                        __heap_size = DEFINED (__heap_size)?__heap_size:0x400

.vectors        0x08000000      0x130
                0x08000000                        . = ALIGN (0x4)
 *(.vectors)
 .vectors       0x08000000      0x130 CMakeFiles/galvanometer.elf.dir/CMSIS/startup_gd32f30x_xd.S.obj
                0x08000000                __gVectors
                0x08000130                        . = ALIGN (0x4)
                0x08000130                        __Vectors_End = .
                0x08000130                        __Vectors_Size = (__Vectors_End - __gVectors)

.text           0x08000130     0xa358
                0x08000130                        . = ALIGN (0x4)
 *(.text)
 .text          0x08000130       0x40 D:/app/VSCode/data/STM32CubeCLT_1.22.0/GNU-tools-for-STM32/bin/../lib/gcc/arm-none-eabi/14.3.1/thumb/v7e-m+fp/hard/crtbegin.o
 .text          0x08000170       0xa0 D:/app/VSCode/data/STM32CubeCLT_1.22.0/GNU-tools-for-STM32/bin/../lib/gcc/arm-none-eabi/14.3.1/thumb/v7e-m+fp/hard\libgcc.a(_aeabi_ldivmod.o)
                0x08000170                __aeabi_ldivmod
 .text          0x08000210       0x30 D:/app/VSCode/data/STM32CubeCLT_1.22.0/GNU-tools-for-STM32/bin/../lib/gcc/arm-none-eabi/14.3.1/thumb/v7e-m+fp/hard\libgcc.a(_aeabi_uldivmod.o)
                0x08000210                __aeabi_uldivmod
 .text          0x08000240      0x2f8 D:/app/VSCode/data/STM32CubeCLT_1.22.0/GNU-tools-for-STM32/bin/../lib/gcc/arm-none-eabi/14.3.1/thumb/v7e-m+fp/hard\libgcc.a(_udivmoddi4.o)
                0x08000240                __udivmoddi4
 .text          0x08000538        0x4 D:/app/VSCode/data/STM32CubeCLT_1.22.0/GNU-tools-for-STM32/bin/../lib/gcc/arm-none-eabi/14.3.1/thumb/v7e-m+fp/hard\libgcc.a(_dvmd_tls.o)
                0x08000538                __aeabi_idiv0
                0x08000538                __aeabi_ldiv0
 *fill*         0x0800053c        0x4 
 .text          0x08000540       0xa0 D:/app/VSCode/data/STM32CubeCLT_1.22.0/GNU-tools-for-STM32/bin/../lib/gcc/arm-none-eabi/14.3.1/../../../../arm-none-eabi/lib/thumb/v7e-m+fp/hard\libg_nano.a(libc_a-memchr.o)
                0x08000540                memchr
 *(.text*)
 .text.main     0x080005e0       0x20 CMakeFiles/galvanometer.elf.dir/core/main.c.obj
                0x080005e0                main
 .text.vApplicationStackOverflowHook
                0x08000600       0x24 CMakeFiles/galvanometer.elf.dir/core/freertos.c.obj
                0x08000600                vApplicationStackOverflowHook
 .text.MX_FREERTOS_Init
                0x08000624        0xc CMakeFiles/galvanometer.elf.dir/core/freertos.c.obj
                0x08000624                MX_FREERTOS_Init
 .text.USBD_LP_CAN0_RX0_IRQHandler
                0x08000630        0xc CMakeFiles/galvanometer.elf.dir/core/gd32f30x_it.c.obj
                0x08000630                USBD_LP_CAN0_RX0_IRQHandler
 .text.USBD_HP_CAN0_TX_IRQHandler
                0x0800063c        0xc CMakeFiles/galvanometer.elf.dir/core/gd32f30x_it.c.obj
                0x0800063c                USBD_HP_CAN0_TX_IRQHandler
 .text.EXTI10_15_IRQHandler
                0x08000648       0x90 CMakeFiles/galvanometer.elf.dir/core/gd32f30x_it.c.obj
                0x08000648                EXTI10_15_IRQHandler
 .text.EXTI0_IRQHandler
                0x080006d8       0x3c CMakeFiles/galvanometer.elf.dir/core/gd32f30x_it.c.obj
                0x080006d8                EXTI0_IRQHandler
 .text.__NVIC_SetPriority
                0x08000714       0x54 CMakeFiles/galvanometer.elf.dir/bsp/board.c.obj
 .text.SysTick_Config
                0x08000768       0x44 CMakeFiles/galvanometer.elf.dir/bsp/board.c.obj
 .text.board_clock_init
                0x080007ac        0xc CMakeFiles/galvanometer.elf.dir/bsp/board.c.obj
                0x080007ac                board_clock_init
 .text.gpio_config
                0x080007b8       0xcc CMakeFiles/galvanometer.elf.dir/bsp/board.c.obj
 .text.spi_config
                0x08000884       0x9c CMakeFiles/galvanometer.elf.dir/bsp/board.c.obj
 .text.i2c_config
                0x08000920       0x40 CMakeFiles/galvanometer.elf.dir/bsp/board.c.obj
 .text.key_exti_init
                0x08000960       0xc4 CMakeFiles/galvanometer.elf.dir/bsp/board.c.obj
                0x08000960                key_exti_init
 .text.board_init
                0x08000a24       0x38 CMakeFiles/galvanometer.elf.dir/bsp/board.c.obj
                0x08000a24                board_init
 .text.dut_power_set
                0x08000a5c       0x34 CMakeFiles/galvanometer.elf.dir/bsp/board.c.obj
                0x08000a5c                dut_power_set
 .text.i2c_wait_flag
                0x08000a90       0x44 CMakeFiles/galvanometer.elf.dir/bsp/board.c.obj
 .text.i2c_readreg
                0x08000ad4      0x264 CMakeFiles/galvanometer.elf.dir/bsp/board.c.obj
                0x08000ad4                i2c_readreg
 .text.lcd_cs_low
                0x08000d38       0x14 CMakeFiles/galvanometer.elf.dir/bsp/bsp_lcd.c.obj
 .text.lcd_cs_high
                0x08000d4c       0x14 CMakeFiles/galvanometer.elf.dir/bsp/bsp_lcd.c.obj
 .text.lcd_dc_cmd
                0x08000d60       0x14 CMakeFiles/galvanometer.elf.dir/bsp/bsp_lcd.c.obj
 .text.lcd_dc_data
                0x08000d74       0x14 CMakeFiles/galvanometer.elf.dir/bsp/bsp_lcd.c.obj
 .text.spi0_xfer
                0x08000d88       0x50 CMakeFiles/galvanometer.elf.dir/bsp/bsp_lcd.c.obj
 .text.lcd_write_cmd
                0x08000dd8       0x26 CMakeFiles/galvanometer.elf.dir/bsp/bsp_lcd.c.obj
 .text.lcd_write_data8
                0x08000dfe       0x26 CMakeFiles/galvanometer.elf.dir/bsp/bsp_lcd.c.obj
 .text.lcd_write_data16
                0x08000e24       0x36 CMakeFiles/galvanometer.elf.dir/bsp/bsp_lcd.c.obj
 .text.lcd_set_window
                0x08000e5a       0x70 CMakeFiles/galvanometer.elf.dir/bsp/bsp_lcd.c.obj
 .text.lcd_fill_color
                0x08000eca       0x58 CMakeFiles/galvanometer.elf.dir/bsp/bsp_lcd.c.obj
                0x08000eca                lcd_fill_color
 *fill*         0x08000f22        0x2 
 .text.lcd_init
                0x08000f24       0x78 CMakeFiles/galvanometer.elf.dir/bsp/bsp_lcd.c.obj
                0x08000f24                lcd_init
 .text.lcd_draw_pixel
                0x08000f9c       0x2e CMakeFiles/galvanometer.elf.dir/bsp/bsp_lcd.c.obj
                0x08000f9c                lcd_draw_pixel
 .text.lcd_clear_column
                0x08000fca       0x76 CMakeFiles/galvanometer.elf.dir/bsp/bsp_lcd.c.obj
                0x08000fca                lcd_clear_column
 .text.lcd_draw_pixel_update
                0x08001040       0x32 CMakeFiles/galvanometer.elf.dir/bsp/bsp_lcd.c.obj
                0x08001040                lcd_draw_pixel_update
 .text.lcd_draw_char
                0x08001072       0xde CMakeFiles/galvanometer.elf.dir/bsp/bsp_lcd.c.obj
                0x08001072                lcd_draw_char
 .text.lcd_draw_string
                0x08001150       0x50 CMakeFiles/galvanometer.elf.dir/bsp/bsp_lcd.c.obj
                0x08001150                lcd_draw_string
 .text.delay_us
                0x080011a0       0x78 CMakeFiles/galvanometer.elf.dir/bsp/bsp_delay.c.obj
                0x080011a0                delay_us
 .text.delay_ms
                0x08001218       0xa6 CMakeFiles/galvanometer.elf.dir/bsp/bsp_delay.c.obj
                0x08001218                delay_ms
 .text.Sys_GetTick
                0x080012be       0x1c CMakeFiles/galvanometer.elf.dir/bsp/bsp_delay.c.obj
                0x080012be                Sys_GetTick
 *fill*         0x080012da        0x2 
 .text.ina226_filter
                0x080012dc       0x64 CMakeFiles/galvanometer.elf.dir/bsp/bsp_ina226.c.obj
                0x080012dc                ina226_filter
 .text.ina226_read_sample
                0x08001340      0x12c CMakeFiles/galvanometer.elf.dir/bsp/bsp_ina226.c.obj
                0x08001340                ina226_read_sample
 .text.lcd_show_power_sample
                0x0800146c       0xf4 CMakeFiles/galvanometer.elf.dir/bsp/bsp_ina226.c.obj
                0x0800146c                lcd_show_power_sample
 .text.waveform_push
                0x08001560      0x25a CMakeFiles/galvanometer.elf.dir/bsp/bsp_ina226.c.obj
                0x08001560                waveform_push
 *fill*         0x080017ba        0x2 
 .text.map_current_to_y
                0x080017bc      0x1c8 CMakeFiles/galvanometer.elf.dir/bsp/bsp_ina226.c.obj
 .text.waveform_draw_current
                0x08001984       0x6c CMakeFiles/galvanometer.elf.dir/bsp/bsp_ina226.c.obj
                0x08001984                waveform_draw_current
 .text.usbd_connect
                0x080019f0       0x22 CMakeFiles/galvanometer.elf.dir/cdc/cdc.c.obj
 *fill*         0x08001a12        0x2 
 .text.cdc_init
                0x08001a14       0x30 CMakeFiles/galvanometer.elf.dir/cdc/cdc.c.obj
                0x08001a14                cdc_init
 .text.cdc_write
                0x08001a44       0xb8 CMakeFiles/galvanometer.elf.dir/cdc/cdc.c.obj
                0x08001a44                cdc_write
 .text.cdc_printf
                0x08001afc       0x8a CMakeFiles/galvanometer.elf.dir/cdc/cdc.c.obj
                0x08001afc                cdc_printf
 .text.usbd_ep_init
                0x08001b86       0x2a CMakeFiles/galvanometer.elf.dir/cdc/cdc_acm_core.c.obj
 .text.usbd_ep_deinit
                0x08001bb0       0x24 CMakeFiles/galvanometer.elf.dir/cdc/cdc_acm_core.c.obj
 .text.usb_transc_config
                0x08001bd4       0x34 CMakeFiles/galvanometer.elf.dir/cdc/cdc_acm_core.c.obj
 .text.cdc_acm_data_send
                0x08001c08       0x48 CMakeFiles/galvanometer.elf.dir/cdc/cdc_acm_core.c.obj
                0x08001c08                cdc_acm_data_send
 .text.cdc_acm_check_ready
                0x08001c50       0x3c CMakeFiles/galvanometer.elf.dir/cdc/cdc_acm_core.c.obj
                0x08001c50                cdc_acm_check_ready
 .text.cdc_acm_init
                0x08001c8c       0xa0 CMakeFiles/galvanometer.elf.dir/cdc/cdc_acm_core.c.obj
 .text.cdc_acm_deinit
                0x08001d2c       0x2e CMakeFiles/galvanometer.elf.dir/cdc/cdc_acm_core.c.obj
 .text.cdc_acm_ctlx_out
                0x08001d5a       0x40 CMakeFiles/galvanometer.elf.dir/cdc/cdc_acm_core.c.obj
 .text.cdc_acm_data_in
                0x08001d9a       0x54 CMakeFiles/galvanometer.elf.dir/cdc/cdc_acm_core.c.obj
 .text.cdc_acm_data_out
                0x08001dee       0x3a CMakeFiles/galvanometer.elf.dir/cdc/cdc_acm_core.c.obj
 .text.cdc_acm_req_handler
                0x08001e28      0x160 CMakeFiles/galvanometer.elf.dir/cdc/cdc_acm_core.c.obj
 .text.rcu_config
                0x08001f88       0x7c CMakeFiles/galvanometer.elf.dir/cdc/gd32f30x_usbd_hw.c.obj
                0x08001f88                rcu_config
 .text.gpio_config
                0x08002004        0xe CMakeFiles/galvanometer.elf.dir/cdc/gd32f30x_usbd_hw.c.obj
                0x08002004                gpio_config
 .text.nvic_config
                0x08002012       0x1a CMakeFiles/galvanometer.elf.dir/cdc/gd32f30x_usbd_hw.c.obj
                0x08002012                nvic_config
 .text.usb_transc_config
                0x0800202c       0x34 CMakeFiles/galvanometer.elf.dir/cdc/usbd_core.c.obj
 .text.usbd_init
                0x08002060       0xb4 CMakeFiles/galvanometer.elf.dir/cdc/usbd_core.c.obj
                0x08002060                usbd_init
 .text.usbd_ep_send
                0x08002114      0x134 CMakeFiles/galvanometer.elf.dir/cdc/usbd_core.c.obj
                0x08002114                usbd_ep_send
 .text.usbd_ep_stall
                0x08002248       0x24 CMakeFiles/galvanometer.elf.dir/cdc/usbd_enum.c.obj
 .text.usbd_ep_clear_stall
                0x0800226c       0x24 CMakeFiles/galvanometer.elf.dir/cdc/usbd_enum.c.obj
 .text.usbd_ep_status_get
                0x08002290       0x26 CMakeFiles/galvanometer.elf.dir/cdc/usbd_enum.c.obj
 .text.usb_transc_config
                0x080022b6       0x34 CMakeFiles/galvanometer.elf.dir/cdc/usbd_enum.c.obj
 *fill*         0x080022ea        0x2 
 .text.usbd_standard_request
                0x080022ec       0x2c CMakeFiles/galvanometer.elf.dir/cdc/usbd_enum.c.obj
                0x080022ec                usbd_standard_request
 .text.usbd_class_request
                0x08002318       0x3c CMakeFiles/galvanometer.elf.dir/cdc/usbd_enum.c.obj
                0x08002318                usbd_class_request
 .text.usbd_vendor_request
                0x08002354       0x18 CMakeFiles/galvanometer.elf.dir/cdc/usbd_enum.c.obj
                0x08002354                usbd_vendor_request
 .text._usb_std_reserved
                0x0800236c       0x18 CMakeFiles/galvanometer.elf.dir/cdc/usbd_enum.c.obj
 .text._usb_dev_desc_get
                0x08002384       0x32 CMakeFiles/galvanometer.elf.dir/cdc/usbd_enum.c.obj
 .text._usb_config_desc_get
                0x080023b6       0x4c CMakeFiles/galvanometer.elf.dir/cdc/usbd_enum.c.obj
 .text._usb_bos_desc_get
                0x08002402       0x5e CMakeFiles/galvanometer.elf.dir/cdc/usbd_enum.c.obj
 .text._usb_str_desc_get
                0x08002460       0x38 CMakeFiles/galvanometer.elf.dir/cdc/usbd_enum.c.obj
 .text._usb_std_getstatus
                0x08002498       0xf4 CMakeFiles/galvanometer.elf.dir/cdc/usbd_enum.c.obj
 .text._usb_std_clearfeature
                0x0800258c       0xc2 CMakeFiles/galvanometer.elf.dir/cdc/usbd_enum.c.obj
 .text._usb_std_setfeature
                0x0800264e       0xc2 CMakeFiles/galvanometer.elf.dir/cdc/usbd_enum.c.obj
 .text._usb_std_setaddress
                0x08002710       0x62 CMakeFiles/galvanometer.elf.dir/cdc/usbd_enum.c.obj
 *fill*         0x08002772        0x2 
 .text._usb_std_getdescriptor
                0x08002774      0x1a8 CMakeFiles/galvanometer.elf.dir/cdc/usbd_enum.c.obj
 .text._usb_std_setdescriptor
                0x0800291c       0x18 CMakeFiles/galvanometer.elf.dir/cdc/usbd_enum.c.obj
 .text._usb_std_getconfiguration
                0x08002934       0x60 CMakeFiles/galvanometer.elf.dir/cdc/usbd_enum.c.obj
 .text._usb_std_setconfiguration
                0x08002994       0xe4 CMakeFiles/galvanometer.elf.dir/cdc/usbd_enum.c.obj
 .text._usb_std_getinterface
                0x08002a78       0x60 CMakeFiles/galvanometer.elf.dir/cdc/usbd_enum.c.obj
 .text._usb_std_setinterface
                0x08002ad8       0x68 CMakeFiles/galvanometer.elf.dir/cdc/usbd_enum.c.obj
 .text._usb_std_synchframe
                0x08002b40       0x18 CMakeFiles/galvanometer.elf.dir/cdc/usbd_enum.c.obj
 .text.int_to_unicode
                0x08002b58       0x7a CMakeFiles/galvanometer.elf.dir/cdc/usbd_enum.c.obj
 *fill*         0x08002bd2        0x2 
 .text.serial_string_get
                0x08002bd4       0x8c CMakeFiles/galvanometer.elf.dir/cdc/usbd_enum.c.obj
                0x08002bd4                serial_string_get
 .text.usbd_ep_stall
                0x08002c60       0x24 CMakeFiles/galvanometer.elf.dir/cdc/usbd_transc.c.obj
 .text.usb_transc_config
                0x08002c84       0x34 CMakeFiles/galvanometer.elf.dir/cdc/usbd_transc.c.obj
 .text.usb_stall_transc
                0x08002cb8       0x18 CMakeFiles/galvanometer.elf.dir/cdc/usbd_transc.c.obj
 .text.usb_ctl_data_in
                0x08002cd0       0x28 CMakeFiles/galvanometer.elf.dir/cdc/usbd_transc.c.obj
 .text.usb_ctl_status_in
                0x08002cf8       0x28 CMakeFiles/galvanometer.elf.dir/cdc/usbd_transc.c.obj
 .text.usb_ctl_data_out
                0x08002d20       0x24 CMakeFiles/galvanometer.elf.dir/cdc/usbd_transc.c.obj
 .text.usb_ctl_status_out
                0x08002d44       0x24 CMakeFiles/galvanometer.elf.dir/cdc/usbd_transc.c.obj
 .text.usb_0len_packet_send
                0x08002d68       0x22 CMakeFiles/galvanometer.elf.dir/cdc/usbd_transc.c.obj
 .text._usb_setup_transc
                0x08002d8a       0xc8 CMakeFiles/galvanometer.elf.dir/cdc/usbd_transc.c.obj
                0x08002d8a                _usb_setup_transc
 .text._usb_out0_transc
                0x08002e52       0x68 CMakeFiles/galvanometer.elf.dir/cdc/usbd_transc.c.obj
                0x08002e52                _usb_out0_transc
 .text._usb_in0_transc
                0x08002eba       0x82 CMakeFiles/galvanometer.elf.dir/cdc/usbd_transc.c.obj
                0x08002eba                _usb_in0_transc
 .text.usbd_ep_status_get
                0x08002f3c       0x26 CMakeFiles/galvanometer.elf.dir/cdc/usbd_lld_core.c.obj
 .text.user_buffer_free
                0x08002f62       0xae CMakeFiles/galvanometer.elf.dir/cdc/usbd_lld_core.c.obj
                0x08002f62                user_buffer_free
 .text.usbd_dp_pullup
                0x08003010       0x16 CMakeFiles/galvanometer.elf.dir/cdc/usbd_lld_core.c.obj
 *fill*         0x08003026        0x2 
 .text.usbd_core_reset
                0x08003028       0x40 CMakeFiles/galvanometer.elf.dir/cdc/usbd_lld_core.c.obj
 .text.usbd_core_stop
                0x08003068       0x28 CMakeFiles/galvanometer.elf.dir/cdc/usbd_lld_core.c.obj
 .text.usbd_address_set
                0x08003090       0x28 CMakeFiles/galvanometer.elf.dir/cdc/usbd_lld_core.c.obj
 .text.usbd_ep_reset
                0x080030b8      0x104 CMakeFiles/galvanometer.elf.dir/cdc/usbd_lld_core.c.obj
 .text.usbd_ep_setup
                0x080031bc      0x6f4 CMakeFiles/galvanometer.elf.dir/cdc/usbd_lld_core.c.obj
 .text.usbd_ep_disable
                0x080038b0      0x152 CMakeFiles/galvanometer.elf.dir/cdc/usbd_lld_core.c.obj
 .text.usbd_ep_rx_enable
                0x08003a02       0x62 CMakeFiles/galvanometer.elf.dir/cdc/usbd_lld_core.c.obj
 .text.usbd_ep_stall_set
                0x08003a64      0x134 CMakeFiles/galvanometer.elf.dir/cdc/usbd_lld_core.c.obj
 .text.usbd_ep_stall_clear
                0x08003b98      0x19a CMakeFiles/galvanometer.elf.dir/cdc/usbd_lld_core.c.obj
 .text.usbd_ep_status
                0x08003d32       0x4a CMakeFiles/galvanometer.elf.dir/cdc/usbd_lld_core.c.obj
 .text.usbd_ep_data_write
                0x08003d7c       0xbc CMakeFiles/galvanometer.elf.dir/cdc/usbd_lld_core.c.obj
 .text.usbd_ep_dbl_data_write
                0x08003e38      0x36c CMakeFiles/galvanometer.elf.dir/cdc/usbd_lld_core.c.obj
 .text.usbd_ep_data_read
                0x080041a4      0x10c CMakeFiles/galvanometer.elf.dir/cdc/usbd_lld_core.c.obj
 .text.usbd_resume
                0x080042b0       0x34 CMakeFiles/galvanometer.elf.dir/cdc/usbd_lld_core.c.obj
 .text.usbd_leave_suspend
                0x080042e4       0x2c CMakeFiles/galvanometer.elf.dir/cdc/usbd_lld_core.c.obj
 .text.usbd_suspend
                0x08004310       0x20 CMakeFiles/galvanometer.elf.dir/cdc/usbd_lld_core.c.obj
 .text.resume_mcu
                0x08004330       0x1a CMakeFiles/galvanometer.elf.dir/cdc/usbd_lld_int.c.obj
 .text.usbd_to_suspend
                0x0800434a       0x1a CMakeFiles/galvanometer.elf.dir/cdc/usbd_lld_int.c.obj
 .text.usbd_ep_dbl_rx_count_get
                0x08004364       0x60 CMakeFiles/galvanometer.elf.dir/cdc/usbd_lld_int.c.obj
 .text.usbd_int_hpst
                0x080043c4      0x440 CMakeFiles/galvanometer.elf.dir/cdc/usbd_lld_int.c.obj
                0x080043c4                usbd_int_hpst
 .text.usbd_isr
                0x08004804      0x350 CMakeFiles/galvanometer.elf.dir/cdc/usbd_lld_int.c.obj
                0x08004804                usbd_isr
 .text.usbd_int_suspend
                0x08004b54       0x36 CMakeFiles/galvanometer.elf.dir/cdc/usbd_lld_int.c.obj
 *fill*         0x08004b8a        0x2 
 .text.Reset_Handler
                0x08004b8c       0x48 CMakeFiles/galvanometer.elf.dir/CMSIS/startup_gd32f30x_xd.S.obj
                0x08004b8c                Reset_Handler
 .text.Default_Handler
                0x08004bd4        0x2 CMakeFiles/galvanometer.elf.dir/CMSIS/startup_gd32f30x_xd.S.obj
                0x08004bd4                RTC_Alarm_IRQHandler
                0x08004bd4                EXTI2_IRQHandler
                0x08004bd4                TIMER2_IRQHandler
                0x08004bd4                TIMER5_IRQHandler
                0x08004bd4                DebugMon_Handler
                0x08004bd4                LVD_IRQHandler
                0x08004bd4                HardFault_Handler
                0x08004bd4                TIMER7_UP_TIMER12_IRQHandler
                0x08004bd4                ADC0_1_IRQHandler
                0x08004bd4                SDIO_IRQHandler
                0x08004bd4                NMI_Handler
                0x08004bd4                EXTI3_IRQHandler
                0x08004bd4                TIMER0_TRG_CMT_TIMER10_IRQHandler
                0x08004bd4                TIMER3_IRQHandler
                0x08004bd4                DMA0_Channel6_IRQHandler
                0x08004bd4                I2C0_EV_IRQHandler
                0x08004bd4                TIMER7_TRG_CMT_TIMER13_IRQHandler
                0x08004bd4                UsageFault_Handler
                0x08004bd4                TIMER4_IRQHandler
                0x08004bd4                SPI1_IRQHandler
                0x08004bd4                DMA0_Channel0_IRQHandler
                0x08004bd4                TAMPER_IRQHandler
                0x08004bd4                TIMER0_BRK_TIMER8_IRQHandler
                0x08004bd4                DMA1_Channel0_IRQHandler
                0x08004bd4                TIMER7_BRK_TIMER11_IRQHandler
                0x08004bd4                TIMER6_IRQHandler
                0x08004bd4                DMA0_Channel3_IRQHandler
                0x08004bd4                I2C0_ER_IRQHandler
                0x08004bd4                TIMER0_UP_TIMER9_IRQHandler
                0x08004bd4                RTC_IRQHandler
                0x08004bd4                DMA0_Channel2_IRQHandler
                0x08004bd4                USART0_IRQHandler
                0x08004bd4                TIMER1_IRQHandler
                0x08004bd4                I2C1_EV_IRQHandler
                0x08004bd4                UART4_IRQHandler
                0x08004bd4                DMA1_Channel1_IRQHandler
                0x08004bd4                Default_Handler
                0x08004bd4                TIMER7_Channel_IRQHandler
                0x08004bd4                WWDGT_IRQHandler
                0x08004bd4                EXMC_IRQHandler
                0x08004bd4                ADC2_IRQHandler
                0x08004bd4                SPI2_IRQHandler
                0x08004bd4                MemManage_Handler
                0x08004bd4                USBD_WKUP_IRQHandler
                0x08004bd4                RCU_CTC_IRQHandler
                0x08004bd4                EXTI4_IRQHandler
                0x08004bd4                CAN0_RX1_IRQHandler
                0x08004bd4                DMA0_Channel5_IRQHandler
                0x08004bd4                EXTI5_9_IRQHandler
                0x08004bd4                DMA0_Channel1_IRQHandler
                0x08004bd4                TIMER0_Channel_IRQHandler
                0x08004bd4                EXTI1_IRQHandler
                0x08004bd4                SPI0_IRQHandler
                0x08004bd4                DMA1_Channel3_4_IRQHandler
                0x08004bd4                USART2_IRQHandler
                0x08004bd4                CAN0_EWMC_IRQHandler
                0x08004bd4                DMA1_Channel2_IRQHandler
                0x08004bd4                BusFault_Handler
                0x08004bd4                USART1_IRQHandler
                0x08004bd4                UART3_IRQHandler
                0x08004bd4                I2C1_ER_IRQHandler
                0x08004bd4                FMC_IRQHandler
                0x08004bd4                DMA0_Channel4_IRQHandler
 .text._soft_delay_
                0x08004bd6       0x34 CMakeFiles/galvanometer.elf.dir/CMSIS/system_gd32f30x.c.obj
 *fill*         0x08004c0a        0x2 
 .text.SystemInit
                0x08004c0c      0x168 CMakeFiles/galvanometer.elf.dir/CMSIS/system_gd32f30x.c.obj
                0x08004c0c                SystemInit
 .text.system_clock_config
                0x08004d74        0xc CMakeFiles/galvanometer.elf.dir/CMSIS/system_gd32f30x.c.obj
 .text.system_clock_120m_hxtal
                0x08004d80      0x14c CMakeFiles/galvanometer.elf.dir/CMSIS/system_gd32f30x.c.obj
 .text.SystemCoreClockUpdate
                0x08004ecc      0x148 CMakeFiles/galvanometer.elf.dir/CMSIS/system_gd32f30x.c.obj
                0x08004ecc                SystemCoreClockUpdate
 .text._sbrk    0x08005014       0x58 CMakeFiles/galvanometer.elf.dir/GD32F30x_Driver/src/syscalls.c.obj
                0x08005014                _sbrk
 .text.rcu_periph_clock_enable
                0x0800506c       0x46 CMakeFiles/galvanometer.elf.dir/GD32F30x_Driver/src/gd32f30x_rcu.c.obj
                0x0800506c                rcu_periph_clock_enable
 *fill*         0x080050b2        0x2 
 .text.rcu_usb_clock_config
                0x080050b4       0x30 CMakeFiles/galvanometer.elf.dir/GD32F30x_Driver/src/gd32f30x_rcu.c.obj
                0x080050b4                rcu_usb_clock_config
 .text.rcu_clock_freq_get
                0x080050e4      0x1e8 CMakeFiles/galvanometer.elf.dir/GD32F30x_Driver/src/gd32f30x_rcu.c.obj
                0x080050e4                rcu_clock_freq_get
 .text.gpio_init
                0x080052cc      0x16a CMakeFiles/galvanometer.elf.dir/GD32F30x_Driver/src/gd32f30x_gpio.c.obj
                0x080052cc                gpio_init
 .text.gpio_bit_set
                0x08005436       0x20 CMakeFiles/galvanometer.elf.dir/GD32F30x_Driver/src/gd32f30x_gpio.c.obj
                0x08005436                gpio_bit_set
 .text.gpio_bit_reset
                0x08005456       0x20 CMakeFiles/galvanometer.elf.dir/GD32F30x_Driver/src/gd32f30x_gpio.c.obj
                0x08005456                gpio_bit_reset
 *fill*         0x08005476        0x2 
 .text.gpio_exti_source_select
                0x08005478       0xf0 CMakeFiles/galvanometer.elf.dir/GD32F30x_Driver/src/gd32f30x_gpio.c.obj
                0x08005478                gpio_exti_source_select
 .text.exti_init
                0x08005568       0xf4 CMakeFiles/galvanometer.elf.dir/GD32F30x_Driver/src/gd32f30x_exti.c.obj
                0x08005568                exti_init
 .text.exti_interrupt_flag_get
                0x0800565c       0x30 CMakeFiles/galvanometer.elf.dir/GD32F30x_Driver/src/gd32f30x_exti.c.obj
                0x0800565c                exti_interrupt_flag_get
 .text.exti_interrupt_flag_clear
                0x0800568c       0x20 CMakeFiles/galvanometer.elf.dir/GD32F30x_Driver/src/gd32f30x_exti.c.obj
                0x0800568c                exti_interrupt_flag_clear
 .text.spi_struct_para_init
                0x080056ac       0x3e CMakeFiles/galvanometer.elf.dir/GD32F30x_Driver/src/gd32f30x_spi.c.obj
                0x080056ac                spi_struct_para_init
 .text.spi_init
                0x080056ea       0x84 CMakeFiles/galvanometer.elf.dir/GD32F30x_Driver/src/gd32f30x_spi.c.obj
                0x080056ea                spi_init
 .text.spi_enable
                0x0800576e       0x20 CMakeFiles/galvanometer.elf.dir/GD32F30x_Driver/src/gd32f30x_spi.c.obj
                0x0800576e                spi_enable
 .text.spi_nss_internal_high
                0x0800578e       0x20 CMakeFiles/galvanometer.elf.dir/GD32F30x_Driver/src/gd32f30x_spi.c.obj
                0x0800578e                spi_nss_internal_high
 .text.spi_i2s_data_transmit
                0x080057ae       0x22 CMakeFiles/galvanometer.elf.dir/GD32F30x_Driver/src/gd32f30x_spi.c.obj
                0x080057ae                spi_i2s_data_transmit
 .text.spi_i2s_data_receive
                0x080057d0       0x1c CMakeFiles/galvanometer.elf.dir/GD32F30x_Driver/src/gd32f30x_spi.c.obj
                0x080057d0                spi_i2s_data_receive
 .text.spi_i2s_flag_get
                0x080057ec       0x30 CMakeFiles/galvanometer.elf.dir/GD32F30x_Driver/src/gd32f30x_spi.c.obj
                0x080057ec                spi_i2s_flag_get
 .text.i2c_clock_config
                0x0800581c      0x218 CMakeFiles/galvanometer.elf.dir/GD32F30x_Driver/src/gd32f30x_i2c.c.obj
                0x0800581c                i2c_clock_config
 .text.i2c_mode_addr_config
                0x08005a34       0x50 CMakeFiles/galvanometer.elf.dir/GD32F30x_Driver/src/gd32f30x_i2c.c.obj
                0x08005a34                i2c_mode_addr_config
 .text.i2c_ack_config
                0x08005a84       0x36 CMakeFiles/galvanometer.elf.dir/GD32F30x_Driver/src/gd32f30x_i2c.c.obj
                0x08005a84                i2c_ack_config
 .text.i2c_master_addressing
                0x08005aba       0x3c CMakeFiles/galvanometer.elf.dir/GD32F30x_Driver/src/gd32f30x_i2c.c.obj
                0x08005aba                i2c_master_addressing
 .text.i2c_enable
                0x08005af6       0x20 CMakeFiles/galvanometer.elf.dir/GD32F30x_Driver/src/gd32f30x_i2c.c.obj
                0x08005af6                i2c_enable
 .text.i2c_start_on_bus
                0x08005b16       0x20 CMakeFiles/galvanometer.elf.dir/GD32F30x_Driver/src/gd32f30x_i2c.c.obj
                0x08005b16                i2c_start_on_bus
 .text.i2c_stop_on_bus
                0x08005b36       0x20 CMakeFiles/galvanometer.elf.dir/GD32F30x_Driver/src/gd32f30x_i2c.c.obj
                0x08005b36                i2c_stop_on_bus
 .text.i2c_data_transmit
                0x08005b56       0x22 CMakeFiles/galvanometer.elf.dir/GD32F30x_Driver/src/gd32f30x_i2c.c.obj
                0x08005b56                i2c_data_transmit
 .text.i2c_data_receive
                0x08005b78       0x1c CMakeFiles/galvanometer.elf.dir/GD32F30x_Driver/src/gd32f30x_i2c.c.obj
                0x08005b78                i2c_data_receive
 .text.i2c_flag_get
                0x08005b94       0x44 CMakeFiles/galvanometer.elf.dir/GD32F30x_Driver/src/gd32f30x_i2c.c.obj
                0x08005b94                i2c_flag_get
 .text.i2c_flag_clear
                0x08005bd8       0x5c CMakeFiles/galvanometer.elf.dir/GD32F30x_Driver/src/gd32f30x_i2c.c.obj
                0x08005bd8                i2c_flag_clear
 .text.NVIC_GetPriorityGrouping
                0x08005c34       0x1c CMakeFiles/galvanometer.elf.dir/GD32F30x_Driver/src/gd32f30x_misc.c.obj
 .text.NVIC_EnableIRQ
                0x08005c50       0x34 CMakeFiles/galvanometer.elf.dir/GD32F30x_Driver/src/gd32f30x_misc.c.obj
 .text.NVIC_SetPriority
                0x08005c84       0x54 CMakeFiles/galvanometer.elf.dir/GD32F30x_Driver/src/gd32f30x_misc.c.obj
 .text.NVIC_EncodePriority
                0x08005cd8       0x66 CMakeFiles/galvanometer.elf.dir/GD32F30x_Driver/src/gd32f30x_misc.c.obj
 *fill*         0x08005d3e        0x2 
 .text.nvic_priority_group_set
                0x08005d40       0x28 CMakeFiles/galvanometer.elf.dir/GD32F30x_Driver/src/gd32f30x_misc.c.obj
                0x08005d40                nvic_priority_group_set
 .text.nvic_irq_enable
                0x08005d68       0x8c CMakeFiles/galvanometer.elf.dir/GD32F30x_Driver/src/gd32f30x_misc.c.obj
                0x08005d68                nvic_irq_enable
 .text.prvCreateTask
                0x08005df4       0x78 CMakeFiles/galvanometer.elf.dir/FreeRTOS/src/tasks.c.obj
 .text.xTaskCreate
                0x08005e6c       0x46 CMakeFiles/galvanometer.elf.dir/FreeRTOS/src/tasks.c.obj
                0x08005e6c                xTaskCreate
 .text.prvInitialiseNewTask
                0x08005eb2       0xe0 CMakeFiles/galvanometer.elf.dir/FreeRTOS/src/tasks.c.obj
 *fill*         0x08005f92        0x2 
 .text.prvAddNewTaskToReadyList
                0x08005f94      0x134 CMakeFiles/galvanometer.elf.dir/FreeRTOS/src/tasks.c.obj
 .text.vTaskDelay
                0x080060c8       0x48 CMakeFiles/galvanometer.elf.dir/FreeRTOS/src/tasks.c.obj
                0x080060c8                vTaskDelay
 .text.prvCreateIdleTasks
                0x08006110       0xac CMakeFiles/galvanometer.elf.dir/FreeRTOS/src/tasks.c.obj
 .text.vTaskStartScheduler
                0x080061bc       0x68 CMakeFiles/galvanometer.elf.dir/FreeRTOS/src/tasks.c.obj
                0x080061bc                vTaskStartScheduler
 .text.vTaskSuspendAll
                0x08006224       0x1c CMakeFiles/galvanometer.elf.dir/FreeRTOS/src/tasks.c.obj
                0x08006224                vTaskSuspendAll
 .text.xTaskResumeAll
                0x08006240      0x1f4 CMakeFiles/galvanometer.elf.dir/FreeRTOS/src/tasks.c.obj
                0x08006240                xTaskResumeAll
 .text.xTaskGetTickCount
                0x08006434       0x20 CMakeFiles/galvanometer.elf.dir/FreeRTOS/src/tasks.c.obj
                0x08006434                xTaskGetTickCount
 .text.uxTaskGetNumberOfTasks
                0x08006454       0x18 CMakeFiles/galvanometer.elf.dir/FreeRTOS/src/tasks.c.obj
                0x08006454                uxTaskGetNumberOfTasks
 .text.xTaskIncrementTick
                0x0800646c      0x214 CMakeFiles/galvanometer.elf.dir/FreeRTOS/src/tasks.c.obj
                0x0800646c                xTaskIncrementTick
 .text.vTaskSwitchContext
                0x08006680       0xc0 CMakeFiles/galvanometer.elf.dir/FreeRTOS/src/tasks.c.obj
                0x08006680                vTaskSwitchContext
 .text.vTaskPlaceOnEventList
                0x08006740       0x2c CMakeFiles/galvanometer.elf.dir/FreeRTOS/src/tasks.c.obj
                0x08006740                vTaskPlaceOnEventList
 .text.vTaskPlaceOnUnorderedEventList
                0x0800676c       0x70 CMakeFiles/galvanometer.elf.dir/FreeRTOS/src/tasks.c.obj
                0x0800676c                vTaskPlaceOnUnorderedEventList
 .text.vTaskPlaceOnEventListRestricted
                0x080067dc       0x70 CMakeFiles/galvanometer.elf.dir/FreeRTOS/src/tasks.c.obj
                0x080067dc                vTaskPlaceOnEventListRestricted
 .text.xTaskRemoveFromEventList
                0x0800684c      0x198 CMakeFiles/galvanometer.elf.dir/FreeRTOS/src/tasks.c.obj
                0x0800684c                xTaskRemoveFromEventList
 .text.vTaskRemoveFromUnorderedEventList
                0x080069e4      0x148 CMakeFiles/galvanometer.elf.dir/FreeRTOS/src/tasks.c.obj
                0x080069e4                vTaskRemoveFromUnorderedEventList
 .text.vTaskInternalSetTimeOutState
                0x08006b2c       0x2c CMakeFiles/galvanometer.elf.dir/FreeRTOS/src/tasks.c.obj
                0x08006b2c                vTaskInternalSetTimeOutState
 .text.xTaskCheckForTimeOut
                0x08006b58       0x94 CMakeFiles/galvanometer.elf.dir/FreeRTOS/src/tasks.c.obj
                0x08006b58                xTaskCheckForTimeOut
 .text.vTaskMissedYield
                0x08006bec       0x18 CMakeFiles/galvanometer.elf.dir/FreeRTOS/src/tasks.c.obj
                0x08006bec                vTaskMissedYield
 .text.prvIdleTask
                0x08006c04       0x30 CMakeFiles/galvanometer.elf.dir/FreeRTOS/src/tasks.c.obj
 .text.prvInitialiseTaskLists
                0x08006c34       0x80 CMakeFiles/galvanometer.elf.dir/FreeRTOS/src/tasks.c.obj
 .text.prvCheckTasksWaitingTermination
                0x08006cb4       0x5c CMakeFiles/galvanometer.elf.dir/FreeRTOS/src/tasks.c.obj
 .text.prvDeleteTCB
                0x08006d10       0x20 CMakeFiles/galvanometer.elf.dir/FreeRTOS/src/tasks.c.obj
 .text.prvResetNextTaskUnblockTime
                0x08006d30       0x38 CMakeFiles/galvanometer.elf.dir/FreeRTOS/src/tasks.c.obj
 .text.xTaskGetSchedulerState
                0x08006d68       0x3c CMakeFiles/galvanometer.elf.dir/FreeRTOS/src/tasks.c.obj
                0x08006d68                xTaskGetSchedulerState
 .text.xTaskPriorityInherit
                0x08006da4      0x124 CMakeFiles/galvanometer.elf.dir/FreeRTOS/src/tasks.c.obj
                0x08006da4                xTaskPriorityInherit
 .text.xTaskPriorityDisinherit
                0x08006ec8       0xec CMakeFiles/galvanometer.elf.dir/FreeRTOS/src/tasks.c.obj
                0x08006ec8                xTaskPriorityDisinherit
 .text.vTaskPriorityDisinheritAfterTimeout
                0x08006fb4      0x114 CMakeFiles/galvanometer.elf.dir/FreeRTOS/src/tasks.c.obj
                0x08006fb4                vTaskPriorityDisinheritAfterTimeout
 .text.uxTaskResetEventItemValue
                0x080070c8       0x30 CMakeFiles/galvanometer.elf.dir/FreeRTOS/src/tasks.c.obj
                0x080070c8                uxTaskResetEventItemValue
 .text.pvTaskIncrementMutexHeldCount
                0x080070f8       0x30 CMakeFiles/galvanometer.elf.dir/FreeRTOS/src/tasks.c.obj
                0x080070f8                pvTaskIncrementMutexHeldCount
 .text.prvAddCurrentTaskToDelayedList
                0x08007128       0xe0 CMakeFiles/galvanometer.elf.dir/FreeRTOS/src/tasks.c.obj
 .text.xQueueGenericReset
                0x08007208       0xe8 CMakeFiles/galvanometer.elf.dir/FreeRTOS/src/queue.c.obj
                0x08007208                xQueueGenericReset
 .text.xQueueGenericCreate
                0x080072f0       0x7e CMakeFiles/galvanometer.elf.dir/FreeRTOS/src/queue.c.obj
                0x080072f0                xQueueGenericCreate
 .text.prvInitialiseNewQueue
                0x0800736e       0x46 CMakeFiles/galvanometer.elf.dir/FreeRTOS/src/queue.c.obj
 .text.xQueueCreateCountingSemaphore
                0x080073b4       0x3e CMakeFiles/galvanometer.elf.dir/FreeRTOS/src/queue.c.obj
                0x080073b4                xQueueCreateCountingSemaphore
 *fill*         0x080073f2        0x2 
 .text.xQueueGenericSend
                0x080073f4      0x154 CMakeFiles/galvanometer.elf.dir/FreeRTOS/src/queue.c.obj
                0x080073f4                xQueueGenericSend
 .text.xQueueGenericSendFromISR
                0x08007548       0xca CMakeFiles/galvanometer.elf.dir/FreeRTOS/src/queue.c.obj
                0x08007548                xQueueGenericSendFromISR
 .text.xQueueGiveFromISR
                0x08007612       0xb8 CMakeFiles/galvanometer.elf.dir/FreeRTOS/src/queue.c.obj
                0x08007612                xQueueGiveFromISR
 *fill*         0x080076ca        0x2 
 .text.xQueueReceive
                0x080076cc      0x144 CMakeFiles/galvanometer.elf.dir/FreeRTOS/src/queue.c.obj
                0x080076cc                xQueueReceive
 .text.xQueueSemaphoreTake
                0x08007810      0x190 CMakeFiles/galvanometer.elf.dir/FreeRTOS/src/queue.c.obj
                0x08007810                xQueueSemaphoreTake
 .text.xQueueReceiveFromISR
                0x080079a0       0xc2 CMakeFiles/galvanometer.elf.dir/FreeRTOS/src/queue.c.obj
                0x080079a0                xQueueReceiveFromISR
 .text.vQueueDelete
                0x08007a62       0x1a CMakeFiles/galvanometer.elf.dir/FreeRTOS/src/queue.c.obj
                0x08007a62                vQueueDelete
 .text.prvGetHighestPriorityOfWaitToReceiveList
                0x08007a7c       0x30 CMakeFiles/galvanometer.elf.dir/FreeRTOS/src/queue.c.obj
 .text.prvCopyDataToQueue
                0x08007aac       0xd4 CMakeFiles/galvanometer.elf.dir/FreeRTOS/src/queue.c.obj
 .text.prvCopyDataFromQueue
                0x08007b80       0x4c CMakeFiles/galvanometer.elf.dir/FreeRTOS/src/queue.c.obj
 .text.prvUnlockQueue
                0x08007bcc       0xa4 CMakeFiles/galvanometer.elf.dir/FreeRTOS/src/queue.c.obj
 .text.prvIsQueueEmpty
                0x08007c70       0x2c CMakeFiles/galvanometer.elf.dir/FreeRTOS/src/queue.c.obj
 .text.prvIsQueueFull
                0x08007c9c       0x30 CMakeFiles/galvanometer.elf.dir/FreeRTOS/src/queue.c.obj
 .text.vQueueWaitForMessageRestricted
                0x08007ccc       0x68 CMakeFiles/galvanometer.elf.dir/FreeRTOS/src/queue.c.obj
                0x08007ccc                vQueueWaitForMessageRestricted
 .text.vListInitialise
                0x08007d34       0x40 CMakeFiles/galvanometer.elf.dir/FreeRTOS/src/list.c.obj
                0x08007d34                vListInitialise
 .text.vListInitialiseItem
                0x08007d74       0x1a CMakeFiles/galvanometer.elf.dir/FreeRTOS/src/list.c.obj
                0x08007d74                vListInitialiseItem
 .text.vListInsert
                0x08007d8e       0x72 CMakeFiles/galvanometer.elf.dir/FreeRTOS/src/list.c.obj
                0x08007d8e                vListInsert
 .text.uxListRemove
                0x08007e00       0x54 CMakeFiles/galvanometer.elf.dir/FreeRTOS/src/list.c.obj
                0x08007e00                uxListRemove
 .text.xTimerCreateTimerTask
                0x08007e54       0x48 CMakeFiles/galvanometer.elf.dir/FreeRTOS/src/timers.c.obj
                0x08007e54                xTimerCreateTimerTask
 .text.xTimerCreate
                0x08007e9c       0x42 CMakeFiles/galvanometer.elf.dir/FreeRTOS/src/timers.c.obj
                0x08007e9c                xTimerCreate
 .text.prvInitialiseNewTimer
                0x08007ede       0x54 CMakeFiles/galvanometer.elf.dir/FreeRTOS/src/timers.c.obj
 *fill*         0x08007f32        0x2 
 .text.xTimerGenericCommandFromTask
                0x08007f34       0x70 CMakeFiles/galvanometer.elf.dir/FreeRTOS/src/timers.c.obj
                0x08007f34                xTimerGenericCommandFromTask
 .text.prvReloadTimer
                0x08007fa4       0x42 CMakeFiles/galvanometer.elf.dir/FreeRTOS/src/timers.c.obj
 *fill*         0x08007fe6        0x2 
 .text.prvProcessExpiredTimer
                0x08007fe8       0x60 CMakeFiles/galvanometer.elf.dir/FreeRTOS/src/timers.c.obj
 .text.prvTimerTask
                0x08008048       0x26 CMakeFiles/galvanometer.elf.dir/FreeRTOS/src/timers.c.obj
 *fill*         0x0800806e        0x2 
 .text.prvProcessTimerOrBlockTask
                0x08008070       0x9c CMakeFiles/galvanometer.elf.dir/FreeRTOS/src/timers.c.obj
 .text.prvGetNextExpireTime
                0x0800810c       0x48 CMakeFiles/galvanometer.elf.dir/FreeRTOS/src/timers.c.obj
 .text.prvSampleTimeNow
                0x08008154       0x40 CMakeFiles/galvanometer.elf.dir/FreeRTOS/src/timers.c.obj
 .text.prvInsertTimerInActiveList
                0x08008194       0x84 CMakeFiles/galvanometer.elf.dir/FreeRTOS/src/timers.c.obj
 .text.prvProcessReceivedCommands
                0x08008218      0x190 CMakeFiles/galvanometer.elf.dir/FreeRTOS/src/timers.c.obj
 .text.prvSwitchTimerLists
                0x080083a8       0x4c CMakeFiles/galvanometer.elf.dir/FreeRTOS/src/timers.c.obj
 .text.prvCheckForValidListAndQueue
                0x080083f4       0x54 CMakeFiles/galvanometer.elf.dir/FreeRTOS/src/timers.c.obj
 .text.pvTimerGetTimerID
                0x08008448       0x24 CMakeFiles/galvanometer.elf.dir/FreeRTOS/src/timers.c.obj
                0x08008448                pvTimerGetTimerID
 .text.xTimerPendFunctionCallFromISR
                0x0800846c       0x40 CMakeFiles/galvanometer.elf.dir/FreeRTOS/src/timers.c.obj
                0x0800846c                xTimerPendFunctionCallFromISR
 .text.xEventGroupCreate
                0x080084ac       0x2e CMakeFiles/galvanometer.elf.dir/FreeRTOS/src/event_groups.c.obj
                0x080084ac                xEventGroupCreate
 *fill*         0x080084da        0x2 
 .text.xEventGroupWaitBits
                0x080084dc      0x114 CMakeFiles/galvanometer.elf.dir/FreeRTOS/src/event_groups.c.obj
                0x080084dc                xEventGroupWaitBits
 .text.xEventGroupSetBits
                0x080085f0       0xde CMakeFiles/galvanometer.elf.dir/FreeRTOS/src/event_groups.c.obj
                0x080085f0                xEventGroupSetBits
 .text.vEventGroupSetBitsCallback
                0x080086ce       0x1a CMakeFiles/galvanometer.elf.dir/FreeRTOS/src/event_groups.c.obj
                0x080086ce                vEventGroupSetBitsCallback
 .text.prvTestWaitCondition
                0x080086e8       0x44 CMakeFiles/galvanometer.elf.dir/FreeRTOS/src/event_groups.c.obj
 .text.xEventGroupSetBitsFromISR
                0x0800872c       0x28 CMakeFiles/galvanometer.elf.dir/FreeRTOS/src/event_groups.c.obj
                0x0800872c                xEventGroupSetBitsFromISR
 .text.pxPortInitialiseStack
                0x08008754       0x68 CMakeFiles/galvanometer.elf.dir/FreeRTOS/port/GCC/ARM_CM4F/port.c.obj
                0x08008754                pxPortInitialiseStack
 .text.prvTaskExitError
                0x080087bc       0x34 CMakeFiles/galvanometer.elf.dir/FreeRTOS/port/GCC/ARM_CM4F/port.c.obj
 .text.SVC_Handler
                0x080087f0       0x24 CMakeFiles/galvanometer.elf.dir/FreeRTOS/port/GCC/ARM_CM4F/port.c.obj
                0x080087f0                SVC_Handler
 .text.prvPortStartFirstTask
                0x08008814       0x2c CMakeFiles/galvanometer.elf.dir/FreeRTOS/port/GCC/ARM_CM4F/port.c.obj
 .text.xPortStartScheduler
                0x08008840       0x70 CMakeFiles/galvanometer.elf.dir/FreeRTOS/port/GCC/ARM_CM4F/port.c.obj
                0x08008840                xPortStartScheduler
 .text.vPortEnterCritical
                0x080088b0       0x34 CMakeFiles/galvanometer.elf.dir/FreeRTOS/port/GCC/ARM_CM4F/port.c.obj
                0x080088b0                vPortEnterCritical
 .text.vPortExitCritical
                0x080088e4       0x34 CMakeFiles/galvanometer.elf.dir/FreeRTOS/port/GCC/ARM_CM4F/port.c.obj
                0x080088e4                vPortExitCritical
 .text.PendSV_Handler
                0x08008918       0x60 CMakeFiles/galvanometer.elf.dir/FreeRTOS/port/GCC/ARM_CM4F/port.c.obj
                0x08008918                PendSV_Handler
 .text.xPortSysTickHandler
                0x08008978       0x44 CMakeFiles/galvanometer.elf.dir/FreeRTOS/port/GCC/ARM_CM4F/port.c.obj
                0x08008978                xPortSysTickHandler
 .text.vPortSetupTimerInterrupt
                0x080089bc       0x38 CMakeFiles/galvanometer.elf.dir/FreeRTOS/port/GCC/ARM_CM4F/port.c.obj
                0x080089bc                vPortSetupTimerInterrupt
 .text.vPortEnableVFP
                0x080089f4       0x18 CMakeFiles/galvanometer.elf.dir/FreeRTOS/port/GCC/ARM_CM4F/port.c.obj
 .text.pvPortMalloc
                0x08008a0c      0x164 CMakeFiles/galvanometer.elf.dir/FreeRTOS/port/MemMang/heap_4.c.obj
                0x08008a0c                pvPortMalloc
 .text.vPortFree
                0x08008b70       0x74 CMakeFiles/galvanometer.elf.dir/FreeRTOS/port/MemMang/heap_4.c.obj
                0x08008b70                vPortFree
 .text.prvHeapInit
                0x08008be4       0xb4 CMakeFiles/galvanometer.elf.dir/FreeRTOS/port/MemMang/heap_4.c.obj
 .text.prvInsertBlockIntoFreeList
                0x08008c98       0xb4 CMakeFiles/galvanometer.elf.dir/FreeRTOS/port/MemMang/heap_4.c.obj
 .text.__NVIC_SetPriority
                0x08008d4c       0x54 CMakeFiles/galvanometer.elf.dir/FreeRTOS/CMSIS_RTOS_V2/cmsis_os2.c.obj
 .text.SysTick_Handler
                0x08008da0       0x20 CMakeFiles/galvanometer.elf.dir/FreeRTOS/CMSIS_RTOS_V2/cmsis_os2.c.obj
                0x08008da0                SysTick_Handler
 .text.SVC_Setup
                0x08008dc0       0x12 CMakeFiles/galvanometer.elf.dir/FreeRTOS/CMSIS_RTOS_V2/cmsis_os2.c.obj
 *fill*         0x08008dd2        0x2 
 .text.osKernelInitialize
                0x08008dd4       0x48 CMakeFiles/galvanometer.elf.dir/FreeRTOS/CMSIS_RTOS_V2/cmsis_os2.c.obj
                0x08008dd4                osKernelInitialize
 .text.osKernelStart
                0x08008e1c       0x4c CMakeFiles/galvanometer.elf.dir/FreeRTOS/CMSIS_RTOS_V2/cmsis_os2.c.obj
                0x08008e1c                osKernelStart
 .text.osThreadNew
                0x08008e68      0x104 CMakeFiles/galvanometer.elf.dir/FreeRTOS/CMSIS_RTOS_V2/cmsis_os2.c.obj
                0x08008e68                osThreadNew
 .text.osDelay  0x08008f6c       0x36 CMakeFiles/galvanometer.elf.dir/FreeRTOS/CMSIS_RTOS_V2/cmsis_os2.c.obj
                0x08008f6c                osDelay
 .text.TimerCallback
                0x08008fa2       0x2a CMakeFiles/galvanometer.elf.dir/FreeRTOS/CMSIS_RTOS_V2/cmsis_os2.c.obj
 .text.osTimerNew
                0x08008fcc       0xdc CMakeFiles/galvanometer.elf.dir/FreeRTOS/CMSIS_RTOS_V2/cmsis_os2.c.obj
                0x08008fcc                osTimerNew
 .text.osTimerStart
                0x080090a8       0x5c CMakeFiles/galvanometer.elf.dir/FreeRTOS/CMSIS_RTOS_V2/cmsis_os2.c.obj
                0x080090a8                osTimerStart
 .text.osEventFlagsNew
                0x08009104       0x70 CMakeFiles/galvanometer.elf.dir/FreeRTOS/CMSIS_RTOS_V2/cmsis_os2.c.obj
                0x08009104                osEventFlagsNew
 .text.osEventFlagsSet
                0x08009174       0x84 CMakeFiles/galvanometer.elf.dir/FreeRTOS/CMSIS_RTOS_V2/cmsis_os2.c.obj
                0x08009174                osEventFlagsSet
 .text.osEventFlagsWait
                0x080091f8       0xca CMakeFiles/galvanometer.elf.dir/FreeRTOS/CMSIS_RTOS_V2/cmsis_os2.c.obj
                0x080091f8                osEventFlagsWait
 .text.osSemaphoreNew
                0x080092c2       0xca CMakeFiles/galvanometer.elf.dir/FreeRTOS/CMSIS_RTOS_V2/cmsis_os2.c.obj
                0x080092c2                osSemaphoreNew
 .text.osSemaphoreAcquire
                0x0800938c       0xa4 CMakeFiles/galvanometer.elf.dir/FreeRTOS/CMSIS_RTOS_V2/cmsis_os2.c.obj
                0x0800938c                osSemaphoreAcquire
 .text.osSemaphoreRelease
                0x08009430       0x88 CMakeFiles/galvanometer.elf.dir/FreeRTOS/CMSIS_RTOS_V2/cmsis_os2.c.obj
                0x08009430                osSemaphoreRelease
 .text.osMessageQueueNew
                0x080094b8       0xae CMakeFiles/galvanometer.elf.dir/FreeRTOS/CMSIS_RTOS_V2/cmsis_os2.c.obj
                0x080094b8                osMessageQueueNew
 *fill*         0x08009566        0x2 
 .text.osMessageQueuePut
                0x08009568       0xc0 CMakeFiles/galvanometer.elf.dir/FreeRTOS/CMSIS_RTOS_V2/cmsis_os2.c.obj
                0x08009568                osMessageQueuePut
 .text.osMessageQueueGet
                0x08009628       0xbc CMakeFiles/galvanometer.elf.dir/FreeRTOS/CMSIS_RTOS_V2/cmsis_os2.c.obj
                0x08009628                osMessageQueueGet
 .text.ina226TimerCallback
                0x080096e4       0x20 CMakeFiles/galvanometer.elf.dir/Tasks/user_ina226_Task.c.obj
                0x080096e4                ina226TimerCallback
 .text.ina226_Task
                0x08009704       0x44 CMakeFiles/galvanometer.elf.dir/Tasks/user_ina226_Task.c.obj
                0x08009704                ina226_Task
 .text.key_Task
                0x08009748       0xa0 CMakeFiles/galvanometer.elf.dir/Tasks/user_key_Task.c.obj
                0x08009748                key_Task
 .text.lcd_Task
                0x080097e8       0x1c CMakeFiles/galvanometer.elf.dir/Tasks/user_lcd_Task.c.obj
                0x080097e8                lcd_Task
 .text.Snapshot
                0x08009804      0x134 CMakeFiles/galvanometer.elf.dir/Tasks/user_messagesend_Task.c.obj
                0x08009804                Snapshot
 .text.message_Task
                0x08009938       0x54 CMakeFiles/galvanometer.elf.dir/Tasks/user_messagesend_Task.c.obj
                0x08009938                message_Task
 .text.User_Tasks_Init
                0x0800998c       0xd8 CMakeFiles/galvanometer.elf.dir/Tasks/user_TasksInit.c.obj
                0x0800998c                User_Tasks_Init
 .text.snprintf
                0x08009a64       0x6c D:/app/VSCode/data/STM32CubeCLT_1.22.0/GNU-tools-for-STM32/bin/../lib/gcc/arm-none-eabi/14.3.1/../../../../arm-none-eabi/lib/thumb/v7e-m+fp/hard\libg_nano.a(libc_a-snprintf.o)
                0x08009a64                sniprintf
                0x08009a64                snprintf
 .text._vsnprintf_r
                0x08009ad0       0x5c D:/app/VSCode/data/STM32CubeCLT_1.22.0/GNU-tools-for-STM32/bin/../lib/gcc/arm-none-eabi/14.3.1/../../../../arm-none-eabi/lib/thumb/v7e-m+fp/hard\libg_nano.a(libc_a-vsnprintf.o)
                0x08009ad0                _vsniprintf_r
                0x08009ad0                _vsnprintf_r
 .text.vsnprintf
                0x08009b2c       0x1c D:/app/VSCode/data/STM32CubeCLT_1.22.0/GNU-tools-for-STM32/bin/../lib/gcc/arm-none-eabi/14.3.1/../../../../arm-none-eabi/lib/thumb/v7e-m+fp/hard\libg_nano.a(libc_a-vsnprintf.o)
                0x08009b2c                vsniprintf
                0x08009b2c                vsnprintf
 .text.memset   0x08009b48       0x10 D:/app/VSCode/data/STM32CubeCLT_1.22.0/GNU-tools-for-STM32/bin/../lib/gcc/arm-none-eabi/14.3.1/../../../../arm-none-eabi/lib/thumb/v7e-m+fp/hard\libg_nano.a(libc_a-memset.o)
                0x08009b48                memset
 .text.strncpy  0x08009b58       0x26 D:/app/VSCode/data/STM32CubeCLT_1.22.0/GNU-tools-for-STM32/bin/../lib/gcc/arm-none-eabi/14.3.1/../../../../arm-none-eabi/lib/thumb/v7e-m+fp/hard\libg_nano.a(libc_a-strncpy.o)
                0x08009b58                strncpy
 *fill*         0x08009b7e        0x2 
 .text.__libc_init_array
                0x08009b80       0x48 D:/app/VSCode/data/STM32CubeCLT_1.22.0/GNU-tools-for-STM32/bin/../lib/gcc/arm-none-eabi/14.3.1/../../../../arm-none-eabi/lib/thumb/v7e-m+fp/hard\libg_nano.a(libc_a-init.o)
                0x08009b80                __libc_init_array
 .text.__retarget_lock_acquire_recursive
                0x08009bc8        0x2 D:/app/VSCode/data/STM32CubeCLT_1.22.0/GNU-tools-for-STM32/bin/../lib/gcc/arm-none-eabi/14.3.1/../../../../arm-none-eabi/lib/thumb/v7e-m+fp/hard\libg_nano.a(libc_a-lock.o)
                0x08009bc8                __retarget_lock_acquire_recursive
 .text.__retarget_lock_release_recursive
                0x08009bca        0x2 D:/app/VSCode/data/STM32CubeCLT_1.22.0/GNU-tools-for-STM32/bin/../lib/gcc/arm-none-eabi/14.3.1/../../../../arm-none-eabi/lib/thumb/v7e-m+fp/hard\libg_nano.a(libc_a-lock.o)
                0x08009bca                __retarget_lock_release_recursive
 .text.memcpy   0x08009bcc       0x1c D:/app/VSCode/data/STM32CubeCLT_1.22.0/GNU-tools-for-STM32/bin/../lib/gcc/arm-none-eabi/14.3.1/../../../../arm-none-eabi/lib/thumb/v7e-m+fp/hard\libg_nano.a(libc_a-memcpy-stub.o)
                0x08009bcc                memcpy
 .text._free_r  0x08009be8       0x94 D:/app/VSCode/data/STM32CubeCLT_1.22.0/GNU-tools-for-STM32/bin/../lib/gcc/arm-none-eabi/14.3.1/../../../../arm-none-eabi/lib/thumb/v7e-m+fp/hard\libg_nano.a(libc_a-freer.o)
                0x08009be8                _free_r
 .text.sbrk_aligned
                0x08009c7c       0x44 D:/app/VSCode/data/STM32CubeCLT_1.22.0/GNU-tools-for-STM32/bin/../lib/gcc/arm-none-eabi/14.3.1/../../../../arm-none-eabi/lib/thumb/v7e-m+fp/hard\libg_nano.a(libc_a-mallocr.o)
 .text._malloc_r
                0x08009cc0      0x100 D:/app/VSCode/data/STM32CubeCLT_1.22.0/GNU-tools-for-STM32/bin/../lib/gcc/arm-none-eabi/14.3.1/../../../../arm-none-eabi/lib/thumb/v7e-m+fp/hard\libg_nano.a(libc_a-mallocr.o)
                0x08009cc0                _malloc_r
 .text.__malloc_lock
                0x08009dc0        0xc D:/app/VSCode/data/STM32CubeCLT_1.22.0/GNU-tools-for-STM32/bin/../lib/gcc/arm-none-eabi/14.3.1/../../../../arm-none-eabi/lib/thumb/v7e-m+fp/hard\libg_nano.a(libc_a-mlock.o)
                0x08009dc0                __malloc_lock
 .text.__malloc_unlock
                0x08009dcc        0xc D:/app/VSCode/data/STM32CubeCLT_1.22.0/GNU-tools-for-STM32/bin/../lib/gcc/arm-none-eabi/14.3.1/../../../../arm-none-eabi/lib/thumb/v7e-m+fp/hard\libg_nano.a(libc_a-mlock.o)
                0x08009dcc                __malloc_unlock
 .text.__ssputs_r
                0x08009dd8       0xc0 D:/app/VSCode/data/STM32CubeCLT_1.22.0/GNU-tools-for-STM32/bin/../lib/gcc/arm-none-eabi/14.3.1/../../../../arm-none-eabi/lib/thumb/v7e-m+fp/hard\libg_nano.a(libc_a-nano-svfprintf.o)
                0x08009dd8                __ssputs_r
 .text._svfprintf_r
                0x08009e98      0x1f0 D:/app/VSCode/data/STM32CubeCLT_1.22.0/GNU-tools-for-STM32/bin/../lib/gcc/arm-none-eabi/14.3.1/../../../../arm-none-eabi/lib/thumb/v7e-m+fp/hard\libg_nano.a(libc_a-nano-svfprintf.o)
                0x08009e98                _svfiprintf_r
                0x08009e98                _svfprintf_r
 .text._printf_common
                0x0800a088       0xda D:/app/VSCode/data/STM32CubeCLT_1.22.0/GNU-tools-for-STM32/bin/../lib/gcc/arm-none-eabi/14.3.1/../../../../arm-none-eabi/lib/thumb/v7e-m+fp/hard\libg_nano.a(libc_a-nano-vfprintf_i.o)
                0x0800a088                _printf_common
 *fill*         0x0800a162        0x2 
 .text._printf_i
                0x0800a164      0x24c D:/app/VSCode/data/STM32CubeCLT_1.22.0/GNU-tools-for-STM32/bin/../lib/gcc/arm-none-eabi/14.3.1/../../../../arm-none-eabi/lib/thumb/v7e-m+fp/hard\libg_nano.a(libc_a-nano-vfprintf_i.o)
                0x0800a164                _printf_i
 .text.memmove  0x0800a3b0       0x32 D:/app/VSCode/data/STM32CubeCLT_1.22.0/GNU-tools-for-STM32/bin/../lib/gcc/arm-none-eabi/14.3.1/../../../../arm-none-eabi/lib/thumb/v7e-m+fp/hard\libg_nano.a(libc_a-memmove.o)
                0x0800a3b0                memmove
 *fill*         0x0800a3e2        0x2 
 .text._sbrk_r  0x0800a3e4       0x20 D:/app/VSCode/data/STM32CubeCLT_1.22.0/GNU-tools-for-STM32/bin/../lib/gcc/arm-none-eabi/14.3.1/../../../../arm-none-eabi/lib/thumb/v7e-m+fp/hard\libg_nano.a(libc_a-sbrkr.o)
                0x0800a3e4                _sbrk_r
 .text._realloc_r
                0x0800a404       0x5c D:/app/VSCode/data/STM32CubeCLT_1.22.0/GNU-tools-for-STM32/bin/../lib/gcc/arm-none-eabi/14.3.1/../../../../arm-none-eabi/lib/thumb/v7e-m+fp/hard\libg_nano.a(libc_a-reallocr.o)
                0x0800a404                _realloc_r
 .text._malloc_usable_size_r
                0x0800a460       0x10 D:/app/VSCode/data/STM32CubeCLT_1.22.0/GNU-tools-for-STM32/bin/../lib/gcc/arm-none-eabi/14.3.1/../../../../arm-none-eabi/lib/thumb/v7e-m+fp/hard\libg_nano.a(libc_a-msizer.o)
                0x0800a460                _malloc_usable_size_r
 *(.glue_7)
 .glue_7        0x0800a470        0x0 linker stubs
 *(.glue_7t)
 .glue_7t       0x0800a470        0x0 linker stubs
 *(.eh_frame)
 .eh_frame      0x0800a470        0x0 D:/app/VSCode/data/STM32CubeCLT_1.22.0/GNU-tools-for-STM32/bin/../lib/gcc/arm-none-eabi/14.3.1/thumb/v7e-m+fp/hard/crtbegin.o
 *(.init)
 .init          0x0800a470        0x4 D:/app/VSCode/data/STM32CubeCLT_1.22.0/GNU-tools-for-STM32/bin/../lib/gcc/arm-none-eabi/14.3.1/thumb/v7e-m+fp/hard/crti.o
                0x0800a470                _init
 .init          0x0800a474        0x8 D:/app/VSCode/data/STM32CubeCLT_1.22.0/GNU-tools-for-STM32/bin/../lib/gcc/arm-none-eabi/14.3.1/thumb/v7e-m+fp/hard/crtn.o
 *(.fini)
 .fini          0x0800a47c        0x4 D:/app/VSCode/data/STM32CubeCLT_1.22.0/GNU-tools-for-STM32/bin/../lib/gcc/arm-none-eabi/14.3.1/thumb/v7e-m+fp/hard/crti.o
                0x0800a47c                _fini
 .fini          0x0800a480        0x8 D:/app/VSCode/data/STM32CubeCLT_1.22.0/GNU-tools-for-STM32/bin/../lib/gcc/arm-none-eabi/14.3.1/thumb/v7e-m+fp/hard/crtn.o
                0x0800a488                        . = ALIGN (0x4)
                0x0800a488                        _etext = .

.vfp11_veneer   0x0800a488        0x0
 .vfp11_veneer  0x0800a488        0x0 linker stubs

.v4_bx          0x0800a488        0x0
 .v4_bx         0x0800a488        0x0 linker stubs

.iplt           0x0800a488        0x0
 .iplt          0x0800a488        0x0 D:/app/VSCode/data/STM32CubeCLT_1.22.0/GNU-tools-for-STM32/bin/../lib/gcc/arm-none-eabi/14.3.1/thumb/v7e-m+fp/hard/crtbegin.o

.rodata         0x0800a488      0x7e4
                0x0800a488                        . = ALIGN (0x4)
 *(.rodata)
 .rodata        0x0800a488       0x26 CMakeFiles/galvanometer.elf.dir/bsp/bsp_ina226.c.obj
 *fill*         0x0800a4ae        0x2 
 .rodata        0x0800a4b0        0x7 CMakeFiles/galvanometer.elf.dir/cdc/cdc_acm_core.c.obj
 *fill*         0x0800a4b7        0x1 
 .rodata        0x0800a4b8       0x10 CMakeFiles/galvanometer.elf.dir/CMSIS/system_gd32f30x.c.obj
 .rodata        0x0800a4c8       0x18 CMakeFiles/galvanometer.elf.dir/GD32F30x_Driver/src/gd32f30x_rcu.c.obj
 .rodata        0x0800a4e0        0x5 CMakeFiles/galvanometer.elf.dir/FreeRTOS/src/tasks.c.obj
 *fill*         0x0800a4e5        0x3 
 .rodata        0x0800a4e8        0x8 CMakeFiles/galvanometer.elf.dir/FreeRTOS/src/timers.c.obj
 .rodata        0x0800a4f0       0x99 CMakeFiles/galvanometer.elf.dir/Tasks/user_messagesend_Task.c.obj
 *fill*         0x0800a589        0x3 
 .rodata        0x0800a58c       0x18 CMakeFiles/galvanometer.elf.dir/Tasks/user_TasksInit.c.obj
 *(.rodata*)
 .rodata.ascii_8x16
                0x0800a5a4      0x5f0 CMakeFiles/galvanometer.elf.dir/bsp/bsp_lcd.c.obj
                0x0800a5a4                ascii_8x16
 .rodata.ep_type
                0x0800ab94       0x10 CMakeFiles/galvanometer.elf.dir/cdc/usbd_lld_core.c.obj
 .rodata.uxTopUsedPriority
                0x0800aba4        0x4 CMakeFiles/galvanometer.elf.dir/FreeRTOS/src/tasks.c.obj
 .rodata.ina226Task_attibutes
                0x0800aba8       0x24 CMakeFiles/galvanometer.elf.dir/Tasks/user_TasksInit.c.obj
                0x0800aba8                ina226Task_attibutes
 .rodata.keyTask_attibutes
                0x0800abcc       0x24 CMakeFiles/galvanometer.elf.dir/Tasks/user_TasksInit.c.obj
                0x0800abcc                keyTask_attibutes
 .rodata.lcdTask_attibutes
                0x0800abf0       0x24 CMakeFiles/galvanometer.elf.dir/Tasks/user_TasksInit.c.obj
                0x0800abf0                lcdTask_attibutes
 .rodata.messageTask_attibutes
                0x0800ac14       0x24 CMakeFiles/galvanometer.elf.dir/Tasks/user_TasksInit.c.obj
                0x0800ac14                messageTask_attibutes
 .rodata._svfprintf_r.str1.1
                0x0800ac38       0x33 D:/app/VSCode/data/STM32CubeCLT_1.22.0/GNU-tools-for-STM32/bin/../lib/gcc/arm-none-eabi/14.3.1/../../../../arm-none-eabi/lib/thumb/v7e-m+fp/hard\libg_nano.a(libc_a-nano-svfprintf.o)
                                 0x11 (size before relaxing)
 .rodata._printf_i.str1.1
                0x0800ac6b       0x22 D:/app/VSCode/data/STM32CubeCLT_1.22.0/GNU-tools-for-STM32/bin/../lib/gcc/arm-none-eabi/14.3.1/../../../../arm-none-eabi/lib/thumb/v7e-m+fp/hard\libg_nano.a(libc_a-nano-vfprintf_i.o)
                0x0800ac90                        . = ALIGN (0x4)
 *fill*         0x0800ac6b        0x1 

.ARM.extab
 *(.ARM.extab* .gnu.linkonce.armextab.*)

.ARM            0x0800ac6c        0x8
                0x0800ac6c                        __exidx_start = .
 *(.ARM.exidx*)
 .ARM.exidx     0x0800ac6c        0x8 D:/app/VSCode/data/STM32CubeCLT_1.22.0/GNU-tools-for-STM32/bin/../lib/gcc/arm-none-eabi/14.3.1/thumb/v7e-m+fp/hard\libgcc.a(_udivmoddi4.o)
 .ARM.exidx     0x0800ac74        0x0 D:/app/VSCode/data/STM32CubeCLT_1.22.0/GNU-tools-for-STM32/bin/../lib/gcc/arm-none-eabi/14.3.1/../../../../arm-none-eabi/lib/thumb/v7e-m+fp/hard\libg_nano.a(libc_a-memchr.o)
                                  0x8 (size before relaxing)
                0x0800ac74                        __exidx_end = .

.rel.dyn        0x0800ac74        0x0
 .rel.iplt      0x0800ac74        0x0 D:/app/VSCode/data/STM32CubeCLT_1.22.0/GNU-tools-for-STM32/bin/../lib/gcc/arm-none-eabi/14.3.1/thumb/v7e-m+fp/hard/crtbegin.o

.ARM.attributes
                0x0800ac74       0x30
 *(.ARM.attributes)
 .ARM.attributes
                0x0800ac74       0x22 D:/app/VSCode/data/STM32CubeCLT_1.22.0/GNU-tools-for-STM32/bin/../lib/gcc/arm-none-eabi/14.3.1/thumb/v7e-m+fp/hard/crti.o
 .ARM.attributes
                0x0800ac96       0x34 D:/app/VSCode/data/STM32CubeCLT_1.22.0/GNU-tools-for-STM32/bin/../lib/gcc/arm-none-eabi/14.3.1/thumb/v7e-m+fp/hard/crtbegin.o
 .ARM.attributes
                0x0800acca       0x34 CMakeFiles/galvanometer.elf.dir/core/main.c.obj
 .ARM.attributes
                0x0800acfe       0x34 CMakeFiles/galvanometer.elf.dir/core/freertos.c.obj
 .ARM.attributes
                0x0800ad32       0x34 CMakeFiles/galvanometer.elf.dir/core/gd32f30x_it.c.obj
 .ARM.attributes
                0x0800ad66       0x34 CMakeFiles/galvanometer.elf.dir/bsp/board.c.obj
 .ARM.attributes
                0x0800ad9a       0x34 CMakeFiles/galvanometer.elf.dir/bsp/bsp_lcd.c.obj
 .ARM.attributes
                0x0800adce       0x34 CMakeFiles/galvanometer.elf.dir/bsp/bsp_delay.c.obj
 .ARM.attributes
                0x0800ae02       0x34 CMakeFiles/galvanometer.elf.dir/bsp/bsp_ina226.c.obj
 .ARM.attributes
                0x0800ae36       0x34 CMakeFiles/galvanometer.elf.dir/cdc/cdc.c.obj
 .ARM.attributes
                0x0800ae6a       0x34 CMakeFiles/galvanometer.elf.dir/cdc/cdc_acm_core.c.obj
 .ARM.attributes
                0x0800ae9e       0x34 CMakeFiles/galvanometer.elf.dir/cdc/gd32f30x_usbd_hw.c.obj
 .ARM.attributes
                0x0800aed2       0x34 CMakeFiles/galvanometer.elf.dir/cdc/usbd_core.c.obj
 .ARM.attributes
                0x0800af06       0x34 CMakeFiles/galvanometer.elf.dir/cdc/usbd_enum.c.obj
 .ARM.attributes
                0x0800af3a       0x34 CMakeFiles/galvanometer.elf.dir/cdc/usbd_transc.c.obj
 .ARM.attributes
                0x0800af6e       0x34 CMakeFiles/galvanometer.elf.dir/cdc/usbd_lld_core.c.obj
 .ARM.attributes
                0x0800afa2       0x34 CMakeFiles/galvanometer.elf.dir/cdc/usbd_lld_int.c.obj
 .ARM.attributes
                0x0800afd6       0x25 CMakeFiles/galvanometer.elf.dir/CMSIS/startup_gd32f30x_xd.S.obj
 .ARM.attributes
                0x0800affb       0x34 CMakeFiles/galvanometer.elf.dir/CMSIS/system_gd32f30x.c.obj
 .ARM.attributes
                0x0800b02f       0x34 CMakeFiles/galvanometer.elf.dir/GD32F30x_Driver/src/syscalls.c.obj
 .ARM.attributes
                0x0800b063       0x34 CMakeFiles/galvanometer.elf.dir/GD32F30x_Driver/src/gd32f30x_rcu.c.obj
 .ARM.attributes
                0x0800b097       0x34 CMakeFiles/galvanometer.elf.dir/GD32F30x_Driver/src/gd32f30x_gpio.c.obj
 .ARM.attributes
                0x0800b0cb       0x34 CMakeFiles/galvanometer.elf.dir/GD32F30x_Driver/src/gd32f30x_exti.c.obj
 .ARM.attributes
                0x0800b0ff       0x34 CMakeFiles/galvanometer.elf.dir/GD32F30x_Driver/src/gd32f30x_spi.c.obj
 .ARM.attributes
                0x0800b133       0x34 CMakeFiles/galvanometer.elf.dir/GD32F30x_Driver/src/gd32f30x_i2c.c.obj
 .ARM.attributes
                0x0800b167       0x34 CMakeFiles/galvanometer.elf.dir/GD32F30x_Driver/src/gd32f30x_misc.c.obj
 .ARM.attributes
                0x0800b19b       0x34 CMakeFiles/galvanometer.elf.dir/FreeRTOS/src/tasks.c.obj
 .ARM.attributes
                0x0800b1cf       0x34 CMakeFiles/galvanometer.elf.dir/FreeRTOS/src/queue.c.obj
 .ARM.attributes
                0x0800b203       0x34 CMakeFiles/galvanometer.elf.dir/FreeRTOS/src/list.c.obj
 .ARM.attributes
                0x0800b237       0x34 CMakeFiles/galvanometer.elf.dir/FreeRTOS/src/timers.c.obj
 .ARM.attributes
                0x0800b26b       0x34 CMakeFiles/galvanometer.elf.dir/FreeRTOS/src/event_groups.c.obj
 .ARM.attributes
                0x0800b29f       0x34 CMakeFiles/galvanometer.elf.dir/FreeRTOS/port/GCC/ARM_CM4F/port.c.obj
 .ARM.attributes
                0x0800b2d3       0x34 CMakeFiles/galvanometer.elf.dir/FreeRTOS/port/MemMang/heap_4.c.obj
 .ARM.attributes
                0x0800b307       0x34 CMakeFiles/galvanometer.elf.dir/FreeRTOS/CMSIS_RTOS_V2/cmsis_os2.c.obj
 .ARM.attributes
                0x0800b33b       0x34 CMakeFiles/galvanometer.elf.dir/Tasks/user_ina226_Task.c.obj
 .ARM.attributes
                0x0800b36f       0x34 CMakeFiles/galvanometer.elf.dir/Tasks/user_key_Task.c.obj
 .ARM.attributes
                0x0800b3a3       0x34 CMakeFiles/galvanometer.elf.dir/Tasks/user_lcd_Task.c.obj
 .ARM.attributes
                0x0800b3d7       0x34 CMakeFiles/galvanometer.elf.dir/Tasks/user_messagesend_Task.c.obj
 .ARM.attributes
                0x0800b40b       0x34 CMakeFiles/galvanometer.elf.dir/Tasks/user_TasksInit.c.obj
 .ARM.attributes
                0x0800b43f       0x22 D:/app/VSCode/data/STM32CubeCLT_1.22.0/GNU-tools-for-STM32/bin/../lib/gcc/arm-none-eabi/14.3.1/thumb/v7e-m+fp/hard\libgcc.a(_aeabi_ldivmod.o)
 .ARM.attributes
                0x0800b461       0x22 D:/app/VSCode/data/STM32CubeCLT_1.22.0/GNU-tools-for-STM32/bin/../lib/gcc/arm-none-eabi/14.3.1/thumb/v7e-m+fp/hard\libgcc.a(_aeabi_uldivmod.o)
 .ARM.attributes
                0x0800b483       0x34 D:/app/VSCode/data/STM32CubeCLT_1.22.0/GNU-tools-for-STM32/bin/../lib/gcc/arm-none-eabi/14.3.1/thumb/v7e-m+fp/hard\libgcc.a(_udivmoddi4.o)
 .ARM.attributes
                0x0800b4b7       0x22 D:/app/VSCode/data/STM32CubeCLT_1.22.0/GNU-tools-for-STM32/bin/../lib/gcc/arm-none-eabi/14.3.1/thumb/v7e-m+fp/hard\libgcc.a(_dvmd_tls.o)
 .ARM.attributes
                0x0800b4d9       0x34 D:/app/VSCode/data/STM32CubeCLT_1.22.0/GNU-tools-for-STM32/bin/../lib/gcc/arm-none-eabi/14.3.1/../../../../arm-none-eabi/lib/thumb/v7e-m+fp/hard\libg_nano.a(libc_a-findfp.o)
 .ARM.attributes
                0x0800b50d       0x34 D:/app/VSCode/data/STM32CubeCLT_1.22.0/GNU-tools-for-STM32/bin/../lib/gcc/arm-none-eabi/14.3.1/../../../../arm-none-eabi/lib/thumb/v7e-m+fp/hard\libg_nano.a(libc_a-snprintf.o)
 .ARM.attributes
                0x0800b541       0x34 D:/app/VSCode/data/STM32CubeCLT_1.22.0/GNU-tools-for-STM32/bin/../lib/gcc/arm-none-eabi/14.3.1/../../../../arm-none-eabi/lib/thumb/v7e-m+fp/hard\libg_nano.a(libc_a-vsnprintf.o)
 .ARM.attributes
                0x0800b575       0x34 D:/app/VSCode/data/STM32CubeCLT_1.22.0/GNU-tools-for-STM32/bin/../lib/gcc/arm-none-eabi/14.3.1/../../../../arm-none-eabi/lib/thumb/v7e-m+fp/hard\libg_nano.a(libc_a-memset.o)
 .ARM.attributes
                0x0800b5a9       0x34 D:/app/VSCode/data/STM32CubeCLT_1.22.0/GNU-tools-for-STM32/bin/../lib/gcc/arm-none-eabi/14.3.1/../../../../arm-none-eabi/lib/thumb/v7e-m+fp/hard\libg_nano.a(libc_a-strncpy.o)
 .ARM.attributes
                0x0800b5dd       0x34 D:/app/VSCode/data/STM32CubeCLT_1.22.0/GNU-tools-for-STM32/bin/../lib/gcc/arm-none-eabi/14.3.1/../../../../arm-none-eabi/lib/thumb/v7e-m+fp/hard\libg_nano.a(libc_a-reent.o)
 .ARM.attributes
                0x0800b611       0x34 D:/app/VSCode/data/STM32CubeCLT_1.22.0/GNU-tools-for-STM32/bin/../lib/gcc/arm-none-eabi/14.3.1/../../../../arm-none-eabi/lib/thumb/v7e-m+fp/hard\libg_nano.a(libc_a-impure.o)
 .ARM.attributes
                0x0800b645       0x34 D:/app/VSCode/data/STM32CubeCLT_1.22.0/GNU-tools-for-STM32/bin/../lib/gcc/arm-none-eabi/14.3.1/../../../../arm-none-eabi/lib/thumb/v7e-m+fp/hard\libg_nano.a(libc_a-init.o)
 .ARM.attributes
                0x0800b679       0x34 D:/app/VSCode/data/STM32CubeCLT_1.22.0/GNU-tools-for-STM32/bin/../lib/gcc/arm-none-eabi/14.3.1/../../../../arm-none-eabi/lib/thumb/v7e-m+fp/hard\libg_nano.a(libc_a-lock.o)
 .ARM.attributes
                0x0800b6ad       0x34 D:/app/VSCode/data/STM32CubeCLT_1.22.0/GNU-tools-for-STM32/bin/../lib/gcc/arm-none-eabi/14.3.1/../../../../arm-none-eabi/lib/thumb/v7e-m+fp/hard\libg_nano.a(libc_a-memcpy-stub.o)
 .ARM.attributes
                0x0800b6e1       0x34 D:/app/VSCode/data/STM32CubeCLT_1.22.0/GNU-tools-for-STM32/bin/../lib/gcc/arm-none-eabi/14.3.1/../../../../arm-none-eabi/lib/thumb/v7e-m+fp/hard\libg_nano.a(libc_a-freer.o)
 .ARM.attributes
                0x0800b715       0x34 D:/app/VSCode/data/STM32CubeCLT_1.22.0/GNU-tools-for-STM32/bin/../lib/gcc/arm-none-eabi/14.3.1/../../../../arm-none-eabi/lib/thumb/v7e-m+fp/hard\libg_nano.a(libc_a-mallocr.o)
 .ARM.attributes
                0x0800b749       0x34 D:/app/VSCode/data/STM32CubeCLT_1.22.0/GNU-tools-for-STM32/bin/../lib/gcc/arm-none-eabi/14.3.1/../../../../arm-none-eabi/lib/thumb/v7e-m+fp/hard\libg_nano.a(libc_a-mlock.o)
 .ARM.attributes
                0x0800b77d       0x34 D:/app/VSCode/data/STM32CubeCLT_1.22.0/GNU-tools-for-STM32/bin/../lib/gcc/arm-none-eabi/14.3.1/../../../../arm-none-eabi/lib/thumb/v7e-m+fp/hard\libg_nano.a(libc_a-nano-svfprintf.o)
 .ARM.attributes
                0x0800b7b1       0x34 D:/app/VSCode/data/STM32CubeCLT_1.22.0/GNU-tools-for-STM32/bin/../lib/gcc/arm-none-eabi/14.3.1/../../../../arm-none-eabi/lib/thumb/v7e-m+fp/hard\libg_nano.a(libc_a-nano-vfprintf_i.o)
 .ARM.attributes
                0x0800b7e5       0x34 D:/app/VSCode/data/STM32CubeCLT_1.22.0/GNU-tools-for-STM32/bin/../lib/gcc/arm-none-eabi/14.3.1/../../../../arm-none-eabi/lib/thumb/v7e-m+fp/hard\libg_nano.a(libc_a-memmove.o)
 .ARM.attributes
                0x0800b819       0x34 D:/app/VSCode/data/STM32CubeCLT_1.22.0/GNU-tools-for-STM32/bin/../lib/gcc/arm-none-eabi/14.3.1/../../../../arm-none-eabi/lib/thumb/v7e-m+fp/hard\libg_nano.a(libc_a-sbrkr.o)
 .ARM.attributes
                0x0800b84d       0x1c D:/app/VSCode/data/STM32CubeCLT_1.22.0/GNU-tools-for-STM32/bin/../lib/gcc/arm-none-eabi/14.3.1/../../../../arm-none-eabi/lib/thumb/v7e-m+fp/hard\libg_nano.a(libc_a-memchr.o)
 .ARM.attributes
                0x0800b869       0x34 D:/app/VSCode/data/STM32CubeCLT_1.22.0/GNU-tools-for-STM32/bin/../lib/gcc/arm-none-eabi/14.3.1/../../../../arm-none-eabi/lib/thumb/v7e-m+fp/hard\libg_nano.a(libc_a-reallocr.o)
 .ARM.attributes
                0x0800b89d       0x34 D:/app/VSCode/data/STM32CubeCLT_1.22.0/GNU-tools-for-STM32/bin/../lib/gcc/arm-none-eabi/14.3.1/../../../../arm-none-eabi/lib/thumb/v7e-m+fp/hard\libg_nano.a(libc_a-msizer.o)
 .ARM.attributes
                0x0800b8d1       0x22 D:/app/VSCode/data/STM32CubeCLT_1.22.0/GNU-tools-for-STM32/bin/../lib/gcc/arm-none-eabi/14.3.1/thumb/v7e-m+fp/hard/crtn.o

.preinit_array  0x0800ac74        0x0
                0x0800ac74                        PROVIDE (__preinit_array_start = .)
 *(.preinit_array*)
                0x0800ac74                        PROVIDE (__preinit_array_end = .)

.init_array     0x0800ac74        0x4
                0x0800ac74                        PROVIDE (__init_array_start = .)
 *(SORT_BY_NAME(.init_array.*))
 *(.init_array*)
 .init_array    0x0800ac74        0x4 D:/app/VSCode/data/STM32CubeCLT_1.22.0/GNU-tools-for-STM32/bin/../lib/gcc/arm-none-eabi/14.3.1/thumb/v7e-m+fp/hard/crtbegin.o
                0x0800ac78                        PROVIDE (__init_array_end = .)

.fini_array     0x0800ac78        0x4
                [!provide]                        PROVIDE (__fini_array_start = .)
 *(.fini_array*)
 .fini_array    0x0800ac78        0x4 D:/app/VSCode/data/STM32CubeCLT_1.22.0/GNU-tools-for-STM32/bin/../lib/gcc/arm-none-eabi/14.3.1/thumb/v7e-m+fp/hard/crtbegin.o
 *(SORT_BY_NAME(.fini_array.*))
                [!provide]                        PROVIDE (__fini_array_end = .)
                0x0800ac7c                        _sidata = LOADADDR (.data)

.data           0x20000000      0x338 load address 0x0800ac7c
                0x20000000                        . = ALIGN (0x4)
                0x20000000                        _sdata = .
 *(.data)
 *(.data*)
 .data.font     0x20000000        0x8 CMakeFiles/galvanometer.elf.dir/bsp/bsp_lcd.c.obj
                0x20000000                font
 .data.power    0x20000008       0x18 CMakeFiles/galvanometer.elf.dir/bsp/bsp_ina226.c.obj
                0x20000008                power
 .data.offset_raw
                0x20000020        0xc CMakeFiles/galvanometer.elf.dir/bsp/bsp_ina226.c.obj
                0x20000020                offset_raw
 .data.cdc_dev_desc
                0x2000002c       0x12 CMakeFiles/galvanometer.elf.dir/cdc/cdc_acm_core.c.obj
                0x2000002c                cdc_dev_desc
 *fill*         0x2000003e        0x2 
 .data.cdc_config_desc
                0x20000040       0x43 CMakeFiles/galvanometer.elf.dir/cdc/cdc_acm_core.c.obj
                0x20000040                cdc_config_desc
 *fill*         0x20000083        0x1 
 .data.usbd_language_id_desc
                0x20000084        0x4 CMakeFiles/galvanometer.elf.dir/cdc/cdc_acm_core.c.obj
 .data.manufacturer_string
                0x20000088       0x82 CMakeFiles/galvanometer.elf.dir/cdc/cdc_acm_core.c.obj
 *fill*         0x2000010a        0x2 
 .data.product_string
                0x2000010c       0x82 CMakeFiles/galvanometer.elf.dir/cdc/cdc_acm_core.c.obj
 *fill*         0x2000018e        0x2 
 .data.serial_string
                0x20000190       0x82 CMakeFiles/galvanometer.elf.dir/cdc/cdc_acm_core.c.obj
 *fill*         0x20000212        0x2 
 .data.usbd_cdc_strings
                0x20000214       0x10 CMakeFiles/galvanometer.elf.dir/cdc/cdc_acm_core.c.obj
                0x20000214                usbd_cdc_strings
 .data.cdc_desc
                0x20000224       0x10 CMakeFiles/galvanometer.elf.dir/cdc/cdc_acm_core.c.obj
                0x20000224                cdc_desc
 .data.cdc_class
                0x20000234       0x20 CMakeFiles/galvanometer.elf.dir/cdc/cdc_acm_core.c.obj
                0x20000234                cdc_class
 .data._std_dev_req
                0x20000254       0x34 CMakeFiles/galvanometer.elf.dir/cdc/usbd_enum.c.obj
 .data.std_desc_get
                0x20000288        0xc CMakeFiles/galvanometer.elf.dir/cdc/usbd_enum.c.obj
 .data.btable_ep
                0x20000294        0x4 CMakeFiles/galvanometer.elf.dir/cdc/usbd_lld_core.c.obj
                0x20000294                btable_ep
 .data.usbd_drv_handler
                0x20000298       0x44 CMakeFiles/galvanometer.elf.dir/cdc/usbd_lld_core.c.obj
                0x20000298                usbd_drv_handler
 .data.SystemCoreClock
                0x200002dc        0x4 CMakeFiles/galvanometer.elf.dir/CMSIS/system_gd32f30x.c.obj
                0x200002dc                SystemCoreClock
 .data.curbrk.0
                0x200002e0        0x4 CMakeFiles/galvanometer.elf.dir/GD32F30x_Driver/src/syscalls.c.obj
 .data.uxCriticalNesting
                0x200002e4        0x4 CMakeFiles/galvanometer.elf.dir/FreeRTOS/port/GCC/ARM_CM4F/port.c.obj
 .data._impure_ptr
                0x200002e8        0x4 D:/app/VSCode/data/STM32CubeCLT_1.22.0/GNU-tools-for-STM32/bin/../lib/gcc/arm-none-eabi/14.3.1/../../../../arm-none-eabi/lib/thumb/v7e-m+fp/hard\libg_nano.a(libc_a-impure.o)
                0x200002e8                _impure_ptr
 .data._impure_data
                0x200002ec       0x4c D:/app/VSCode/data/STM32CubeCLT_1.22.0/GNU-tools-for-STM32/bin/../lib/gcc/arm-none-eabi/14.3.1/../../../../arm-none-eabi/lib/thumb/v7e-m+fp/hard\libg_nano.a(libc_a-impure.o)
                0x200002ec                _impure_data
                0x20000338                        . = ALIGN (0x4)
                0x20000338                        _edata = .

.igot.plt       0x20000338        0x0 load address 0x0800afb4
 .igot.plt      0x20000338        0x0 D:/app/VSCode/data/STM32CubeCLT_1.22.0/GNU-tools-for-STM32/bin/../lib/gcc/arm-none-eabi/14.3.1/thumb/v7e-m+fp/hard/crtbegin.o
                0x20000338                        . = ALIGN (0x4)

.bss            0x20000338     0x6340 load address 0x0800afb4
                0x20000338                        . = ALIGN (0x4)
                0x20000338                        _sbss = .
                0x20000338                        __bss_start__ = _sbss
 *(.bss)
 .bss           0x20000338       0x1c D:/app/VSCode/data/STM32CubeCLT_1.22.0/GNU-tools-for-STM32/bin/../lib/gcc/arm-none-eabi/14.3.1/thumb/v7e-m+fp/hard/crtbegin.o
 *(.bss*)
 .bss.task_name.0
                0x20000354       0x10 CMakeFiles/galvanometer.elf.dir/core/freertos.c.obj
 .bss.data_log  0x20000364      0xb10 CMakeFiles/galvanometer.elf.dir/bsp/bsp_ina226.c.obj
                0x20000364                data_log
 .bss.usbd_cdc  0x20000e74       0xe0 CMakeFiles/galvanometer.elf.dir/cdc/cdc.c.obj
 .bss.cdc_handler.0
                0x20000f54       0x50 CMakeFiles/galvanometer.elf.dir/cdc/cdc_acm_core.c.obj
 .bss.usbd_int_fops
                0x20000fa4        0x4 CMakeFiles/galvanometer.elf.dir/cdc/usbd_core.c.obj
                0x20000fa4                usbd_int_fops
 .bss.status.1  0x20000fa8        0x2 CMakeFiles/galvanometer.elf.dir/cdc/usbd_enum.c.obj
 .bss.config.0  0x20000faa        0x1 CMakeFiles/galvanometer.elf.dir/cdc/usbd_enum.c.obj
 *fill*         0x20000fab        0x1 
 .bss.usbd_core
                0x20000fac        0x8 CMakeFiles/galvanometer.elf.dir/cdc/usbd_lld_core.c.obj
                0x20000fac                usbd_core
 .bss.pxCurrentTCB
                0x20000fb4        0x4 CMakeFiles/galvanometer.elf.dir/FreeRTOS/src/tasks.c.obj
                0x20000fb4                pxCurrentTCB
 .bss.pxReadyTasksLists
                0x20000fb8      0x460 CMakeFiles/galvanometer.elf.dir/FreeRTOS/src/tasks.c.obj
 .bss.xDelayedTaskList1
                0x20001418       0x14 CMakeFiles/galvanometer.elf.dir/FreeRTOS/src/tasks.c.obj
 .bss.xDelayedTaskList2
                0x2000142c       0x14 CMakeFiles/galvanometer.elf.dir/FreeRTOS/src/tasks.c.obj
 .bss.pxDelayedTaskList
                0x20001440        0x4 CMakeFiles/galvanometer.elf.dir/FreeRTOS/src/tasks.c.obj
 .bss.pxOverflowDelayedTaskList
                0x20001444        0x4 CMakeFiles/galvanometer.elf.dir/FreeRTOS/src/tasks.c.obj
 .bss.xPendingReadyList
                0x20001448       0x14 CMakeFiles/galvanometer.elf.dir/FreeRTOS/src/tasks.c.obj
 .bss.xTasksWaitingTermination
                0x2000145c       0x14 CMakeFiles/galvanometer.elf.dir/FreeRTOS/src/tasks.c.obj
 .bss.uxDeletedTasksWaitingCleanUp
                0x20001470        0x4 CMakeFiles/galvanometer.elf.dir/FreeRTOS/src/tasks.c.obj
 .bss.xSuspendedTaskList
                0x20001474       0x14 CMakeFiles/galvanometer.elf.dir/FreeRTOS/src/tasks.c.obj
 .bss.uxCurrentNumberOfTasks
                0x20001488        0x4 CMakeFiles/galvanometer.elf.dir/FreeRTOS/src/tasks.c.obj
 .bss.xTickCount
                0x2000148c        0x4 CMakeFiles/galvanometer.elf.dir/FreeRTOS/src/tasks.c.obj
 .bss.uxTopReadyPriority
                0x20001490        0x4 CMakeFiles/galvanometer.elf.dir/FreeRTOS/src/tasks.c.obj
 .bss.xSchedulerRunning
                0x20001494        0x4 CMakeFiles/galvanometer.elf.dir/FreeRTOS/src/tasks.c.obj
 .bss.xPendedTicks
                0x20001498        0x4 CMakeFiles/galvanometer.elf.dir/FreeRTOS/src/tasks.c.obj
 .bss.xYieldPendings
                0x2000149c        0x4 CMakeFiles/galvanometer.elf.dir/FreeRTOS/src/tasks.c.obj
 .bss.xNumOfOverflows
                0x200014a0        0x4 CMakeFiles/galvanometer.elf.dir/FreeRTOS/src/tasks.c.obj
 .bss.uxTaskNumber
                0x200014a4        0x4 CMakeFiles/galvanometer.elf.dir/FreeRTOS/src/tasks.c.obj
 .bss.xNextTaskUnblockTime
                0x200014a8        0x4 CMakeFiles/galvanometer.elf.dir/FreeRTOS/src/tasks.c.obj
 .bss.xIdleTaskHandles
                0x200014ac        0x4 CMakeFiles/galvanometer.elf.dir/FreeRTOS/src/tasks.c.obj
 .bss.uxSchedulerSuspended
                0x200014b0        0x4 CMakeFiles/galvanometer.elf.dir/FreeRTOS/src/tasks.c.obj
 .bss.xActiveTimerList1
                0x200014b4       0x14 CMakeFiles/galvanometer.elf.dir/FreeRTOS/src/timers.c.obj
 .bss.xActiveTimerList2
                0x200014c8       0x14 CMakeFiles/galvanometer.elf.dir/FreeRTOS/src/timers.c.obj
 .bss.pxCurrentTimerList
                0x200014dc        0x4 CMakeFiles/galvanometer.elf.dir/FreeRTOS/src/timers.c.obj
 .bss.pxOverflowTimerList
                0x200014e0        0x4 CMakeFiles/galvanometer.elf.dir/FreeRTOS/src/timers.c.obj
 .bss.xTimerQueue
                0x200014e4        0x4 CMakeFiles/galvanometer.elf.dir/FreeRTOS/src/timers.c.obj
 .bss.xTimerTaskHandle
                0x200014e8        0x4 CMakeFiles/galvanometer.elf.dir/FreeRTOS/src/timers.c.obj
 .bss.xLastTime.0
                0x200014ec        0x4 CMakeFiles/galvanometer.elf.dir/FreeRTOS/src/timers.c.obj
 .bss.ucHeap    0x200014f0     0x5000 CMakeFiles/galvanometer.elf.dir/FreeRTOS/port/MemMang/heap_4.c.obj
 .bss.xStart    0x200064f0        0x8 CMakeFiles/galvanometer.elf.dir/FreeRTOS/port/MemMang/heap_4.c.obj
 .bss.pxEnd     0x200064f8        0x4 CMakeFiles/galvanometer.elf.dir/FreeRTOS/port/MemMang/heap_4.c.obj
 .bss.xFreeBytesRemaining
                0x200064fc        0x4 CMakeFiles/galvanometer.elf.dir/FreeRTOS/port/MemMang/heap_4.c.obj
 .bss.xMinimumEverFreeBytesRemaining
                0x20006500        0x4 CMakeFiles/galvanometer.elf.dir/FreeRTOS/port/MemMang/heap_4.c.obj
 .bss.xNumberOfSuccessfulAllocations
                0x20006504        0x4 CMakeFiles/galvanometer.elf.dir/FreeRTOS/port/MemMang/heap_4.c.obj
 .bss.xNumberOfSuccessfulFrees
                0x20006508        0x4 CMakeFiles/galvanometer.elf.dir/FreeRTOS/port/MemMang/heap_4.c.obj
 .bss.KernelState
                0x2000650c        0x4 CMakeFiles/galvanometer.elf.dir/FreeRTOS/CMSIS_RTOS_V2/cmsis_os2.c.obj
 .bss.ina226TimerHandle
                0x20006510        0x4 CMakeFiles/galvanometer.elf.dir/Tasks/user_TasksInit.c.obj
                0x20006510                ina226TimerHandle
 .bss.ina226TaskHandle
                0x20006514        0x4 CMakeFiles/galvanometer.elf.dir/Tasks/user_TasksInit.c.obj
                0x20006514                ina226TaskHandle
 .bss.keyTaskHandle
                0x20006518        0x4 CMakeFiles/galvanometer.elf.dir/Tasks/user_TasksInit.c.obj
                0x20006518                keyTaskHandle
 .bss.lcdTaskHandle
                0x2000651c        0x4 CMakeFiles/galvanometer.elf.dir/Tasks/user_TasksInit.c.obj
                0x2000651c                lcdTaskHandle
 .bss.messageTaskHandle
                0x20006520        0x4 CMakeFiles/galvanometer.elf.dir/Tasks/user_TasksInit.c.obj
                0x20006520                messageTaskHandle
 .bss.key_queue
                0x20006524        0x4 CMakeFiles/galvanometer.elf.dir/Tasks/user_TasksInit.c.obj
                0x20006524                key_queue
 .bss.sem       0x20006528        0x4 CMakeFiles/galvanometer.elf.dir/Tasks/user_TasksInit.c.obj
                0x20006528                sem
 .bss.message   0x2000652c        0x4 CMakeFiles/galvanometer.elf.dir/Tasks/user_TasksInit.c.obj
                0x2000652c                message
 .bss.__sf      0x20006530      0x138 D:/app/VSCode/data/STM32CubeCLT_1.22.0/GNU-tools-for-STM32/bin/../lib/gcc/arm-none-eabi/14.3.1/../../../../arm-none-eabi/lib/thumb/v7e-m+fp/hard\libg_nano.a(libc_a-findfp.o)
                0x20006530                __sf
 .bss.errno     0x20006668        0x4 D:/app/VSCode/data/STM32CubeCLT_1.22.0/GNU-tools-for-STM32/bin/../lib/gcc/arm-none-eabi/14.3.1/../../../../arm-none-eabi/lib/thumb/v7e-m+fp/hard\libg_nano.a(libc_a-reent.o)
                0x20006668                errno
 .bss.__lock___malloc_recursive_mutex
                0x2000666c        0x1 D:/app/VSCode/data/STM32CubeCLT_1.22.0/GNU-tools-for-STM32/bin/../lib/gcc/arm-none-eabi/14.3.1/../../../../arm-none-eabi/lib/thumb/v7e-m+fp/hard\libg_nano.a(libc_a-lock.o)
                0x2000666c                __lock___malloc_recursive_mutex
 *fill*         0x2000666d        0x3 
 .bss.__malloc_sbrk_start
                0x20006670        0x4 D:/app/VSCode/data/STM32CubeCLT_1.22.0/GNU-tools-for-STM32/bin/../lib/gcc/arm-none-eabi/14.3.1/../../../../arm-none-eabi/lib/thumb/v7e-m+fp/hard\libg_nano.a(libc_a-mallocr.o)
                0x20006670                __malloc_sbrk_start
 .bss.__malloc_free_list
                0x20006674        0x4 D:/app/VSCode/data/STM32CubeCLT_1.22.0/GNU-tools-for-STM32/bin/../lib/gcc/arm-none-eabi/14.3.1/../../../../arm-none-eabi/lib/thumb/v7e-m+fp/hard\libg_nano.a(libc_a-mallocr.o)
                0x20006674                __malloc_free_list
 *(COMMON)
                0x20006678                        . = ALIGN (0x4)
                0x20006678                        _ebss = .
                0x20006678                        __bss_end__ = _ebss

.heap_stack     0x20006678      0xc00 load address 0x0800afb4
                0x20006678                        . = ALIGN (0x8)
                [!provide]                        PROVIDE (end = _ebss)
                0x20006678                        PROVIDE (_end = _ebss)
                0x20006a78                        . = (. + __heap_size)
 *fill*         0x20006678      0x400 
                0x20006a78                        PROVIDE (_heap_end = .)
                0x20007278                        . = (. + __stack_size)
 *fill*         0x20006a78      0x800 
                0x20007278                        PROVIDE (_sp = .)
                0x20007278                        . = ALIGN (0x8)
START GROUP
LOAD D:/app/VSCode/data/STM32CubeCLT_1.22.0/GNU-tools-for-STM32/bin/../lib/gcc/arm-none-eabi/14.3.1/thumb/v7e-m+fp/hard\libgcc.a
LOAD D:/app/VSCode/data/STM32CubeCLT_1.22.0/GNU-tools-for-STM32/bin/../lib/gcc/arm-none-eabi/14.3.1/../../../../arm-none-eabi/lib/thumb/v7e-m+fp/hard\libc.a
LOAD D:/app/VSCode/data/STM32CubeCLT_1.22.0/GNU-tools-for-STM32/bin/../lib/gcc/arm-none-eabi/14.3.1/../../../../arm-none-eabi/lib/thumb/v7e-m+fp/hard\libm.a
LOAD D:/app/VSCode/data/STM32CubeCLT_1.22.0/GNU-tools-for-STM32/bin/../lib/gcc/arm-none-eabi/14.3.1/../../../../arm-none-eabi/lib/thumb/v7e-m+fp/hard\libnosys.a
END GROUP
OUTPUT(galvanometer.elf elf32-littlearm)
LOAD linker stubs

.debug_info     0x00000000    0x1f360
 .debug_info    0x00000000      0x115 CMakeFiles/galvanometer.elf.dir/core/main.c.obj
 .debug_info    0x00000115      0x12d CMakeFiles/galvanometer.elf.dir/core/freertos.c.obj
 .debug_info    0x00000242      0x2aa CMakeFiles/galvanometer.elf.dir/core/gd32f30x_it.c.obj
 .debug_info    0x000004ec      0xecb CMakeFiles/galvanometer.elf.dir/bsp/board.c.obj
 .debug_info    0x000013b7      0x670 CMakeFiles/galvanometer.elf.dir/bsp/bsp_lcd.c.obj
 .debug_info    0x00001a27      0x1e8 CMakeFiles/galvanometer.elf.dir/bsp/bsp_delay.c.obj
 .debug_info    0x00001c0f      0x571 CMakeFiles/galvanometer.elf.dir/bsp/bsp_ina226.c.obj
 .debug_info    0x00002180      0xc8a CMakeFiles/galvanometer.elf.dir/cdc/cdc.c.obj
 .debug_info    0x00002e0a     0x11c2 CMakeFiles/galvanometer.elf.dir/cdc/cdc_acm_core.c.obj